12-14 03:16:01.724     0     0 E batteryd: /sys/class/power_supply/usb/real_type = USB
12-14 03:16:01.836  2811  6862 I SarService: Receiver polling >>>> Change receiver mode: off
12-14 03:16:02.036  2811  6862 I SarService: Receiver polling >>>> Change receiver mode: off
12-14 03:16:02.052  2550  2661 D NetworkController.MobileSignalController(8): onSignalStrengthsChanged signalStrength=SignalStrength:{mCdma=CellSignalStrengthCdma: cdmaDbm=2147483647 cdmaEcio=2147483647 evdoDbm=2147483647 evdoEcio=2147483647 evdoSnr=2147483647 miuiLevel=0 level=0,mGsm=CellSignalStrengthGsm: rssi=2147483647 ber=2147483647 mTa=2147483647 miuiLevel=0 mLevel=0,mWcdma=CellSignalStrengthWcdma: ss=2147483647 ber=2147483647 rscp=2147483647 ecno=2147483647 miuiLevel=0 level=0,mTdscdma=CellSignalStrengthTdscdma: rssi=2147483647 ber=2147483647 rscp=2147483647 miuiLevel=0 level=0,mLte=CellSignalStrengthLte: rssi=-83 rsrp=-108 rsrq=-9 rssnr=12 cqi=2147483647 ta=2147483647 miuiLevel=3 level=3 parametersUseForLevel=0,mNr=CellSignalStrengthNr:{ csiRsrp = 2147483647 csiRsrq = 2147483647 csiSinr = 2147483647 ssRsrp = 2147483647 ssRsrq = 2147483647 ssSinr = 2147483647 miuiLevel = 0 level = 0 parametersUseForLevel = 0 },primary=CellSignalStrengthLte} level=3
12-14 03:16:02.052  2550  2661 D NetworkController.MobileSignalController(8): updateTelephonySignalStrength: hasService=true ss=SignalStrength:{mCdma=CellSignalStrengthCdma: cdmaDbm=2147483647 cdmaEcio=2147483647 evdoDbm=2147483647 evdoEcio=2147483647 evdoSnr=2147483647 miuiLevel=0 level=0,mGsm=CellSignalStrengthGsm: rssi=2147483647 ber=2147483647 mTa=2147483647 miuiLevel=0 mLevel=0,mWcdma=CellSignalStrengthWcdma: ss=2147483647 ber=2147483647 rscp=2147483647 ecno=2147483647 miuiLevel=0 level=0,mTdscdma=CellSignalStrengthTdscdma: rssi=2147483647 ber=2147483647 rscp=2147483647 miuiLevel=0 level=0,mLte=CellSignalStrengthLte: rssi=-83 rsrp=-108 rsrq=-9 rssnr=12 cqi=2147483647 ta=2147483647 miuiLevel=3 level=3 parametersUseForLevel=0,mNr=CellSignalStrengthNr:{ csiRsrp = 2147483647 csiRsrq = 2147483647 csiSinr = 2147483647 ssRsrp = 2147483647 ssRsrq = 2147483647 ssSinr = 2147483647 miuiLevel = 0 level = 0 parametersUseForLevel = 0 },primary=CellSignalStrengthLte} displayInfo=TelephonyDisplayInfo {network=LTE, override=NONE}
12-14 03:16:02.052  2550  2661 D NetworkController.MobileSignalController(8): NotQcom5G, signal level = 3
12-14 03:16:02.058  2550  2661 D NetworkController.MobileSignalController(8): notifyListeners mConfig.alwaysShowNetworkTypeIcon=false  getNetworkType:13/LTE voiceNetType=13/LTE showDataIcon=true mConfig.alwaysShowDataRatIcon=false icons.mDataType=2131232019 mConfig.showVolteIcon=false isVolteSwitchOn=false volteIcon=0 mConfig.showVowifiIcon=false
12-14 03:16:02.191  2550  2550 W KeyguardUpdateMonitor: Cancel not received, transitioning to STOPPED
12-14 03:16:02.236  2811  6862 I SarService: Receiver polling >>>> Change receiver mode: off
12-14 03:16:02.297  1863  2279 D MIUIInput: [MotionEvent] publisher action=0x4, 12893537, channel '5c9a8b3 NavigationBar0 (server)'
12-14 03:16:02.298  1863  2279 D MIUIInput: [MotionEvent] publisher action=0x0, 12893537, channel '7637645 StatusBar (server)'
12-14 03:16:02.299  2550  2550 D PanelView: cancelFlingSpring
12-14 03:16:02.299  1863  2457 W SchedBoost: SchedBoost begin: proc: 15960/17109, mode: 2 aff:null
12-14 03:16:02.300  2550  2550 D PanelView: cancelFlingSpring
12-14 03:16:02.335  2550  2550 D ControlPanelWindowManager:  mIsHeadsUp:false mIsRowPinned:false
12-14 03:16:02.338  1863  2457 W SchedBoost: SchedBoost continue: proc: 15960/17109
12-14 03:16:02.351  2550  2550 D ControlPanelWindowManager:  mIsHeadsUp:false mIsRowPinned:false
12-14 03:16:02.355  2550  2550 D StatusBar: disable<e i a s b h r c s > disable2<q i n >
12-14 03:16:02.355  1863  2176 D systemui_boost: notification panel visible=true
12-14 03:16:02.355  1863  2176 D systemui_boost: ui thread tid=2550
12-14 03:16:02.355  1863  2176 D systemui_boost: render thread tid=3018
12-14 03:16:02.355  1863  2176 D systemui_boost: ui thread old priority=-10
12-14 03:16:02.355  1863  2176 D systemui_boost: render thread old priority=-10
12-14 03:16:02.355  1863  2176 D systemui_boost: thread tid=2550, priority is set to -10
12-14 03:16:02.355  1863  2176 D systemui_boost: thread tid=3018, priority is set to -10
12-14 03:16:02.355  1863  2176 D systemui_boost: ui thread and render thread are boosted
12-14 03:16:02.356  2550  2661 D NetworkController.MobileSignalController(8): notifyListeners mConfig.alwaysShowNetworkTypeIcon=false  getNetworkType:13/LTE voiceNetType=13/LTE showDataIcon=true mConfig.alwaysShowDataRatIcon=false icons.mDataType=2131232019 mConfig.showVolteIcon=false isVolteSwitchOn=false volteIcon=0 mConfig.showVowifiIcon=false
12-14 03:16:02.357  2550  2661 D NetworkController.MobileSignalController(8): notifyListeners mConfig.alwaysShowNetworkTypeIcon=false  getNetworkType:13/LTE voiceNetType=13/LTE showDataIcon=true mConfig.alwaysShowDataRatIcon=false icons.mDataType=2131232019 mConfig.showVolteIcon=false isVolteSwitchOn=false volteIcon=0 mConfig.showVowifiIcon=false
12-14 03:16:02.359  1863  2176 D zhoumingliang: isinvrtest==false
12-14 03:16:02.386  1863  2176 D MIUIInput: [FoucsChange]: Display  0 FocusedWindow From Window{62c5f7b mode=0 rootTaskId=2648 u0 com.android.settings/com.android.settings.Settings$DevelopmentSettingsDashboardActivity}(1,0)  to null(0,0)
12-14 03:16:02.392  2550  2550 D ControlPanelWindowManager:  mIsHeadsUp:false mIsRowPinned:false
12-14 03:16:02.400  4822  6589 D TrafficManageService-TrafficSimManager: getMonthDataUsageUsed: new_get = 18042108387
12-14 03:16:02.401  2550  2550 D ControlPanelWindowManager:  mIsHeadsUp:false mIsRowPinned:false
12-14 03:16:02.402  2550  2550 D QS      : setListening true
12-14 03:16:02.402  1863  5782 D MIUIInput: [FoucsChange]: Display  0 FocusedWindow From null(0,0)  to Window{631abbf mode=0 rootTaskId=1 u0 NotificationShade}(1,1)
12-14 03:16:02.407  2550  2661 D BrightnessController: BrightnessObserver: startObserving.
12-14 03:16:02.413  2550  2661 D BrightnessController: UpdateSliderRunnable: value: 0.8973607
12-14 03:16:02.421  4822  6589 D TrafficManageService-TrafficSimManager: getMonthDataUsageUsed: return last value
12-14 03:16:02.436  2811  6862 I SarService: Receiver polling >>>> Change receiver mode: off
12-14 03:16:02.452  2550  2550 D ControlPanelWindowManager:  mIsHeadsUp:false mIsRowPinned:false
12-14 03:16:02.453  1863  2279 D MIUIInput: [MotionEvent] publisher action=0x1, 12893708, channel '7637645 StatusBar (server)'
12-14 03:16:02.453  2550  2550 D ControlPanelWindowManager:  mIsHeadsUp:false mIsRowPinned:false
12-14 03:16:02.474  2550  2550 D PanelView: flingSpring mSpringLength=116.51129, expand=true, vel=2496.657
12-14 03:16:02.498  1863  1894 W System  : A resource failed to call release. 
12-14 03:16:02.456  1863  2457 W SchedBoost: SchedBoost continue: proc: 15960/17109
12-14 03:16:02.505  1863  2176 W UriGrantsManagerService: For security reasons, the system cannot issue a Uri permission grant to content://com.miui.networkassistant.fileprovider/res/tmp.png [user 0]; use startActivityAsCaller() instead
12-14 03:16:02.500  1863  1894 I chatty  : uid=1000(system) FinalizerDaemon identical 13 lines
12-14 03:16:02.500  1863  1894 W System  : A resource failed to call release. 
12-14 03:16:02.637  2811  6862 I SarService: Receiver polling >>>> Change receiver mode: off
12-14 03:16:02.837  2811  6862 I SarService: Receiver polling >>>> Change receiver mode: off
12-14 03:16:02.848   752 18457 D audio_hw_primary: out_standby: enter: stream (0xf3e64000) usecase(1: low-latency-playback)
12-14 03:16:02.825     0     0 I         : max98927_stream_mute--- stream 0, mute 1
12-14 03:16:02.851     0     0 I         : max98927_stream_mute ------ disable max98927
12-14 03:16:02.898   752 18457 D audio_hw_primary: stop_output_stream: enter: usecase(1: low-latency-playback)
12-14 03:16:02.898   752 18457 D audio_hw_primary: disable_audio_route: reset and update mixer path: low-latency-playback
12-14 03:16:02.900   752 18457 E soundtrigger: audio_extn_sound_trigger_update_stream_status: invalid input device 0x0, for event 2
12-14 03:16:02.900   752 18457 D soundtrigger: audio_extn_sound_trigger_update_stream_status: uc_info->id 1 of type 0 for Event 2, with Raise=0
12-14 03:16:02.900   752 18457 D msm8974_platform: platform_split_snd_device: snd_device(2) num devices(0) new_snd_devices(0)
12-14 03:16:02.900   752 18457 I msm8974_platform: platform_get_custom_mtmx_params: no matching param with id 0 ip_ch 2 op_ch 2 uc_id 1 snd_dev 2
12-14 03:16:02.900   752 18457 D hardware_info: hw_info_append_hw_type : device_name = speaker
12-14 03:16:02.900   752 18457 D audio_hw_primary: disable_snd_device: snd_device(2: speaker)
12-14 03:16:02.900   752 18457 D msm8974_platform: platform_set_parameters: Set speaker clean status: off
12-14 03:16:02.900   752 18457 D audio_hw_hfp: hfp_set_parameters: enter
12-14 03:16:02.900   752 18457 E audio_hw_spkr_dsm: audio_extn_spkr_dsm_stop_processing: Entry
12-14 03:16:02.871     0     0 I         : max98927_feedforward_event---feedforward event 4
12-14 03:16:02.871     0     0 I         : max98927_feedforward_event---feedforward event 8
12-14 03:16:02.874     0     0 D msm_mi2s_snd_shutdown(): substream = subdevice #0  stream = 0
12-14 03:16:02.877     0     0 I         : max98927_stream_mute--- stream 1, mute 1
12-14 03:16:02.877     0     0 I         : max98927_stream_mute ------ disable max98927 capture
12-14 03:16:02.909   752 18457 E audio_hw_spkr_dsm: audio_extn_spkr_dsm_stop_processing: Exit
12-14 03:16:02.909   752 18457 D msm8974_platform: platform_split_snd_device: snd_device(2) num devices(0) new_snd_devices(0)
12-14 03:16:02.912   752 18457 I soundtrigger: audio_extn_sound_trigger_update_device_status: device 0x2 of type 0 for Event 0, with Raise=0
12-14 03:16:02.912   752 18457 D audio_hw_primary: out_standby: exit
12-14 03:16:02.912   752  2225 V EffectMiSound: MiSound_command() start, cmdCode=23
12-14 03:16:02.912   752  2225 V EffectMiSound: MiSound_Command EFFECT_CMD_SET_AUDIO_STANDBY, current mode = 0
12-14 03:16:02.883     0     0 D msm_mi2s_snd_shutdown(): substream = subdevice #0  stream = 1
12-14 03:16:02.914  1863  2176 I system_server: oneway function results will be dropped but finished with status OK and parcel size 4
12-14 03:16:02.884     0     0 I         : max98927_feedback_event---feedback event 4
12-14 03:16:02.884     0     0 I         : max98927_feedback_event---feedback event 8
12-14 03:16:02.887     0     0 D msm_mi2s_rx_ch_get: msm_mi2s_[0]_rx_ch  = 1
12-14 03:16:02.888     0     0 D msm_mi2s_rx_ch_put: msm_mi2s_[0]_rx_ch  = 2
12-14 03:16:03.038  2811  6862 I SarService: Receiver polling >>>> Change receiver mode: off
12-14 03:16:03.121     0     0 I IRQ 7   : no longer affine to CPU5
12-14 03:16:03.311  1863  4110 E TaskPersister: File error accessing recents directory (directory doesn't exist?).
12-14 03:16:05.976     0     0 I init    : starting service 'qccsyshalservice'...
12-14 03:16:05.651  2811  6862 I chatty  : uid=1001(radio) Thread-15 identical 13 lines
12-14 03:16:05.854  2811  6862 I SarService: Receiver polling >>>> Change receiver mode: off
12-14 03:16:06.026 20319 20319 I qccsyshalservice: Start with system binder
12-14 03:16:06.026 20319 20319 I qccsyshalservice: Registering qccsyshal service...
12-14 03:16:06.028   509   509 I hwservicemanager: getTransport: Cannot find entry vendor.qti.hardware.qccsyshal@1.0::IQccsyshal/qccsyshal in either framework or device manifest.
12-14 03:16:06.029 20319 20319 E HidlServiceManagement: Service vendor.qti.hardware.qccsyshal@1.0::IQccsyshal/qccsyshal must be in VINTF manifest in order to register/get.
12-14 03:16:06.029 20319 20319 E qccsyshalservice: [ERROR] registerAsService() failed with status: -2147483648
12-14 03:16:06.009     0     0 I init    : Service 'qccsyshalservice' (pid 20319) exited with status 1
12-14 03:16:06.009     0     0 I init    : Sending signal 9 to service 'qccsyshalservice' (pid 20319) process group...
12-14 03:16:06.010     0     0 I libprocessgroup: Successfully killed process cgroup uid 1000 pid 20319 in 0ms
12-14 03:16:06.055  2811  6862 I SarService: Receiver polling >>>> Change receiver mode: off
12-14 03:16:06.483     0     0 I addr=4842 mask: 01 val: 01
12-14 03:16:06.483     0     0 I         : length 2 addr=48c6
12-14 03:16:06.483     0     0 I val[0]  : 7c
12-14 03:16:06.483     0     0 I val[1]  : fc
12-14 03:16:06.483     0     0 I addr=4842 mask: 01 val: 00
12-14 03:16:06.483     0     0 I         : length 2 addr=48c0
12-14 03:16:06.483     0     0 I val[0]  : a9
12-14 03:16:06.483     0     0 I val[1]  : 4e
12-14 03:16:06.483     0     0 I         : length 2 addr=48c0
12-14 03:16:06.483     0     0 I val[0]  : a9
12-14 03:16:06.483     0     0 I val[1]  : 4e
12-14 03:16:06.483     0     0 E QG_WS   : TTF_AWAKE_VOTER,6 same vote off of val=0
12-14 03:16:06.483     0     0 E QG_WS   : TTF_AWAKE_VOTER,6 Ignoring similar vote off of val=0
12-14 03:16:06.457  2811  6862 I chatty  : uid=1001(radio) Thread-15 identical 2 lines
12-14 03:16:06.659  2811  6862 I SarService: Receiver polling >>>> Change receiver mode: off
12-14 03:16:06.817  2702  2728 W elephonyservic: Reducing the number of considered missed Gc histogram windows from 110 to 100
12-14 03:16:06.859  2811  6862 I SarService: Receiver polling >>>> Change receiver mode: off
12-14 03:16:07.060  2811  6862 I chatty  : uid=1001(radio) Thread-15 identical 1 line
12-14 03:16:07.261  2811  6862 I SarService: Receiver polling >>>> Change receiver mode: off
12-14 03:16:07.459  1863  2457 D SchedBoost: thread tid=15960, priority is set to -10
12-14 03:16:07.460  1863  2457 W SchedBoost: has reset SchedAffinity ui thread: 15960
12-14 03:16:07.461  1863  2457 D SchedBoost: thread tid=17109, priority is set to -10
12-14 03:16:07.461  1863  2457 W SchedBoost: has reset SchedAffinity render thread: 17109
12-14 03:16:07.461  1863  2457 W SchedBoost: SchedBoost end: proc: 15960/17109 5159 aff:[0, 1, 2, 3, 4, 5, 6, 7]
12-14 03:16:07.463  2811  6862 I SarService: Receiver polling >>>> Change receiver mode: off
12-14 03:16:07.664  2811  6862 I SarService: Receiver polling >>>> Change receiver mode: off
12-14 03:16:07.827  2550  2661 D NetworkController.MobileSignalController(8): onDataActivity: direction=2
12-14 03:16:07.829  2550  2661 D NetworkController.MobileSignalController(8): notifyListeners mConfig.alwaysShowNetworkTypeIcon=false  getNetworkType:13/LTE voiceNetType=13/LTE showDataIcon=true mConfig.alwaysShowDataRatIcon=false icons.mDataType=2131232019 mConfig.showVolteIcon=false isVolteSwitchOn=false volteIcon=0 mConfig.showVowifiIcon=false
12-14 03:16:07.865  2811  6862 I SarService: Receiver polling >>>> Change receiver mode: off
12-14 03:16:08.470  2811  6862 I chatty  : uid=1001(radio) Thread-15 identical 3 lines
12-14 03:16:08.670  2811  6862 I SarService: Receiver polling >>>> Change receiver mode: off
12-14 03:16:08.802  2550  2661 D NetworkController.MobileSignalController(8): onSignalStrengthsChanged signalStrength=SignalStrength:{mCdma=CellSignalStrengthCdma: cdmaDbm=2147483647 cdmaEcio=2147483647 evdoDbm=2147483647 evdoEcio=2147483647 evdoSnr=2147483647 miuiLevel=0 level=0,mGsm=CellSignalStrengthGsm: rssi=2147483647 ber=2147483647 mTa=2147483647 miuiLevel=0 mLevel=0,mWcdma=CellSignalStrengthWcdma: ss=2147483647 ber=2147483647 rscp=2147483647 ecno=2147483647 miuiLevel=0 level=0,mTdscdma=CellSignalStrengthTdscdma: rssi=2147483647 ber=2147483647 rscp=2147483647 miuiLevel=0 level=0,mLte=CellSignalStrengthLte: rssi=-81 rsrp=-106 rsrq=-8 rssnr=13 cqi=2147483647 ta=2147483647 miuiLevel=3 level=3 parametersUseForLevel=0,mNr=CellSignalStrengthNr:{ csiRsrp = 2147483647 csiRsrq = 2147483647 csiSinr = 2147483647 ssRsrp = 2147483647 ssRsrq = 2147483647 ssSinr = 2147483647 miuiLevel = 0 level = 0 parametersUseForLevel = 0 },primary=CellSignalStrengthLte} level=3
12-14 03:16:08.803  2550  2661 D NetworkController.MobileSignalController(8): updateTelephonySignalStrength: hasService=true ss=SignalStrength:{mCdma=CellSignalStrengthCdma: cdmaDbm=2147483647 cdmaEcio=2147483647 evdoDbm=2147483647 evdoEcio=2147483647 evdoSnr=2147483647 miuiLevel=0 level=0,mGsm=CellSignalStrengthGsm: rssi=2147483647 ber=2147483647 mTa=2147483647 miuiLevel=0 mLevel=0,mWcdma=CellSignalStrengthWcdma: ss=2147483647 ber=2147483647 rscp=2147483647 ecno=2147483647 miuiLevel=0 level=0,mTdscdma=CellSignalStrengthTdscdma: rssi=2147483647 ber=2147483647 rscp=2147483647 miuiLevel=0 level=0,mLte=CellSignalStrengthLte: rssi=-81 rsrp=-106 rsrq=-8 rssnr=13 cqi=2147483647 ta=2147483647 miuiLevel=3 level=3 parametersUseForLevel=0,mNr=CellSignalStrengthNr:{ csiRsrp = 2147483647 csiRsrq = 2147483647 csiSinr = 2147483647 ssRsrp = 2147483647 ssRsrq = 2147483647 ssSinr = 2147483647 miuiLevel = 0 level = 0 parametersUseForLevel = 0 },primary=CellSignalStrengthLte} displayInfo=TelephonyDisplayInfo {network=LTE, override=NONE}
12-14 03:16:08.803  2550  2661 D NetworkController.MobileSignalController(8): NotQcom5G, signal level = 3
12-14 03:16:08.833  2550  2661 D NetworkController.MobileSignalController(8): onDataActivity: direction=1
12-14 03:16:08.835  2550  2661 D NetworkController.MobileSignalController(8): notifyListeners mConfig.alwaysShowNetworkTypeIcon=false  getNetworkType:13/LTE voiceNetType=13/LTE showDataIcon=true mConfig.alwaysShowDataRatIcon=false icons.mDataType=2131232019 mConfig.showVolteIcon=false isVolteSwitchOn=false volteIcon=0 mConfig.showVowifiIcon=false
12-14 03:16:08.872  2811  6862 I SarService: Receiver polling >>>> Change receiver mode: off
