12-14 03:15:59.190  2550  2550 D KeyguardViewMediator: tryKeyguardDone: pending - false, animRan - false animRunning - false
12-14 03:15:59.190  2550  2550 D KeyguardViewMediator: tryKeyguardDone: starting pre-hide animation
12-14 03:15:59.190  2550  2550 E KeyguardViewMediator: mHideAnimationFinishedRunnable#run: mHideAnimationRun - true
12-14 03:15:59.190  2550  2550 D KeyguardViewMediator: tryKeyguardDone: pending - false, animRan - true animRunning - false
12-14 03:15:59.190  2550  2550 D KeyguardViewMediator: handleKeyguardDone
12-14 03:15:59.190  2550  2550 D KeyguardViewMediator: handleHide
12-14 03:15:59.190  2550  2550 I KeyguardViewMediator: keyguardGoingAway
12-14 03:15:59.191  2550  2550 D KeyguardUpdateMonitor: fingerprintRunningState: 2
12-14 03:15:59.191  2550  2550 D BiometricUnlockCtrl: onBiometricRunningStateChanged running=false
12-14 03:15:59.191  2550  2550 D MiuiFaceManager: inernational:true supportR:[ALL] nowR:ES
12-14 03:15:59.197  1863  2155 I DisplayPowerController: Blocking screen on until initial contents have been drawn.
12-14 03:15:59.195  2550  2550 I chatty  : uid=1000(system) com.android.systemui identical 2 lines
12-14 03:15:59.195  2550  2550 D MiuiFaceManager: inernational:true supportR:[ALL] nowR:ES
12-14 03:15:59.203  1863  2424 D CompatibilityInfo: mCompatibilityFlags - 0
12-14 03:15:59.203  1863  2424 D CompatibilityInfo: applicationDensity - 440
12-14 03:15:59.203  1863  2424 D CompatibilityInfo: applicationScale - 1.0
12-14 03:15:59.204  1863  2155 I WindowManager: Screen turning on...
12-14 03:15:59.204  2550  2903 D MiuiFaceManager: inernational:true supportR:[ALL] nowR:ES
12-14 03:15:59.205  2550  2550 W miui_keyguard: unlock keyguard by fp
12-14 03:15:59.205  1863  2424 W DisplayManagerService: Arvind :configureDisplayLocked info state  1
12-14 03:15:59.204  2550  2903 D MiuiFaceManager: inernational:true supportR:[ALL] nowR:ES
12-14 03:15:59.208  1326  1421 D fpc_tac : fpc_write_db_blob_to_file Successfully wrote template database /data/vendor/fpc/user.db
12-14 03:15:59.213   588   594 E android.system.suspend@1.0-service: Error opening kernel wakelock stats for: wakeup4: Permission denied
12-14 03:15:59.213   588   594 E android.system.suspend@1.0-service: Error opening kernel wakelock stats for: wakeup38: Permission denied
12-14 03:15:59.214   588   594 E android.system.suspend@1.0-service: Error opening kernel wakelock stats for: wakeup28: Permission denied
12-14 03:15:59.214   588   594 E android.system.suspend@1.0-service: Error opening kernel wakelock stats for: wakeup18: Permission denied
12-14 03:15:59.214   588   594 E android.system.suspend@1.0-service: Error opening kernel wakelock stats for: wakeup46: Permission denied
12-14 03:15:59.214   588   594 E android.system.suspend@1.0-service: Error opening kernel wakelock stats for: wakeup2: Permission denied
12-14 03:15:59.214   588   594 E android.system.suspend@1.0-service: Error opening kernel wakelock stats for: wakeup74: Permission denied
12-14 03:15:59.215   588   594 E android.system.suspend@1.0-service: Error opening kernel wakelock stats for: wakeup26: Permission denied
12-14 03:15:59.194   588   588 W Binder:588_2: type=1400 audit(0.0:73806): avc: denied { read } for name="wakeup4" dev="sysfs" ino=40066 scontext=u:r:system_suspend:s0 tcontext=u:object_r:sysfs:s0 tclass=dir permissive=0
12-14 03:15:59.204   588   588 W Binder:588_2: type=1400 audit(0.0:73807): avc: denied { read } for name="wakeup38" dev="sysfs" ino=55611 scontext=u:r:system_suspend:s0 tcontext=u:object_r:sysfs:s0 tclass=dir permissive=0
12-14 03:15:59.204   588   588 W Binder:588_2: type=1400 audit(0.0:73808): avc: denied { read } for name="wakeup28" dev="sysfs" ino=52187 scontext=u:r:system_suspend:s0 tcontext=u:object_r:sysfs:s0 tclass=dir permissive=0
12-14 03:15:59.204   588   588 W Binder:588_2: type=1400 audit(0.0:73809): avc: denied { read } for name="wakeup18" dev="sysfs" ino=49285 scontext=u:r:system_suspend:s0 tcontext=u:object_r:sysfs:s0 tclass=dir permissive=0
12-14 03:15:59.204   588   588 W Binder:588_2: type=1400 audit(0.0:73810): avc: denied { read } for name="wakeup46" dev="sysfs" ino=59755 scontext=u:r:system_suspend:s0 tcontext=u:object_r:sysfs:s0 tclass=dir permissive=0
12-14 03:15:59.204   588   588 W Binder:588_2: type=1400 audit(0.0:73811): avc: denied { read } for name="wakeup2" dev="sysfs" ino=36126 scontext=u:r:system_suspend:s0 tcontext=u:object_r:sysfs:s0 tclass=dir permissive=0
12-14 03:15:59.204   588   588 W Binder:588_2: type=1400 audit(0.0:73812): avc: denied { read } for name="wakeup74" dev="sysfs" ino=68471 scontext=u:r:system_suspend:s0 tcontext=u:object_r:sysfs:s0 tclass=dir permissive=0
12-14 03:15:59.204   588   588 W Binder:588_2: type=1400 audit(0.0:73813): avc: denied { read } for name="wakeup26" dev="sysfs" ino=52103 scontext=u:r:system_suspend:s0 tcontext=u:object_r:sysfs:s0 tclass=dir permissive=0
12-14 03:15:59.216   588   594 E android.system.suspend@1.0-service: Error opening kernel wakelock stats for: wakeup24: Permission denied
12-14 03:15:59.217   588   594 E android.system.suspend@1.0-service: Error opening kernel wakelock stats for: wakeup32: Permission denied
12-14 03:15:59.218   588   594 E android.system.suspend@1.0-service: Error opening kernel wakelock stats for: wakeup22: Permission denied
12-14 03:15:59.218   588   594 E android.system.suspend@1.0-service: Error opening kernel wakelock stats for: wakeup7: Permission denied
12-14 03:15:59.219   588   594 E android.system.suspend@1.0-service: Error opening kernel wakelock stats for: wakeup30: Permission denied
12-14 03:15:59.219  1326  1421 D fpc_tac : fpc_write_db_blob_to_file Successfully wrote template database /data/vendor/fpc/user.db.bak
12-14 03:15:59.219   588   594 E android.system.suspend@1.0-service: Error opening kernel wakelock stats for: wakeup20: Permission denied
12-14 03:15:59.219   588   594 E android.system.suspend@1.0-service: Error opening kernel wakelock stats for: wakeup39: Permission denied
12-14 03:15:59.220   588   594 E android.system.suspend@1.0-service: Error opening kernel wakelock stats for: wakeup29: Permission denied
12-14 03:15:59.220   588   594 E android.system.suspend@1.0-service: Error opening kernel wakelock stats for: wakeup19: Permission denied
12-14 03:15:59.220   588   594 E android.system.suspend@1.0-service: Error opening kernel wakelock stats for: wakeup3: Permission denied
12-14 03:15:59.220   588   594 E android.system.suspend@1.0-service: Error opening kernel wakelock stats for: wakeup75: Permission denied
12-14 03:15:59.221   588   594 E android.system.suspend@1.0-service: Error opening kernel wakelock stats for: wakeup27: Permission denied
12-14 03:15:59.221   588   594 E android.system.suspend@1.0-service: Error opening kernel wakelock stats for: wakeup17: Permission denied
12-14 03:15:59.222   588   594 E android.system.suspend@1.0-service: Error opening kernel wakelock stats for: wakeup25: Permission denied
12-14 03:15:59.222   588   594 E android.system.suspend@1.0-service: Error opening kernel wakelock stats for: wakeup15: Permission denied
12-14 03:15:59.222   588   594 E android.system.suspend@1.0-service: Error opening kernel wakelock stats for: wakeup43: Permission denied
12-14 03:15:59.223  1326  1421 D fpc_fingerprint_hal: do_authenticate persist.vendor.fpc.dump_data or ro.boot.dp not ready!
12-14 03:15:59.223  1326  1421 D fpc_tac : fpc_perf_lock_release: Success to release perf lock  5997
12-14 03:15:59.223  1326  1421 D fpc_fingerprint_hal: fpc_navigation_resume
12-14 03:15:59.193     0     0 W audit   : audit_lost=65617 audit_rate_limit=5 audit_backlog_limit=64
12-14 03:15:59.223  1326  1421 D fpc_fingerprint_hal: fpc_worker_run_task
12-14 03:15:59.223  1326  1422 D fpc_fingerprint_hal: nav_loop
12-14 03:15:59.193     0     0 E audit   : rate limit exceeded
12-14 03:15:59.223   588   594 E android.system.suspend@1.0-service: Error opening kernel wakelock stats for: wakeup23: Permission denied
12-14 03:15:59.224   588   594 E android.system.suspend@1.0-service: Error opening kernel wakelock stats for: wakeup41: Permission denied
12-14 03:15:59.224  1863  2424 I Timeline: Timeline: App_transition_ready time:12890480
12-14 03:15:59.224   588   594 E android.system.suspend@1.0-service: Error opening kernel wakelock stats for: wakeup31: Permission denied
12-14 03:15:59.224   588   594 E android.system.suspend@1.0-service: Error opening kernel wakelock stats for: wakeup21: Permission denied
12-14 03:15:59.224  1863  2424 I Timeline: Timeline: App_transition_stopped time:12890480
12-14 03:15:59.224   588   594 E android.system.suspend@1.0-service: Error opening kernel wakelock stats for: wakeup6: Permission denied
12-14 03:15:59.228  2550  4000 I KeyguardViewMediator: call fw keyguardGoingAway: flags = 8
12-14 03:15:59.229  2811  6862 I SarService: Receiver polling >>>> Change receiver mode: off
12-14 03:15:59.231  2550  2550 D KeyguardViewMediator: handleNotifyWakingUp
12-14 03:15:59.231  2550  2550 D KeyguardViewMediator: handleStartKeyguardExitAnimation startTime=12890449 fadeoutDuration=0
12-14 03:15:59.233  2550  2550 D LockScreenMagazineClient: hideOverlay animate=true;mOverlay=null
12-14 03:15:59.233   507   507 D lowmemorykiller: medium pressure event triggered
12-14 03:15:59.234  2550  2550 D StatusBar: disable<e i a s B H r c s > disable2<q i n >
12-14 03:15:59.234  2550  2903 I KeyguardSensorInjector: unregister pickup sensor
12-14 03:15:59.234   507   507 D lowmemorykiller: Not killing for medium pressure event trigger
12-14 03:15:59.234  2550  2550 D KeyguardViewMediator: adjustStatusBarLocked: mShowing=false mOccluded=false isSecure=true force=false --> flags=0x0
12-14 03:15:59.235  1863  2424 E AudioService.PlaybackActivityMonitor: setPlayerVolume skip system uid=1000
12-14 03:15:59.236  2550  2550 D StatusBar: updateQsExpansionEnabled - QS Expand enabled: true
12-14 03:15:59.237  2550  7325 D KeyguardViewMediator: notifyScreenOn
12-14 03:15:59.242   779   779 I QTI PowerHAL: Power setMode: 7 to: 1
12-14 03:15:59.242  2550  3059 D ScreenDecorations: updateOrientation: false
12-14 03:15:59.242   826   826 D SurfaceFlinger: Setting power mode 2 on display 19260487698585473
12-14 03:15:59.242  1863  2348 I MiuiNetworkPolicy: updateUidState uid = 10095, uidState = 3
12-14 03:15:59.242  1863  2348 I MiuiNetworkPolicy: updateUidState uid = 10029, uidState = 3
12-14 03:15:59.244  2838  2838 W Launcher: onDisplayChanged: newRotation=0, mCurrentRotation=0
12-14 03:15:59.244  5871  6227 I BtGatt.ScanManager: msg.what = 6
12-14 03:15:59.246   772   962 I SDM     : DisplayBase::SetDisplayState: Set state = 1, display 28-0, teardown = 0
12-14 03:15:59.224     0     0 W [FTS_TS/I]fb_notifier_callback: FB event:2,blank:0
12-14 03:15:59.246   779   779 I QTI PowerHAL: Got set_interactive hint
12-14 03:15:59.248  5871  6227 I BtGatt.ScanManager: msg.what = 8
12-14 03:15:59.248   783   783 I sensors-hal: batch:242, android.sensor.light/51, period=500000000, max_latency=0
12-14 03:15:59.248   783   783 I sensors-hal: set_config:63, sample_period_ns is adjusted to 0 based on min/max delay_ns
12-14 03:15:59.248   783   783 I sensors-hal: batch:251, android.sensor.light/51, period=500000000, max_latency=0 request completed
12-14 03:15:59.249   772   962 I SDM     : StrategyImpl::SetIdleTimeoutMs: Idle timeout: active = 1200, inactive = 520
12-14 03:15:59.249   783   783 I sensors-hal: activate:209, android.sensor.light/51 en=1
12-14 03:15:59.250   826   826 D SurfaceFlinger: FOD postPowerModeFOD 2
12-14 03:15:59.250   826   826 D SurfaceFlinger: getHBMOverlayAlpha backlight=1837, mFodSystemBacklight=1837, mBrightnessBackup=1837
12-14 03:15:59.250   826   826 D SurfaceFlinger: brightness=1837; alpha=0.183228 mode=2, doze_state:0
12-14 03:15:59.250   826   826 D SurfaceFlinger: Finished setting power mode 2 on display 19260487698585473
12-14 03:15:59.251   783   783 I sensors-hal: get_qmi_debug_flag:241, support_qmi_debug : false
12-14 03:15:59.251  1863  2462 D DisplayFeatureControl: GUOQ setFeature value = 2 mode = 0 mode_status = 9
12-14 03:15:59.251  1863  2462 D DisplayFeatureControl: setPropValue pcc = 31  name = persist.sys.eyeshield_invert_old_mode_prop   value = 0
12-14 03:15:59.255  1863  2535 W ActivityManager: Background start not allowed: service Intent { act=miui.intent.action.MEMORY_OPTIMIZATION_INIT pkg=com.android.htmlviewer (has extras) } to com.android.htmlviewer/com.android.settings.services.MemoryOptimizationService from pid=15960 uid=1000 pkg=com.android.settings startFg?=false
12-14 03:15:59.255  2550  2550 D PanelView: setKeyguardBottomAreaVisibility statusBarState=0 goingToFullShade=false
12-14 03:15:59.256  2550  2550 D MiuiFaceManager: inernational:true supportR:[ALL] nowR:ES
12-14 03:15:59.256  2550  2550 I chatty  : uid=1000(system) com.android.systemui identical 2 lines
12-14 03:15:59.257  2550  2550 D MiuiFaceManager: inernational:true supportR:[ALL] nowR:ES
12-14 03:15:59.257  1863  2535 D CompatibilityInfo: mCompatibilityFlags - 0
12-14 03:15:59.257  1863  2535 D CompatibilityInfo: applicationDensity - 440
12-14 03:15:59.257  1863  2535 D CompatibilityInfo: applicationScale - 1.0
12-14 03:15:59.261 20090 20090 D MemoryOptimizationService: onCreate memoryHandler -> [Handler (com.android.settings.services.MemoryOptimizationService$MemoryHandler) {2bb5eae}]
12-14 03:15:59.261  5871  6227 I BtGatt.ScanManager: msg.what = 4
12-14 03:15:59.262  1863  2355 E WifiClientModeImpl: getWifiLinkLayerStats called without an interface
12-14 03:15:59.224     0     0 W [FTS_TS/I]fb_notifier_callback: resume: event = 2, not care
12-14 03:15:59.224     0     0 W         : thermal_notifier_callback 3570
12-14 03:15:59.224     0     0 I thermal_notifier lct_backlight_off: 0
12-14 03:15:59.224     0     0 I         : smblib_set_prop_system_temp_level val=0, chg->system_temp_level=0, LctThermal=1, lct_backlight_off= 0, IsInCall=0
12-14 03:15:59.224     0     0 I msm-dsi-panel: [dsi_panel_set_backlight:783] backlight type:2 lvl:0
12-14 03:15:59.224     0     0 E msm-dsi-panel: [dsi_panel_update_backlight_externel:761] backlight level :0
12-14 03:15:59.224     0     0 I         : [brightness]sgm_brightness_set brightness = 0
12-14 03:15:59.225     0     0 W [FTS_TS/I]fb_notifier_callback: FB event:1,blank:0
12-14 03:15:59.226     0     0 W         : thermal_notifier_callback 3570
12-14 03:15:59.234     0     0 W [FTS_TS/I]fts_wait_tp_to_valid: TP Ready, Device ID = 0x87
12-14 03:15:59.264  2550  2550 D KeyguardUpdateMonitor: onKeyguardVisibilityChanged(false)
12-14 03:15:59.265  2550  2550 D MiuiFaceManager: inernational:true supportR:[ALL] nowR:ES
12-14 03:15:59.265  2550  2550 I chatty  : uid=1000(system) com.android.systemui identical 2 lines
12-14 03:15:59.265  2550  2550 D MiuiFaceManager: inernational:true supportR:[ALL] nowR:ES
12-14 03:15:59.267   783   783 I sensors-hal: activate:220, android.sensor.light/51 en=1 completed
12-14 03:15:59.268  2550  2550 D KeyguardViewMediator: keyguardGone
12-14 03:15:59.269  2550  2550 V KeyguardDisplayManager: hide
12-14 03:15:59.271  2550  2550 D KeyguardViewMediator: adjustStatusBarLocked: mShowing=false mOccluded=false isSecure=true force=false --> flags=0x0
12-14 03:15:59.271  2550  2896 D KeyguardViewMediator: updateActivityLockScreenState(false, false)
12-14 03:15:59.271  2502  2519 D MiuiKeyguardWallpaperRemoteService: onKeyguardShowingChanged  showing = false
12-14 03:15:59.272  1863  4347 I system_server: oneway function results will be dropped but finished with status OK and parcel size 4
12-14 03:15:59.272  2502  2502 D MiuiKeyguardPictorialWallpaper: onKeyguardShowingChanged: 
12-14 03:15:59.272  1863  4347 I system_server: oneway function results will be dropped but finished with status OK and parcel size 4
12-14 03:15:59.272   783 20226 I sensors-hal: ssc_conn_resp_cb:661, resp_value = 0
12-14 03:15:59.273   822   822 E AudioFlinger: open /proc/2550/cmdline error
12-14 03:15:59.273   822   822 I AudioFlinger: setAppName(), name=[], active=[1]
12-14 03:15:59.273   752 18457 V EffectMiSound: MiSound_command() start, cmdCode=24
12-14 03:15:59.274   752 18457 V EffectMiSound: MiSound_Command EFFECT_CMD_SET_APP_NAME: stream=1, name=+
12-14 03:15:59.277  1863  4347 I system_server: oneway function results will be dropped but finished with status OK and parcel size 4
12-14 03:15:59.277   752  2426 D audio_hw_primary: start_output_stream: enter: stream(0xf3e64000)usecase(1: low-latency-playback) devices(0x2) is_haptic_usecase(0)
12-14 03:15:59.278   752  2426 D audio_hw_primary: select_devices for use case (low-latency-playback)
12-14 03:15:59.278   752  2426 I msm8974_platform: platform_check_and_set_codec_backend_cfg:becf: afe: bitwidth 24, samplerate 48000 channels 2, backend_idx 0 usecase = 1 device (speaker)
12-14 03:15:59.278   752  2426 D msm8974_platform: platform_split_snd_device: snd_device(2) num devices(1) new_snd_devices(0)
12-14 03:15:59.278   752  2426 I msm8974_platform: platform_check_and_set_codec_backend_cfg: new_snd_devices[0] is 2
12-14 03:15:59.279  1863  2462 D DisplayFeatureControl: getPropValue pcc = 132  name = sys.white.x.value   pccString = 132
12-14 03:15:59.279  1863  2462 D DisplayFeatureControl: getPropValue pcc = 137  name = sys.white.y.value   pccString = 137
12-14 03:15:59.279  1863  2462 D DisplayFeatureControl: gxy  setPCCConfigMode:	x = 132 , y = 137 ,mode = 0
12-14 03:15:59.279  1863  2462 D RefBase : RefBase: Explicit destruction, weak count = 0 (in 0x7b772a2fb0)
12-14 03:15:59.279  1863  2462 W RefBase : CallStack::getCurrentInternal not linked, returning null
12-14 03:15:59.279  1863  2462 W RefBase : CallStack::logStackInternal not linked
12-14 03:15:59.279  1863  2462 D DisplayFeatureControl: gxy  setPCCConfigMode:	whitep_rgbCoeff[0] = 0.983461 
12-14 03:15:59.279  1863  2462 D DisplayFeatureControl: gxy  setPCCConfigMode:	whitep_rgbCoeff[1] = 0.968464 
12-14 03:15:59.279  1863  2462 D DisplayFeatureControl: gxy  setPCCConfigMode:	whitep_rgbCoeff[2] = 1.000000 
12-14 03:15:59.279  1863  2462 D DisplayFeatureControl: gxy  setPCCConfigMode:	rgbCoeff[0] = 1.000000 
12-14 03:15:59.279   752  2426 D msm8974_platform: platform_reset_headphones_backend_cfg set headphones to S16_LE when select headphones, snd_device 2 
12-14 03:15:59.279  1863  2462 D DisplayFeatureControl: gxy  setPCCConfigMode:	rgbCoeff[1] = 1.000000 
12-14 03:15:59.279  1863  2462 D DisplayFeatureControl: gxy  setPCCConfigMode:	rgbCoeff[2] = 1.000000 
12-14 03:15:59.279  1863  2462 D DisplayFeatureControl: gxy  setPCCConfigMode:	eyeCareCoeff[0] = 1.000000 
12-14 03:15:59.279  1863  2462 D DisplayFeatureControl: gxy  setPCCConfigMode:	eyeCareCoeff[1] = 0.870210 
12-14 03:15:59.279  1863  2462 D DisplayFeatureControl: gxy  setPCCConfigMode:	eyeCareCoeff[2] = 0.643097 
12-14 03:15:59.279  1863  2462 D DisplayFeatureControl: gxy  setPCCConfigMode:	tmp_rgbCoeff[0] = 1.000000 
12-14 03:15:59.279  1863  2462 D DisplayFeatureControl: gxy  setPCCConfigMode:	tmp_rgbCoeff[1] = 0.856940 
12-14 03:15:59.279  1863  2462 D DisplayFeatureControl: gxy  setPCCConfigMode:	tmp_rgbCoeff[2] = 0.653912 
12-14 03:15:59.279  1863  2462 D DisplayFeatureControl: gxy  setPCCConfigMode:	pcc_cfg.flags = 0 
12-14 03:15:59.279  1863  2462 D DisplayFeatureControl: gxy  setPCCConfigMode:	pcc_cfg.r = 0.000000 1.000000 0.000000 0.000000 0.000000 0.000000 0.000000 0.000000 0.000000 0.000000 0.000000
12-14 03:15:59.279  1863  2462 D DisplayFeatureControl: gxy  setPCCConfigMode:	pcc_cfg.g = 0.000000 0.000000 0.856940 0.000000 0.000000 0.000000 0.000000 0.000000 0.000000 0.000000 0.000000
12-14 03:15:59.279  1863  2462 D DisplayFeatureControl: gxy  setPCCConfigMode:	pcc_cfg.b = 0.000000 0.000000 0.000000 0.653912 0.000000 0.000000 0.000000 0.000000 0.000000 0.000000 0.000000
12-14 03:15:59.280   752  2426 I msm8974_platform: platform_check_codec_backend_cfg:becf: afe: bitwidth 24, samplerate 48000 channels 2, backend_idx 0 usecase = 1 device (speaker)
12-14 03:15:59.257     0     0 D cdc_dma_rx_format_put: cdc_dma_rx_format = 2, ucontrol value = 0
12-14 03:15:59.284   752  2426 D audio_hw_extn: audio_extn_enable_hifi_filter: mixer_value set 0
12-14 03:15:59.284   752  2426 D msm8974_platform: platform_check_codec_backend_cfg:becf: updated afe: bitwidth 24, samplerate 48000 channels 2,backend_idx 0 usecase = 1 device (speaker)
12-14 03:15:59.284   752  2426 D msm8974_platform: platform_check_codec_backend_cfg:becf: afe: playback on codec device not supporting native playback set default Sample Rate(48k)
12-14 03:15:59.284   752  2426 I msm8974_platform: platform_check_codec_backend_cfg:becf: afe: Codec selected backend: 0 updated bit width: 24 and sample rate: 48000
12-14 03:15:59.284   752  2426 D audio_hw_primary: check_usecases_codec_backend:becf: force routing 0
12-14 03:15:59.284   752  2426 E msm8974_platform: platform_check_backends_match: Invalid snd_device = 
12-14 03:15:59.284   752  2426 D audio_hw_primary: check_usecases_codec_backend:becf: (78) check_usecases curr device: speaker, usecase device: backends match 0
12-14 03:15:59.284   752  2426 D audio_hw_primary: check_usecases_codec_backend:becf: check_usecases num.of Usecases to switch 0
12-14 03:15:59.284   752  2426 D hardware_info: hw_info_append_hw_type : device_name = speaker
12-14 03:15:59.284   752  2426 D audio_hw_spkr_dsm: audio_extn_spkr_dsm_start_processing: Entry
12-14 03:15:59.284   752  2426 D audio_hw_spkr_dsm: audio_extn_spkr_dsm_start_processing: start
12-14 03:15:59.284   752  2426 D msm8974_platform: platform_split_snd_device: snd_device(230) num devices(1) new_snd_devices(0)
12-14 03:15:59.284   752  2426 D msm8974_platform: Resetting app type for Tx path to default
12-14 03:15:59.284   752  2426 D ACDB-LOADER: ACDB -> send_audio_cal, acdb_id = 102, path = 1, app id = 0x11132, sample rate = 8000, afe_sample_rate = 8000
12-14 03:15:59.284   752  2426 D ACDB-LOADER: ACDB -> send_asm_topology
12-14 03:15:59.284   752  2426 D ACDB-LOADER: ACDB -> ACDB_CMD_GET_AUDPROC_STREAM_TOPOLOGY_ID
12-14 03:15:59.284   752  2426 D ACDB-LOADER: ACDB -> send_adm_topology
12-14 03:15:59.284   752  2426 D ACDB-LOADER: ACDB -> ACDB_CMD_GET_AUDPROC_COMMON_TOPOLOGY_ID
12-14 03:15:59.284   752  2426 D ACDB-LOADER: ACDB -> send_audtable
12-14 03:15:59.284   752  2426 D ACDB-LOADER: ACDB -> ACDB_CMD_GET_AUDPROC_INSTANCE_COMMON_TABLE_SIZE
12-14 03:15:59.284   752  2426 D ACDB-LOADER: ACDB -> ACDB_CMD_GET_AUDPROC_INSTANCE_COMMON_TABLE
12-14 03:15:59.284   752  2426 D ACDB-LOADER: ACDB -> AUDIO_SET_AUDPROC_CAL cal_type[11] acdb_id[102] app_type[69938]
12-14 03:15:59.284   752  2426 D ACDB-LOADER: ACDB -> ACDB_CMD_GET_AUDPROC_INSTANCE_STREAM_TABLE_SIZE
12-14 03:15:59.285   752  2426 D ACDB-LOADER: ACDB -> send_audstrmtable
12-14 03:15:59.285   752  2426 D ACDB-LOADER: ACDB -> ACDB_CMD_GET_AUDPROC_INSTANCE_STREAM_TABLE
12-14 03:15:59.285   752  2426 D ACDB-LOADER: ACDB -> audstrm_cal->cal_type.cal_data.cal_size = 20
12-14 03:15:59.285   752  2426 D ACDB-LOADER: ACDB -> send_afe_topology
12-14 03:15:59.285   752  2426 D ACDB-LOADER: ACDB -> ACDB_CMD_GET_AFE_TOPOLOGY_ID
12-14 03:15:59.285   752  2426 D ACDB-LOADER: ACDB -> GET_AFE_TOPOLOGY_ID for adcd_id 102, Topology Id 10001060
12-14 03:15:59.285   752  2426 D ACDB-LOADER: ACDB -> send_afe_cal
12-14 03:15:59.285   752  2426 D ACDB-LOADER: ACDB -> ACDB_CMD_GET_AFE_INSTANCE_COMMON_TABLE_SIZE
12-14 03:15:59.285   752  2426 D ACDB-LOADER: ACDB -> ACDB_CMD_GET_AFE_INSTANCE_COMMON_TABLE
12-14 03:15:59.285   752  2426 D ACDB-LOADER: ACDB -> AUDIO_SET_AFE_CAL cal_type[17] acdb_id[102]
12-14 03:15:59.285   752  2426 D ACDB-LOADER: ACDB -> send_hw_delay : acdb_id = 102 path = 1
12-14 03:15:59.285   752  2426 D ACDB-LOADER: ACDB -> ACDB_AVSYNC_INFO: ACDB_CMD_GET_DEVICE_PROPERTY
12-14 03:15:59.285   752  2426 D audio_hw_spkr_dsm: audio_extn_spkr_dsm_start_processing: pcm start for TX to 37
12-14 03:15:59.286  1863  2462 D DisplayFeatureControl: gxy setPCCConfigMode, call transact function
12-14 03:15:59.286   826   949 D SurfaceFlinger: set MIUI pcccfg
12-14 03:15:59.286   826   949 D SurfaceFlinger: set MIUI pcccfg mMiColorMatrix= 1.000000
12-14 03:15:59.286   826   949 D SurfaceFlinger: set MIUI pcccfg mMiColorMatrix= 0.000000
12-14 03:15:59.286   826   949 I chatty  : uid=1000(system) Binder:826_1 identical 1 line
12-14 03:15:59.286   826   949 D SurfaceFlinger: set MIUI pcccfg mMiColorMatrix= 0.000000
12-14 03:15:59.286   826   949 D SurfaceFlinger: set MIUI pcccfg mMiColorMatrix= 0.856940
12-14 03:15:59.286   826   949 D SurfaceFlinger: set MIUI pcccfg mMiColorMatrix= 0.000000
12-14 03:15:59.286   826   949 I chatty  : uid=1000(system) Binder:826_1 identical 1 line
12-14 03:15:59.286   826   949 D SurfaceFlinger: set MIUI pcccfg mMiColorMatrix= 0.000000
12-14 03:15:59.286   826   949 D SurfaceFlinger: set MIUI pcccfg mMiColorMatrix= 0.653912
12-14 03:15:59.262     0     0 D sm6150-asoc-snd soc: qcom,msm-audio-apr:qcom,q6core-audio:sound: msm_mi2s_snd_startup: substream = subdevice #0  stream = 1, dai name soc:qcom,msm-dai-mi2s:qcom,msm-, dai ID 0
12-14 03:15:59.262     0     0 D sm6150-asoc-snd soc: qcom,msm-audio-apr:qcom,q6core-audio:sound: msm_mi2s_set_sclk: clock rate 3072000l
12-14 03:15:59.263     0     0 D msm_be_hw_params_fixup: format = 2, rate = 48000
12-14 03:15:59.263     0     0 I max98937 max98927_dai_hw_params: format supported
12-14 03:15:59.263     0     0 I max98927_dai_hw_params: Capture stream, format: 32, ch: 2, sampling_rate: 48000
12-14 03:15:59.263     0     0 I max98927_set_clock: BLCK fix to 64
12-14 03:15:59.296   783   783 I sensors-hal: batch:242, android.sensor.light/51, period=200000000, max_latency=0
12-14 03:15:59.296   783   783 I sensors-hal: set_config:63, sample_period_ns is adjusted to 0 based on min/max delay_ns
12-14 03:15:59.296   783   783 I sensors-hal: batch:251, android.sensor.light/51, period=200000000, max_latency=0 request completed
12-14 03:15:59.271     0     0 W [FTS_TS/I]fts_gesture_resume: gesture resume...
12-14 03:15:59.271     0     0 I init    : processing action (persist.sys.display_cabc=1) from (/vendor/etc/init/hw/init.target.rc:494)
12-14 03:15:59.272     0     0 I msm-dsi-display: [dsi_display_set_cabc] xinj:_###_dsi_display_set_cabc,set_cabc_cmd: 1
12-14 03:15:59.272     0     0 I msm-dsi-panel: [dsi_panel_set_feature:4199] xinj:dsi_panel_set_feature panel_init_judge=1 type=6,backlight_val = 0
12-14 03:15:59.272     0     0 E msm-dsi-panel: [dsi_panel_set_feature:4201] xinj: con't set cmds type=6
12-14 03:15:59.272     0     0 W xinj    : _##### cabc over ###
12-14 03:15:59.296  1863  2462 D DisplayFeatureControl: GUOQ setFeature value = 76 mode = 3 mode_status = 9
12-14 03:15:59.297  1863  2462 D DisplayFeatureControl: GUOQ mode_status3 = 9
12-14 03:15:59.297  1863  2462 D DisplayFeatureControl: getPropValue pcc = 132  name = sys.white.x.value   pccString = 132
12-14 03:15:59.297  1863  2462 D DisplayFeatureControl: getPropValue pcc = 137  name = sys.white.y.value   pccString = 137
12-14 03:15:59.297  1863  2462 D DisplayFeatureControl: gxy  setPCCConfigMode:	x = 132 , y = 137 ,mode = 3
12-14 03:15:59.297  1863  2462 D DisplayFeatureControl: gxy  setPCCConfigMode:	whitep_rgbCoeff[0] = 1.000000 
12-14 03:15:59.297  1863  2462 D DisplayFeatureControl: gxy  setPCCConfigMode:	whitep_rgbCoeff[1] = 1.000000 
12-14 03:15:59.297  1863  2462 D DisplayFeatureControl: gxy  setPCCConfigMode:	whitep_rgbCoeff[2] = 1.000000 
12-14 03:15:59.297  1863  2462 D DisplayFeatureControl: gxy  setPCCConfigMode:	rgbCoeff[0] = 1.000000 
12-14 03:15:59.297  1863  2462 D DisplayFeatureControl: gxy  setPCCConfigMode:	rgbCoeff[1] = 1.000000 
12-14 03:15:59.297  1863  2462 D DisplayFeatureControl: gxy  setPCCConfigMode:	rgbCoeff[2] = 1.000000 
12-14 03:15:59.297  1863  2462 D DisplayFeatureControl: gxy  setPCCConfigMode:	eyeCareCoeff[0] = 1.000000 
12-14 03:15:59.297  1863  2462 D DisplayFeatureControl: gxy  setPCCConfigMode:	eyeCareCoeff[1] = 0.870210 
12-14 03:15:59.297  1863  2462 D DisplayFeatureControl: gxy  setPCCConfigMode:	eyeCareCoeff[2] = 0.643097 
12-14 03:15:59.297  1863  2462 D DisplayFeatureControl: gxy  setPCCConfigMode:	tmp_rgbCoeff[0] = 1.000000 
12-14 03:15:59.297  1863  2462 D DisplayFeatureControl: gxy  setPCCConfigMode:	tmp_rgbCoeff[1] = 0.870210 
12-14 03:15:59.297  1863  2462 D DisplayFeatureControl: gxy  setPCCConfigMode:	tmp_rgbCoeff[2] = 0.643097 
12-14 03:15:59.297  1863  2462 D DisplayFeatureControl: gxy  setPCCConfigMode:	pcc_cfg.flags = 0 
12-14 03:15:59.297  1863  2462 D DisplayFeatureControl: gxy  setPCCConfigMode:	pcc_cfg.r = 0.000000 1.000000 0.000000 0.000000 0.000000 0.000000 0.000000 0.000000 0.000000 0.000000 0.000000
12-14 03:15:59.297  1863  2462 D DisplayFeatureControl: gxy  setPCCConfigMode:	pcc_cfg.g = 0.000000 0.000000 0.870210 0.000000 0.000000 0.000000 0.000000 0.000000 0.000000 0.000000 0.000000
12-14 03:15:59.297  1863  2462 D DisplayFeatureControl: gxy  setPCCConfigMode:	pcc_cfg.b = 0.000000 0.000000 0.000000 0.643097 0.000000 0.000000 0.000000 0.000000 0.000000 0.000000 0.000000
12-14 03:15:59.297  1863  2462 D DisplayFeatureControl: gxy setPCCConfigMode, call transact function
12-14 03:15:59.297   826   949 D SurfaceFlinger: set MIUI pcccfg
12-14 03:15:59.297   826   949 D SurfaceFlinger: set MIUI pcccfg mMiColorMatrix= 1.000000
12-14 03:15:59.297   826   949 D SurfaceFlinger: set MIUI pcccfg mMiColorMatrix= 0.000000
12-14 03:15:59.297   826   949 I chatty  : uid=1000(system) Binder:826_1 identical 1 line
12-14 03:15:59.297   826   949 D SurfaceFlinger: set MIUI pcccfg mMiColorMatrix= 0.000000
12-14 03:15:59.297   826   949 D SurfaceFlinger: set MIUI pcccfg mMiColorMatrix= 0.870210
12-14 03:15:59.297   826   949 D SurfaceFlinger: set MIUI pcccfg mMiColorMatrix= 0.000000
12-14 03:15:59.297   826   949 I chatty  : uid=1000(system) Binder:826_1 identical 1 line
12-14 03:15:59.297   826   949 D SurfaceFlinger: set MIUI pcccfg mMiColorMatrix= 0.000000
12-14 03:15:59.297   826   949 D SurfaceFlinger: set MIUI pcccfg mMiColorMatrix= 0.643097
12-14 03:15:59.297  1863  2462 D DisplayFeatureControl: GUOQ setFeature value = 0 mode = 31 mode_status = 9
12-14 03:15:59.298  1863  2462 D DisplayFeatureControl: setPropValue pcc = 0  name = persist.sys.eyeshield_invert_old_mode_prop   value = 31
12-14 03:15:59.307  1863  2462 E DisplayFeatureControl: unknown mode
12-14 03:15:59.309   752  2426 E audio_hw_spkr_dsm: audio_extn_spkr_dsm_start_processing: Exit
12-14 03:15:59.309   752  2426 D msm8974_platform: platform_split_snd_device: snd_device(2) num devices(0) new_snd_devices(0)
12-14 03:15:59.309   752  2426 D audio_hw_primary: enable_snd_device: snd_device(2: speaker)
12-14 03:15:59.309   752  2426 D msm8974_platform: platform_get_island_cfg_on_device:island cfg status on snd_device = (speaker 0)
12-14 03:15:59.309   752  2426 I soundtrigger: audio_extn_sound_trigger_update_device_status: device 0x2 of type 0 for Event 1, with Raise=0
12-14 03:15:59.309   752  2426 D audio_route: Apply path: speaker
12-14 03:15:59.312   752  2426 I audio_hw_utils: audio_extn_utils_update_stream_output_app_type_cfg Allowing 24 and above bits playback on speaker ONLY at default sampling rate
12-14 03:15:59.312   752  2426 E soundtrigger: audio_extn_sound_trigger_update_stream_status: invalid input device 0x0, for event 3
12-14 03:15:59.312   752  2426 D soundtrigger: audio_extn_sound_trigger_update_stream_status: uc_info->id 1 of type 0 for Event 3, with Raise=0
12-14 03:15:59.312   752  2426 D audio_hw_utils: audio_extn_utils_send_app_type_cfg: usecase->out_snd_device speaker
12-14 03:15:59.312   752  2426 D msm8974_platform: platform_split_snd_device: snd_device(2) num devices(0) new_snd_devices(0)
12-14 03:15:59.312   752  2426 D audio_hw_utils: audio_extn_btsco_get_sample_rate:Not a BT SCO device, need not update sampling rate
12-14 03:15:59.312   752  2426 I audio_hw_utils: send_app_type_cfg_for_device PLAYBACK app_type 69937, acdb_dev_id 10011, sample_rate 48000, snd_device_be_idx 43
12-14 03:15:59.281     0     0 I         : max98927_feedback_event---feedback event 1
12-14 03:15:59.313   752  2426 D msm8974_platform: platform_split_snd_device: snd_device(2) num devices(1) new_snd_devices(0)
12-14 03:15:59.281     0     0 I         : max98927_feedback_event---feedback event 2
12-14 03:15:59.313   752  2426 D audio_hw_utils: audio_extn_btsco_get_sample_rate:Not a BT SCO device, need not update sampling rate
12-14 03:15:59.282     0     0 I         : max98927_stream_mute--- stream 1, mute 0
12-14 03:15:59.313   752  2426 D ACDB-LOADER: ACDB -> send_audio_cal, acdb_id = 10011, path = 0, app id = 0x11131, sample rate = 48000, afe_sample_rate = 48000
12-14 03:15:59.313   752  2426 D ACDB-LOADER: ACDB -> send_asm_topology
12-14 03:15:59.282     0     0 I rdc_check_valid: rdc=0 invalid, [201528120, 362750616]
12-14 03:15:59.313   752  2426 D ACDB-LOADER: ACDB -> ACDB_CMD_GET_AUDPROC_STREAM_TOPOLOGY_ID
12-14 03:15:59.282     0     0 I         : max989xx_calib_get No found /mnt/vendor/persist/spkr_calib_l.bin
12-14 03:15:59.282     0     0 I rdc_check_valid: rdc=0 invalid, [201528120, 362750616]
12-14 03:15:59.313   752  2426 D ACDB-LOADER: ACDB -> send_adm_topology
12-14 03:15:59.313   752  2426 D ACDB-LOADER: ACDB -> ACDB_CMD_GET_AUDPROC_COMMON_TOPOLOGY_ID
12-14 03:15:59.282     0     0 I         : max98927_stream_mute ------ enable max98927 capture
12-14 03:15:59.313   752  2426 D ACDB-LOADER: ACDB -> send_audtable
12-14 03:15:59.287     0     0 D msm_mi2s_rx_ch_get: msm_mi2s_[0]_rx_ch  = 2
12-14 03:15:59.313   752  2426 D ACDB-LOADER: ACDB -> ACDB_CMD_GET_AUDPROC_INSTANCE_COMMON_TABLE_SIZE
12-14 03:15:59.288     0     0 D msm_mi2s_rx_ch_put: msm_mi2s_[0]_rx_ch  = 1
12-14 03:15:59.313   752  2426 D ACDB-LOADER: ACDB -> ACDB_CMD_GET_AUDPROC_INSTANCE_COMMON_TABLE
12-14 03:15:59.314   752  2426 D ACDB-LOADER: ACDB -> AUDIO_SET_AUDPROC_CAL cal_type[11] acdb_id[10011] app_type[69937]
12-14 03:15:59.314   752  2426 D ACDB-LOADER: ACDB -> send_audvoltable
12-14 03:15:59.314   752  2426 D ACDB-LOADER: ACDB -> ACDB_CMD_GET_AUDPROC_INSTANCE_GAIN_DEP_STEP_TABLE_SIZE
12-14 03:15:59.314   752  2426 D android.hardware.audio.service: Failed to fetch the lookup information of the device 0000271B 
12-14 03:15:59.314   752  2426 D ACDB-LOADER: Error: ACDB_CMD_GET_AUDPROC_INSTANCE_GAIN_DEP_STEP_TABLE_SIZE Returned = -19
12-14 03:15:59.314   752  2426 D ACDB-LOADER: ACDB -> ACDB_CMD_GET_AUDPROC_INSTANCE_GAIN_DEP_STEP_TABLE, vol index 0
12-14 03:15:59.314   752  2426 D android.hardware.audio.service: Failed to fetch the lookup information of the device 0000271B 
12-14 03:15:59.314   752  2426 D ACDB-LOADER: Error: ACDB AudProc vol returned = -19
12-14 03:15:59.314   752  2426 D ACDB-LOADER: ACDB -> AUDIO_SET_VOL_CAL cal type = 12
12-14 03:15:59.314   752  2426 D ACDB-LOADER: ACDB -> ACDB_CMD_GET_AUDPROC_INSTANCE_STREAM_TABLE_SIZE
12-14 03:15:59.314   752  2426 D ACDB-LOADER: ACDB -> send_audstrmtable
12-14 03:15:59.314   752  2426 D ACDB-LOADER: ACDB -> ACDB_CMD_GET_AUDPROC_INSTANCE_STREAM_TABLE
12-14 03:15:59.314   752  2426 D ACDB-LOADER: ACDB -> audstrm_cal->cal_type.cal_data.cal_size = 20
12-14 03:15:59.314   752  2426 D ACDB-LOADER: ACDB -> send_afe_topology
12-14 03:15:59.314   752  2426 D ACDB-LOADER: ACDB -> ACDB_CMD_GET_AFE_TOPOLOGY_ID
12-14 03:15:59.314   752  2426 D ACDB-LOADER: ACDB -> GET_AFE_TOPOLOGY_ID for adcd_id 10011, Topology Id 10001061
12-14 03:15:59.314   752  2426 D ACDB-LOADER: ACDB -> send_afe_cal
12-14 03:15:59.314   752  2426 D ACDB-LOADER: ACDB -> ACDB_CMD_GET_AFE_INSTANCE_COMMON_TABLE_SIZE
12-14 03:15:59.314   752  2426 D ACDB-LOADER: ACDB -> ACDB_CMD_GET_AFE_INSTANCE_COMMON_TABLE
12-14 03:15:59.314   752  2426 D ACDB-LOADER: ACDB -> AUDIO_SET_AFE_CAL cal_type[16] acdb_id[10011]
12-14 03:15:59.314   752  2426 D ACDB-LOADER: ACDB -> send_hw_delay : acdb_id = 10011 path = 0
12-14 03:15:59.314   752  2426 D ACDB-LOADER: ACDB -> ACDB_AVSYNC_INFO: ACDB_CMD_GET_DEVICE_PROPERTY
12-14 03:15:59.314   752  2426 D msm8974_platform: platform_split_snd_device: snd_device(2) num devices(0) new_snd_devices(0)
12-14 03:15:59.314   752  2426 I msm8974_platform: platform_get_custom_mtmx_params: no matching param with id 0 ip_ch 2 op_ch 2 uc_id 1 snd_dev 2
12-14 03:15:59.314   752  2426 D audio_hw_primary: enable_audio_route: apply mixer and update path: low-latency-playback
12-14 03:15:59.314   752  2426 D audio_route: Apply path: low-latency-playback
12-14 03:15:59.317   752  2426 D audio_hw_primary: select_devices: done
12-14 03:15:59.318  2502  2502 D ImageWallpaper: onSurfaceRedrawNeede: 
12-14 03:15:59.319  2550  2550 D MiuiFaceManager: inernational:true supportR:[ALL] nowR:ES
12-14 03:15:59.319  2550  2550 I chatty  : uid=1000(system) com.android.systemui identical 2 lines
12-14 03:15:59.319  2550  2550 D MiuiFaceManager: inernational:true supportR:[ALL] nowR:ES
12-14 03:15:59.319  2550  2550 V KeyguardStatusView: Schedule setEnableMarquee: Enable
12-14 03:15:59.320  2550  2550 D MiuiBleUnlockHelper: verifyBLEDeviceRssi  isShowing = false isOccluded = false isMXtelcel = false isHiding = false isDeviceInteractive = true
12-14 03:15:59.322  1863  2355 E WifiClientModeImpl-S: getWifiLinkLayerStats called without an interface
12-14 03:15:59.322  1863  2348 I MiuiNetworkPolicy: updateUidState uid = 10157, uidState = 10
12-14 03:15:59.295     0     0 D sm6150-asoc-snd soc: qcom,msm-audio-apr:qcom,q6core-audio:sound: msm_mi2s_snd_startup: substream = subdevice #0  stream = 0, dai name soc:qcom,msm-dai-mi2s:qcom,msm-, dai ID 0
12-14 03:15:59.295     0     0 D msm_be_hw_params_fixup: format = 32, rate = 48000
12-14 03:15:59.295     0     0 I max98937 max98927_dai_hw_params: format supported
12-14 03:15:59.295     0     0 I max98927_dai_hw_params: Playback stream, format: 32, ch: 1, sampling_rate: 48000
12-14 03:15:59.295     0     0 I max98927_set_clock: BLCK fix to 64
12-14 03:15:59.297     0     0 W [FTS_TS/I]fts_gesture_resume: resume from gesture successfully
12-14 03:15:59.297     0     0 I         : max98927_feedforward_event---feedforward event 1
12-14 03:15:59.297     0     0 I         : max98927_feedforward_event---feedforward event 2
12-14 03:15:59.324  2550  2550 D KeyguardHorizontalMoveLeftViewContainer: bindLockScreenMagazineService false false false false false true false
12-14 03:15:59.331  1863  5781 D CompatibilityInfo: mCompatibilityFlags - 0
12-14 03:15:59.331  1863  5781 D CompatibilityInfo: applicationDensity - 440
12-14 03:15:59.331  1863  5781 D CompatibilityInfo: applicationScale - 1.0
12-14 03:15:59.334  1863  4375 D MIUIInput: [FoucsChange]: Display  0 FocusedWindow From Window{631abbf mode=0 rootTaskId=1 u0 NotificationShade}(1,0)  to null(0,0)
12-14 03:15:59.334  3696  3696 D BoundBrokerSvc: onBind: Intent { act=com.google.android.gms.measurement.START pkg=com.google.android.gms }
12-14 03:15:59.334  3696  3696 D BoundBrokerSvc: Loading bound service for intent: Intent { act=com.google.android.gms.measurement.START pkg=com.google.android.gms }
12-14 03:15:59.337   507   507 D lowmemorykiller: medium pressure event polling check
12-14 03:15:59.337   507   507 D lowmemorykiller: thrashing: 0% thrashing_limit: 10%
12-14 03:15:59.338   507   507 D lowmemorykiller: Not killing for medium pressure event polling check
12-14 03:15:59.340  1863  2355 E WifiClientModeImpl-S: getWifiLinkLayerStats called without an interface
12-14 03:15:59.341  2502  2519 D MiuiKeyguardWallpaperRemoteService: onStartedWakingUp
12-14 03:15:59.342  2502  3346 D KeyguardWallpaperRenderer:  finalWidth 1080.3752 finalHeight 2340
12-14 03:15:59.342  2502  3346 D ImageGLWallpaper:  scissor: Rect(0, 0 - 1080, 2340) displayPoint: Point(1080, 2340) isScrollWithScreen: false
12-14 03:15:59.342  2502  3346 D ImageGLWallpaper:  heightDiffRatio 0.0
12-14 03:15:59.342  2502  3346 D ImageGLWallpaper:  widthDiffRatio 0.0
12-14 03:15:59.342  2502  3346 D ImageGLWallpaper:  mCurrentTexCoordinate [0.0, 1.0, 1.0, 1.0, 1.0, 0.0, 1.0, 0.0, 0.0, 0.0, 0.0, 1.0]
12-14 03:15:59.342  2550  2896 D MiuiPhoneStatusBarPolicy: updateManagedProfile: secondSpace = false
12-14 03:15:59.343  2550  2550 D KeyguardViewMediator: handleStartKeyguardExitAnimation startTime=12890463 fadeoutDuration=0
12-14 03:15:59.344  2502  2519 D MiuiKeyguardWallpaperRemoteService: onKeyguardGoingAway goingAway = true  isFastUnlock  = true
12-14 03:15:59.307     0     0 I         : max98927_stream_mute--- stream 0, mute 0
12-14 03:15:59.308     0     0 E i2c_geni 4a84000.i2c: i2c error :-107
12-14 03:15:59.308     0     0 E max98927_regmap_write: reg:0x600, val: 0x54, retry(1), rc = -107
12-14 03:15:59.345  1863  2113 E libc    : Access denied finding property "vendor.display.disable_rounded_corner"
12-14 03:15:59.346  1863  2113 I DisplayManagerService: Arvind : handleDisplayDeviceChanged info=DisplayDeviceInfo{"Pantalla integrada": uniqueId="local:19260487698585473", 1080 x 2340, modeId 1, defaultModeId 1, supportedModes [{id=1, width=1080, height=2340, fps=60.000004}], colorMode 0, supportedColorModes [0], HdrCapabilities HdrCapabilities{mSupportedHdrTypes=[], mMaxLuminance=500.0, mMaxAverageLuminance=500.0, mMinLuminance=0.0}, allmSupported false, gameContentTypeSupported false, density 440, 409.432 x 409.903 dpi, appVsyncOff 1000000, presDeadline 16666666, cutout DisplayCutout{insets=Rect(0, 80 - 0, 0) waterfall=Insets{left=0, top=0, right=0, bottom=0} boundingRect={Bounds=[Rect(0, 0 - 0, 0), Rect(466, 0 - 614, 80), Rect(0, 0 - 0, 0), Rect(0, 0 - 0, 0)]}}, touch INTERNAL, rotation 0, type INTERNAL, address {port=129, model=0x446d4fbf7997}, deviceProductInfo DeviceProductInfo{name=, manufacturerPnpId=QCM, productId=1, modelYear=null, manufactureDate=ManufactureDate{week=27, year=2006}, relativeAddress=null}, state ON, FLAG_DEFAULT_DISPLAY, FLAG_ROTATES_WITH_CONTENT, FLAG_SECURE, FLAG_SUPPORTS_PROTECTED_BUFFERS}
12-14 03:15:59.346  1863  2113 I DisplayManagerService: Arvind : handleDisplayDeviceChanged diff=1
12-14 03:15:59.346  1863  2113 I DisplayManagerService: Display device changed state: "Pantalla integrada", ON
12-14 03:15:59.346  1863  2113 I DisplayManagerService: Arvind : handleDisplayDeviceChanged  after setting device.mDebugLastLoggedDeviceInfo
12-14 03:15:59.346  1863  2113 I DisplayManagerService: Arvind : updateLogicalDisplaysLocked mTempDisplayInfo state : 1
12-14 03:15:59.346  1863  1863 D MiuiWifiService: receive BroadcastReceiver action = : android.intent.action.SCREEN_ON, mIsWifiEnabled = : false, mIsWifiAutoDisabled = : false, mIsWifiWakeupEnabled = : false
12-14 03:15:59.347 15960 15960 D FiveGViceSAPreferenceController: onResume
12-14 03:15:59.348  1863  2113 I DisplayManagerService: Arvind : updateLogicalDisplaysLocked current state below :
12-14 03:15:59.349 15960 17182 D ControllerTask: Cannot find preference with key wifi_unsaved_network_linking in Controller WifiUnsavedNetworkLinkingPreferenceController
12-14 03:15:59.350 15960 17182 D ControllerTask: Cannot find preference with key wifi_whitelist_roaming in Controller WifiWhitelistRoamingPreferenceController
12-14 03:15:59.350  2502  3346 D KeyguardWallpaperRenderer: onDrawFrame
12-14 03:15:59.352 15960 17180 D ControllerTask: Cannot find preference with key button_vice_sim_5g_sa_network in Controller FiveGViceSAPreferenceController
12-14 03:15:59.352 15960 17184 I BluetoothAbsoluteVolumePreferenceController: persist.vendor.bt.a2dp.absvolfeature is true
12-14 03:15:59.352 15960 17184 D BluetoothAbsoluteVolumePreferenceController:  persist.vendor.bt.a2dp.absvolfeature is true
12-14 03:15:59.353  1863  2113 I DisplayManagerService: Arvind : handleDisplayDeviceChanged update test : true
12-14 03:15:59.357  1863  1863 D zhoumingliang: isinvrtest==false
12-14 03:15:59.357  1863  2348 I MiuiNetworkPolicy: updateUidState uid = 99006, uidState = 3
12-14 03:15:59.361  2838  2838 W RecentsImpl: getTopActivity from observer.   cn=ComponentInfo{com.android.settings/com.android.settings.Settings$DevelopmentSettingsDashboardActivity}
12-14 03:15:59.361  2838  2838 W RecentsImpl: adaptToTopActivity   cn=ComponentInfo{com.android.settings/com.android.settings.Settings$DevelopmentSettingsDashboardActivity}
12-14 03:15:59.361  4822  4822 D home_receiver: receive broadcast
12-14 03:15:59.361  2838  2838 W RecentsImpl: onResumed className=com.android.settings.Settings$DevelopmentSettingsDashboardActivity   mIsInAnotherPro=false
12-14 03:15:59.362  2838  2838 D Launcher_UnlockAnimationStateMachine: onUserPresent:IDLE
12-14 03:15:59.362  2838  2838 D RecentsImpl: mActivityStateObserver com.android.settings.Settings$DevelopmentSettingsDashboardActivity
12-14 03:15:59.362  2838  2838 W RecentsImpl: onResumed className=com.android.settings.Settings$DevelopmentSettingsDashboardActivity   mIsInAnotherPro=false
12-14 03:15:59.362 10114 11386 D NetdExecutor: SND -> {enablemiuistandby disable} this=com.miui.powerkeeper.utils.NetdExecutor@9078aa7
12-14 03:15:59.363  4822  4822 I VideoToolBoxService: onReceive: android.intent.action.USER_PRESENT
12-14 03:15:59.363  4822  4822 I GameBoosterService: onReceive: android.intent.action.USER_PRESENT
12-14 03:15:59.363  4822  6148 I TrafficManageService: onReceive: android.intent.action.USER_PRESENT
12-14 03:15:59.364  2550  2550 D StatusBar: disable<e i a s b!h!r c s > disable2<q i n >
12-14 03:15:59.366  2550  2550 D KeyguardViewMediator: handleNotifyScreenTurningOn
12-14 03:15:59.366  1863  4375 I WindowManager: mKeyguardDelegate.ShowListener.onDrawn.
12-14 03:15:59.367  4555  4555 E SUI_svcsock: svc_sock_send_message(suisvc): invalid remote socket suilst
12-14 03:15:59.367 10114 11386 D NetdExecutor: Failed REV <- {500 Command not recognized}
12-14 03:15:59.368  3297  5625 I NearbyDiscovery: (REDACTED) FastPairHandler: Received action %s
12-14 03:15:59.368  3297  5625 I NearbyDiscovery: FastPairController: onSystemStateChanged: skip due to flag disabled [CONTEXT service_id=265 ]
12-14 03:15:59.369 26869 26869 D SecondSpaceService: ACTION_USER_PRESENT userId :0
12-14 03:15:59.370 26869 26869 D SpaceNotificationService: ACTION_USER_PRESENT userId :0
12-14 03:15:59.371 26869 26869 D SecurityCoreConfig: check open SwitchUserNotification for user 0
12-14 03:15:59.371  1863  2128 W BroadcastQueue: Background execution not allowed: receiving Intent { act=android.intent.action.USER_PRESENT flg=0x24200010 } to com.facebook.services/com.facebook.oxygen.services.fbns.RegisteredMqttSystemBroadcastReceiver
12-14 03:15:59.372 18855 18855 D TouchAssistant: onReceive action: android.intent.action.USER_PRESENT
12-14 03:15:59.372 18855 18855 D TouchAssistant: onReceive action: android.intent.action.USER_PRESENT handle completed.
12-14 03:15:59.372   752  2426 D msm8974_platform: platform_set_channel_map mixer_ctl_name:Playback Channel Map13
12-14 03:15:59.373   752  2426 D msm8974_platform: platform_set_channel_map: set mapping(1 2 0 0 0 0 0 0) for channel:2
12-14 03:15:59.373  2550  2550 D KeyguardUpdateMonitor: received broadcast android.intent.action.TIME_TICK
12-14 03:15:59.374  3297 11346 I NearbySharing: Screen is unlocked
12-14 03:15:59.374  3297 11346 I NearbySharing: Uwb feature is off.
12-14 03:15:59.374 30468 17916 D AndroidUtils: MCC MNC = 21404
12-14 03:15:59.375   752  2426 D audio_hw_primary: start_output_stream: exit
12-14 03:15:59.375  3297 11346 I NearbySharing: Uwb feature is off.
12-14 03:15:59.375 18855 18855 D TouchAssistant: setOnLockScreen onLockScreen: false
12-14 03:15:59.375   752  2426 D msm8974_platform: platform_split_snd_device: snd_device(2) num devices(0) new_snd_devices(0)
12-14 03:15:59.375   752  2426 I msm8974_platform: platform_get_custom_mtmx_params: no matching param with id 0 ip_ch 2 op_ch 2 uc_id 1 snd_dev 2
12-14 03:15:59.375 18855 18855 I TouchAssistant: setOnLockScreen hide and show
12-14 03:15:59.375  3297 11346 I NearbySharing: Stopping scanning because Bluetooth is disabled.
12-14 03:15:59.375  1863  2113 W DisplayManagerService: Arvind :configureDisplayLocked info state  2
12-14 03:15:59.376  2550  2550 D StatusBar: disable<e i a s b h r c s > disable2<q i n >
12-14 03:15:59.377  2838  2972 I ContentProviderUtils: uri is in the black list
12-14 03:15:59.378  1863  4383 D systemui_boost: notification panel visible=true
12-14 03:15:59.378  1863  4383 D systemui_boost: ui thread tid=2550
12-14 03:15:59.378  1863  4383 D systemui_boost: render thread tid=3018
12-14 03:15:59.378  1863  4383 D systemui_boost: ui thread old priority=-10
12-14 03:15:59.378  1863  4383 D systemui_boost: render thread old priority=-10
12-14 03:15:59.378  1863  4383 D systemui_boost: thread tid=2550, priority is set to -10
12-14 03:15:59.378  1863  4383 D systemui_boost: thread tid=3018, priority is set to -10
12-14 03:15:59.378  1863  4383 D systemui_boost: ui thread and render thread are boosted
12-14 03:15:59.378 15960 19250 W TileUtils: Found com.android.settings.Settings$WifiDisplaySettingsActivity for intent Intent { act=com.android.settings.action.SETTINGS pkg=com.android.settings } missing metadata com.android.settings.category
12-14 03:15:59.383  2550  2550 D MiuiFaceManager: inernational:true supportR:[ALL] nowR:ES
12-14 03:15:59.383  2550  2550 D MiuiFaceManager: inernational:true supportR:[ALL] nowR:ES
12-14 03:15:59.384  2502  3346 D KeyguardWallpaperRenderer:  finalWidth 1080.3752 finalHeight 2340
12-14 03:15:59.385  2502  3346 D ImageGLWallpaper:  scissor: Rect(0, 0 - 1080, 2340) displayPoint: Point(1080, 2340) isScrollWithScreen: false
12-14 03:15:59.385  2502  3346 D ImageGLWallpaper:  heightDiffRatio 0.0
12-14 03:15:59.386  2502  3346 D ImageGLWallpaper:  widthDiffRatio 0.0
12-14 03:15:59.386  2502  3346 D ImageGLWallpaper:  mCurrentTexCoordinate [0.0, 1.0, 1.0, 1.0, 1.0, 0.0, 1.0, 0.0, 0.0, 0.0, 0.0, 1.0]
12-14 03:15:59.386  2502  3346 D KeyguardWallpaperRenderer: onDrawFrame
12-14 03:15:59.386   826   826 D CompositionEngine: updateFodFlag layer[ColorFade#0] ColorFade
12-14 03:15:59.387  2550  2550 D KeyguardUpdateMonitor: fingerprintRunningState: 0
