--------- beginning of kernel
12-14 03:15:40.779     0     0 D logd    : logdr: UID=2000 GID=2000 PID=20207 b tail=0 logMask=99 pid=0 start=0ns timeout=0ns
12-14 03:15:40.906     0     0 I init    : starting service 'qccsyshalservice'...
--------- beginning of main
12-14 03:15:40.698  2811  6862 I chatty  : uid=1001(radio) Thread-15 expire 4 lines
12-14 03:15:40.899  2811  6862 I SarService: Receiver polling >>>> Change receiver mode: off
12-14 03:15:40.974 20210 20210 I qccsyshalservice: Start with system binder
12-14 03:15:40.975 20210 20210 I qccsyshalservice: Registering qccsyshal service...
12-14 03:15:40.976   509   509 I hwservicemanager: getTransport: Cannot find entry vendor.qti.hardware.qccsyshal@1.0::IQccsyshal/qccsyshal in either framework or device manifest.
12-14 03:15:40.977 20210 20210 E HidlServiceManagement: Service vendor.qti.hardware.qccsyshal@1.0::IQccsyshal/qccsyshal must be in VINTF manifest in order to register/get.
12-14 03:15:40.977 20210 20210 E qccsyshalservice: [ERROR] registerAsService() failed with status: -2147483648
12-14 03:15:40.956     0     0 I init    : Service 'qccsyshalservice' (pid 20210) exited with status 1
12-14 03:15:40.956     0     0 I init    : Sending signal 9 to service 'qccsyshalservice' (pid 20210) process group...
12-14 03:15:40.957     0     0 I libprocessgroup: Successfully killed process cgroup uid 1000 pid 20210 in 0ms
12-14 03:15:41.100  2811  6862 I SarService: Receiver polling >>>> Change receiver mode: off
12-14 03:15:41.504  2811  6862 I chatty  : uid=1001(radio) Thread-15 identical 2 lines
12-14 03:15:41.706  2811  6862 I SarService: Receiver polling >>>> Change receiver mode: off
12-14 03:15:41.874  3696  3696 W ThreadPoolForeg: type=1400 audit(0.0:73799): avc: denied { write } for name="traced_producer" dev="tmpfs" ino=18180 scontext=u:r:gmscore_app:s0:c512,c768 tcontext=u:object_r:traced_producer_socket:s0 tclass=sock_file permissive=0 app=com.google.android.gms
12-14 03:15:41.908  2811  6862 I SarService: Receiver polling >>>> Change receiver mode: off
12-14 03:15:42.109  2811  6862 I SarService: Receiver polling >>>> Change receiver mode: off
12-14 03:15:42.127  1863  2348 I MiuiNetworkPolicy: updateUidState uid = 10185, uidState = 10
12-14 03:15:42.311  2811  6862 I SarService: Receiver polling >>>> Change receiver mode: off
12-14 03:15:43.117  2811  6862 I chatty  : uid=1001(radio) Thread-15 identical 4 lines
12-14 03:15:43.318  2811  6862 I SarService: Receiver polling >>>> Change receiver mode: off
12-14 03:15:43.362  3297 11343 I NearbyPresence: (REDACTED) %s verified [==] new request %s equals to the old request
12-14 03:15:43.519  2811  6862 I SarService: Receiver polling >>>> Change receiver mode: off
12-14 03:15:44.526  2811  6862 I chatty  : uid=1001(radio) Thread-15 identical 5 lines
12-14 03:15:44.727  2811  6862 I SarService: Receiver polling >>>> Change receiver mode: off
12-14 03:15:44.778  3696  3696 D BoundBrokerSvc: onUnbind: Intent { act=com.google.android.gms.measurement.START pkg=com.google.android.gms }
--------- beginning of system
12-14 03:15:37.121  1863  4385 W AppOps  : Noting op not finished: uid 10029 pkg com.google.android.gms code 79 startTime of in progress event=1765678255637
12-14 03:15:44.787  1863  2176 W ProcessStats: Tracking association SourceState{c028ea5 com.android.settings/1000 Top #89905} whose proc state 1 is better than process ProcessState{43c7d8f com.miui.securitycenter.remote/1000 pkg=com.miui.securitycenter} proc state 2 (353 skipped)
12-14 03:15:44.929  2811  6862 I SarService: Receiver polling >>>> Change receiver mode: off
12-14 03:15:45.132  2811  6862 I SarService: Receiver polling >>>> Change receiver mode: off
12-14 03:15:45.317  4365  4403 I com.miui.daemo: oneway function results will be dropped but finished with status OK and parcel size 4
12-14 03:15:45.333  2811  6862 I SarService: Receiver polling >>>> Change receiver mode: off
12-14 03:15:45.335     0     0 I pmi632_charger: wdog_snarl_irq_handler: IRQ: wdog-snarl
12-14 03:15:45.335     0     0 I pmi632_charger: default_irq_handler: IRQ: aicl-done
12-14 03:15:45.335     0     0 I pmi632_charger: smblib_get_prop_usb_online: POWER_PATH_STATUS = 0x95
12-14 03:15:45.335     0     0 I pmi632_charger: smblib_get_prop_batt_health: BATTERY_CHARGER_STATUS_2 = 0x08
12-14 03:15:45.335     0     0 I pmi632_charger: smblib_get_prop_usb_online: POWER_PATH_STATUS = 0x95
12-14 03:15:45.335     0     0 I pmi632_charger: smblib_get_prop_batt_health: BATTERY_CHARGER_STATUS_2 = 0x08
12-14 03:15:45.335     0     0 I pmi632_charger: smblib_get_prop_batt_health: BATTERY_CHARGER_STATUS_2 = 0x08
12-14 03:15:45.336     0     0 I pmi632_charger: smblib_get_prop_usb_online: POWER_PATH_STATUS = 0x95
12-14 03:15:45.336     0     0 I pmi632_charger: smblib_get_prop_batt_health: BATTERY_CHARGER_STATUS_2 = 0x08
12-14 03:15:45.336     0     0 I QG-K    : qg_status_change_work: charge_status=1 charge_done=0
12-14 03:15:45.336     0     0 E PL_DISABLE: TAPER_END_VOTER,1 same vote off of val=0
12-14 03:15:45.336     0     0 E PL_DISABLE: TAPER_END_VOTER,1 Ignoring similar vote off of val=0
12-14 03:15:45.336     0     0 I QCOM-BATT: handle_main_charge_type: chg_state enabling parallel
12-14 03:15:45.336     0     0 E PL_DISABLE: CHG_STATE_VOTER,0 same vote off of val=0
12-14 03:15:45.336     0     0 E PL_DISABLE: CHG_STATE_VOTER,0 Ignoring similar vote off of val=0
12-14 03:15:45.336     0     0 I pmi632_charger: smblib_get_charge_param: input current limit status = 500000 (0x0a)
12-14 03:15:45.336     0     0 E PL_ENABLE_INDIRECT: USBIN_I_VOTER,0 same vote off of val=0
12-14 03:15:45.336     0     0 E PL_ENABLE_INDIRECT: USBIN_I_VOTER,0 Ignoring similar vote off of val=0
12-14 03:15:45.336     0     0 I QCOM-BATT: pl_fcc_vote_callback: cp_fcc_ua=3000000 total_fcc_ua=3000000 forced_main_fcc=0
12-14 03:15:45.336     0     0 E QCOM-BATT: pl_disable_vote_callback: FCC Stepper disabled
12-14 03:15:45.336     0     0 E FCC_MAIN: MAIN_FCC_VOTER,0 same vote on of val=3000000
12-14 03:15:45.336     0     0 E FCC_MAIN: MAIN_FCC_VOTER,0 Ignoring similar vote on of val=3000000
12-14 03:15:45.337     0     0 I pmi632_charger: smblib_set_charge_param: float voltage = 4370000 (0x4d)
12-14 03:15:45.337     0     0 I QCOM-BATT: pl_disable_vote_callback: parallel charging disabled
12-14 03:15:45.337     0     0 I         : length 2 addr=48c0
12-14 03:15:45.337     0     0 I val[0]  : a0
12-14 03:15:45.337     0     0 I val[1]  : 4f
12-14 03:15:45.337     0     0 I addr=4842 mask: 01 val: 01
12-14 03:15:45.337     0     0 I         : length 2 addr=48c6
12-14 03:15:45.337     0     0 I val[0]  : e7
12-14 03:15:45.337     0     0 I val[1]  : f3
12-14 03:15:45.337     0     0 I addr=4842 mask: 01 val: 00
12-14 03:15:45.355     0     0 I pmi632_charger: smblib_get_charge_param: input current limit status = 500000 (0x0a)
12-14 03:15:45.356     0     0 I         : length 2 addr=48c0
12-14 03:15:45.356     0     0 I val[0]  : 9a
12-14 03:15:45.356     0     0 I val[1]  : 4f
12-14 03:15:45.357     0     0 I addr=4842 mask: 01 val: 01
12-14 03:15:45.357     0     0 I         : length 2 addr=48c6
12-14 03:15:45.357     0     0 I val[0]  : e7
12-14 03:15:45.357     0     0 I val[1]  : f3
12-14 03:15:45.357     0     0 I addr=4842 mask: 01 val: 00
12-14 03:15:45.363     0     0 I addr=4842 mask: 01 val: 01
12-14 03:15:45.363     0     0 I         : length 2 addr=48c6
12-14 03:15:45.363     0     0 I val[0]  : 67
12-14 03:15:45.363     0     0 I val[1]  : f4
12-14 03:15:45.363     0     0 I addr=4842 mask: 01 val: 00
12-14 03:15:45.363     0     0 I         : length 2 addr=48c0
12-14 03:15:45.363     0     0 I val[0]  : 9a
12-14 03:15:45.363     0     0 I val[1]  : 4f
12-14 03:15:45.363     0     0 I pmi632_charger: smblib_get_prop_batt_health: BATTERY_CHARGER_STATUS_2 = 0x08
12-14 03:15:45.363     0     0 I QG-K    : qg_charge_full_update: msoc=51 health=1 charge_full=0 charge_done=0
12-14 03:15:45.365     0     0 E FCC     : JEITA_VOTER,3 same vote on of val=3000000
12-14 03:15:45.365     0     0 E FCC     : JEITA_VOTER,3 Ignoring similar vote on of val=3000000
12-14 03:15:45.365     0     0 E USB_ICL : JEITA_VOTER,11 same vote off of val=0
12-14 03:15:45.365     0     0 E USB_ICL : JEITA_VOTER,11 Ignoring similar vote off of val=0
12-14 03:15:45.365     0     0 I QCOM-STEPCHG: handle_jeita:  jeita vote fv_uv:4400000 last_vol:4400000
12-14 03:15:45.365     0     0 E FV      : JEITA_VOTER,3 same vote on of val=4400000
12-14 03:15:45.365     0     0 E FV      : JEITA_VOTER,3 Ignoring similar vote on of val=4400000
12-14 03:15:45.365     0     0 E FCC     : STEP_CHG_VOTER,4 same vote off of val=0
12-14 03:15:45.365     0     0 E FCC     : STEP_CHG_VOTER,4 Ignoring similar vote off of val=0
12-14 03:15:45.366     0     0 I pmi632_charger: smblib_get_prop_usb_online: POWER_PATH_STATUS = 0x95
12-14 03:15:45.366     0     0 I pmi632_charger: smblib_get_prop_batt_health: BATTERY_CHARGER_STATUS_2 = 0x08
12-14 03:15:45.367     0     0 I pmi632_charger: smblib_get_prop_batt_health: BATTERY_CHARGER_STATUS_2 = 0x08
12-14 03:15:45.368     0     0 I pmi632_charger: smblib_get_prop_usb_online: POWER_PATH_STATUS = 0x95
12-14 03:15:45.368     0     0 I pmi632_charger: smblib_get_charge_param: input current limit status = 500000 (0x0a)
12-14 03:15:45.368     0     0 I pmi632_charger: smblib_get_prop_usb_online: POWER_PATH_STATUS = 0x95
12-14 03:15:45.368     0     0 W healthd : battery l=51 v=3966 t=31.8 h=2 st=2 c=-472565 fc=3984000 cc=1405 tl=0 ct=USB pluged=1 chg=u
12-14 03:15:45.368     0     0 I         : length 2 addr=48c0
12-14 03:15:45.368     0     0 I val[0]  : 9a
12-14 03:15:45.368     0     0 I val[1]  : 4f
12-14 03:15:45.368     0     0 I addr=4842 mask: 01 val: 01
12-14 03:15:45.368     0     0 I         : length 2 addr=48c6
12-14 03:15:45.368     0     0 I val[0]  : 67
12-14 03:15:45.368     0     0 I val[1]  : f4
12-14 03:15:45.369     0     0 I addr=4842 mask: 01 val: 00
12-14 03:15:45.393     0     0 I pmi632_charger: smblib_get_charge_param: input current limit status = 500000 (0x0a)
12-14 03:15:45.394     0     0 I pmi632_charger: smblib_get_charge_param: input current limit status = 500000 (0x0a)
12-14 03:15:45.394     0     0 I pmi632_charger: smblib_get_prop_batt_health: BATTERY_CHARGER_STATUS_2 = 0x08
12-14 03:15:45.430     0     0 I pmi632_charger: smblib_get_prop_usb_online: POWER_PATH_STATUS = 0x95
12-14 03:15:45.430     0     0 I pmi632_charger: smblib_get_prop_batt_health: BATTERY_CHARGER_STATUS_2 = 0x08
12-14 03:15:45.430     0     0 E batteryd: /sys/class/power_supply/usb/real_type = USB
12-14 03:15:45.434     0     0 I pmi632_charger: smblib_get_prop_usb_online: POWER_PATH_STATUS = 0x95
12-14 03:15:45.434     0     0 I pmi632_charger: smblib_get_prop_batt_health: BATTERY_CHARGER_STATUS_2 = 0x08
12-14 03:15:45.434     0     0 I pmi632_charger: smblib_get_prop_batt_health: BATTERY_CHARGER_STATUS_2 = 0x08
12-14 03:15:45.434     0     0 I pmi632_charger: smblib_get_prop_usb_online: POWER_PATH_STATUS = 0x95
12-14 03:15:45.434     0     0 I pmi632_charger: smblib_get_charge_param: input current limit status = 500000 (0x0a)
12-14 03:15:45.434     0     0 I pmi632_charger: smblib_get_prop_usb_online: POWER_PATH_STATUS = 0x95
12-14 03:15:45.468  4822  4822 I PowerSaveService: onReceive: android.intent.action.BATTERY_CHANGED
12-14 03:15:45.469 10114 10287 D PowerCheckerService: onBatteryChanged, mBatteryLevel = 51, status = 2, level = 51, plug = 2, scale = 100
12-14 03:15:45.469  4822  4822 I PowerNoticeUI: handleBatteryChanged oldPlugType 2 mPlugType 2 oldBatteryLevel 51 mBatteryLevel 51 temperature 318
12-14 03:15:45.470  4822  4822 I ChargerBatteryIntelligenceReceiver: onBatteryChanged temperature：31,plugType:2
12-14 03:15:45.470  4822  4822 I PowerFeatureUtils: getVendorName:qcom
12-14 03:15:45.472  2550  2550 D KeyguardUpdateMonitor: received broadcast android.intent.action.BATTERY_CHANGED
12-14 03:15:45.473  2774  2774 D DeviceStatisticsService: chargerType=2 batteryLevel=51 totalBatteryCapacity=1484200
12-14 03:15:45.473  2774  2774 D DeviceInfoHidlClient: isPowerInfoNeverSent()=true
12-14 03:15:45.475  2550  2550 D BatteryController: onReceive: Intent = Intent { act=android.intent.action.BATTERY_CHANGED flg=0x60000010 (has extras) } action = android.intent.action.BATTERY_CHANGED
12-14 03:15:45.534  2811  6862 I SarService: Receiver polling >>>> Change receiver mode: off
12-14 03:15:45.916     0     0 I init    : starting service 'qccsyshalservice'...
12-14 03:15:45.735  2811  6862 I chatty  : uid=1001(radio) Thread-15 identical 1 line
12-14 03:15:45.936  2811  6862 I SarService: Receiver polling >>>> Change receiver mode: off
12-14 03:15:45.998 20212 20212 I qccsyshalservice: Start with system binder
12-14 03:15:45.999 20212 20212 I qccsyshalservice: Registering qccsyshal service...
12-14 03:15:45.999   509   509 I hwservicemanager: getTransport: Cannot find entry vendor.qti.hardware.qccsyshal@1.0::IQccsyshal/qccsyshal in either framework or device manifest.
12-14 03:15:46.000 20212 20212 E HidlServiceManagement: Service vendor.qti.hardware.qccsyshal@1.0::IQccsyshal/qccsyshal must be in VINTF manifest in order to register/get.
12-14 03:15:46.000 20212 20212 E qccsyshalservice: [ERROR] registerAsService() failed with status: -2147483648
12-14 03:15:45.980     0     0 I init    : Service 'qccsyshalservice' (pid 20212) exited with status 1
12-14 03:15:45.980     0     0 I init    : Sending signal 9 to service 'qccsyshalservice' (pid 20212) process group...
12-14 03:15:45.980     0     0 I libprocessgroup: Successfully killed process cgroup uid 1000 pid 20212 in 0ms
12-14 03:15:46.001     0     0 I addr=4842 mask: 01 val: 01
12-14 03:15:46.001     0     0 I         : length 2 addr=48c6
12-14 03:15:46.002     0     0 I val[0]  : e1
12-14 03:15:46.002     0     0 I val[1]  : f6
12-14 03:15:46.002     0     0 I addr=4842 mask: 01 val: 00
12-14 03:15:46.002     0     0 I         : length 2 addr=48c0
12-14 03:15:46.002     0     0 I val[0]  : 5a
12-14 03:15:46.002     0     0 I val[1]  : 4f
12-14 03:15:46.002     0     0 I         : length 2 addr=48c0
12-14 03:15:46.002     0     0 I val[0]  : 5a
12-14 03:15:46.002     0     0 I val[1]  : 4f
12-14 03:15:46.002     0     0 E QG_WS   : TTF_AWAKE_VOTER,6 same vote off of val=0
12-14 03:15:46.002     0     0 E QG_WS   : TTF_AWAKE_VOTER,6 Ignoring similar vote off of val=0
12-14 03:15:46.137  2811  6862 I SarService: Receiver polling >>>> Change receiver mode: off
12-14 03:15:46.224  3696  3696 W PerfettoTrace: type=1400 audit(0.0:73800): avc: denied { write } for name="traced_producer" dev="tmpfs" ino=18180 scontext=u:r:gmscore_app:s0:c512,c768 tcontext=u:object_r:traced_producer_socket:s0 tclass=sock_file permissive=0 app=com.google.android.gms
12-14 03:15:46.338  2811  6862 I SarService: Receiver polling >>>> Change receiver mode: off
12-14 03:15:46.740  2811  6862 I chatty  : uid=1001(radio) Thread-15 identical 2 lines
12-14 03:15:46.941  2811  6862 I SarService: Receiver polling >>>> Change receiver mode: off
12-14 03:15:47.112  4365  4403 I com.miui.daemo: oneway function results will be dropped but finished with status OK and parcel size 4
12-14 03:15:47.115  4365  4403 I com.miui.daemo: oneway function results will be dropped but finished with status OK and parcel size 4
12-14 03:15:47.143  2811  6862 I SarService: Receiver polling >>>> Change receiver mode: off
12-14 03:15:47.344  2811  6862 I chatty  : uid=1001(radio) Thread-15 identical 1 line
12-14 03:15:47.545  2811  6862 I SarService: Receiver polling >>>> Change receiver mode: off
12-14 03:15:47.678 19106 19106 D SecurityCenter: ImageLoader clear memory info
12-14 03:15:47.747  2811  6862 I SarService: Receiver polling >>>> Change receiver mode: off
12-14 03:15:47.949  2811  6862 I chatty  : uid=1001(radio) Thread-15 identical 1 line
12-14 03:15:48.151  2811  6862 I SarService: Receiver polling >>>> Change receiver mode: off
12-14 03:15:48.171  1863  2348 I MiuiNetworkPolicy: updateUidState uid = 10028, uidState = 19
12-14 03:15:48.208  4365  4403 I com.miui.daemo: oneway function results will be dropped but finished with status OK and parcel size 4
12-14 03:15:48.210  4365  4403 I com.miui.daemo: oneway function results will be dropped but finished with status OK and parcel size 4
12-14 03:15:48.352  2811  6862 I SarService: Receiver polling >>>> Change receiver mode: off
12-14 03:15:48.554  2811  6862 I SarService: Receiver polling >>>> Change receiver mode: off
12-14 03:15:48.739  3297  3297 D BoundBrokerSvc: onUnbind: Intent { act=com.google.android.gms.libs.gmscorelogger.service.START dat=chimera-action: cmp=com.google.android.gms/.chimera.PersistentDirectBootAwareApiService }
12-14 03:15:48.755  2811  6862 I SarService: Receiver polling >>>> Change receiver mode: off
12-14 03:15:48.752     0     0 I QG-K    : qg_fifo_update_done_handler: IRQ triggered
12-14 03:15:48.752     0     0 I         : length 1 addr=4851
12-14 03:15:48.752     0     0 I val[0]  : 26
12-14 03:15:48.752     0     0 I QG-K    : qg_process_fifo: FIFO length=5
12-14 03:15:48.752     0     0 I         : length 1 addr=4852
12-14 03:15:48.752     0     0 I val[0]  : 0a
12-14 03:15:48.752     0     0 I         : length 1 addr=4851
12-14 03:15:48.752     0     0 I val[0]  : 26
12-14 03:15:48.752     0     0 I         : length 2 addr=4890
12-14 03:15:48.752     0     0 I val[0]  : 6f
12-14 03:15:48.752     0     0 I val[1]  : 4e
12-14 03:15:48.752     0     0 I         : length 2 addr=48a0
12-14 03:15:48.752     0     0 I val[0]  : 65
12-14 03:15:48.752     0     0 I val[1]  : fc
12-14 03:15:48.752     0     0 I QG-K    : qg_process_fifo: FIFO 0 raw_v=20079 uV=3908116 raw_i=64613 uA=-140838 interval=100 count=128
12-14 03:15:48.752     0     0 I         : length 2 addr=4892
12-14 03:15:48.752     0     0 I val[0]  : c9
12-14 03:15:48.752     0     0 I val[1]  : 4e
12-14 03:15:48.752     0     0 I         : length 2 addr=48a2
12-14 03:15:48.752     0     0 I val[0]  : 42
12-14 03:15:48.752     0     0 I val[1]  : fa
12-14 03:15:48.752     0     0 I QG-K    : qg_process_fifo: FIFO 1 raw_v=20169 uV=3925633 raw_i=64066 uA=-224304 interval=100 count=128
12-14 03:15:48.752     0     0 I         : length 2 addr=4894
12-14 03:15:48.752     0     0 I val[0]  : 2e
12-14 03:15:48.752     0     0 I val[1]  : 4e
12-14 03:15:48.752     0     0 I         : length 2 addr=48a4
12-14 03:15:48.752     0     0 I val[0]  : 01
12-14 03:15:48.752     0     0 I val[1]  : ff
12-14 03:15:48.752     0     0 I QG-K    : qg_process_fifo: FIFO 2 raw_v=20014 uV=3895464 raw_i=65281 uA=-38909 interval=100 count=128
12-14 03:15:48.752     0     0 I         : length 2 addr=4896
12-14 03:15:48.752     0     0 I val[0]  : 62
12-14 03:15:48.752     0     0 I val[1]  : 4e
12-14 03:15:48.752     0     0 I         : length 2 addr=48a6
12-14 03:15:48.752     0     0 I val[0]  : eb
12-14 03:15:48.752     0     0 I val[1]  : fc
12-14 03:15:48.752     0     0 I QG-K    : qg_process_fifo: FIFO 3 raw_v=20066 uV=3905586 raw_i=64747 uA=-120391 interval=100 count=128
12-14 03:15:48.752     0     0 I         : length 2 addr=4898
12-14 03:15:48.752     0     0 I val[0]  : 7d
12-14 03:15:48.752     0     0 I val[1]  : 4f
12-14 03:15:48.752     0     0 I         : length 2 addr=48a8
12-14 03:15:48.752     0     0 I val[0]  : 37
12-14 03:15:48.752     0     0 I val[1]  : f5
12-14 03:15:48.752     0     0 I QG-K    : qg_process_fifo: FIFO 4 raw_v=20349 uV=3960668 raw_i=62775 uA=-421295 interval=100 count=128
12-14 03:15:48.753     0     0 I         : length 1 addr=484b
12-14 03:15:48.753     0     0 I val[0]  : 40
12-14 03:15:48.753     0     0 I         : length 1 addr=484c
12-14 03:15:48.753     0     0 I val[0]  : 46
12-14 03:15:48.753     0     0 I addr=4842 mask: 01 val: 01
12-14 03:15:48.753     0     0 I         : length 2 addr=48c6
12-14 03:15:48.753     0     0 I val[0]  : 95
12-14 03:15:48.753     0     0 I val[1]  : f4
12-14 03:15:48.753     0     0 I addr=4842 mask: 01 val: 00
12-14 03:15:48.753     0     0 I QG-K    : qg_esr_estimate: Skip CHG ESR, Fails IBAT ibat(-446014) min_ibat(-450000)
12-14 03:15:48.753     0     0 I         : length 1 addr=4851
12-14 03:15:48.753     0     0 I val[0]  : 26
12-14 03:15:48.753     0     0 I         : length 1 addr=4851
12-14 03:15:48.753     0     0 I val[0]  : 26
12-14 03:15:48.753     0     0 I         : length 1 addr=4852
12-14 03:15:48.753     0     0 I val[0]  : 0a
12-14 03:15:48.753     0     0 I QG-K    : qg_fifo_update_done_handler: FIFO_done time_delta_ms=63833
12-14 03:15:48.753     0     0 E QG_WS   : FIFO_DONE_VOTER,1 voting on of val=1
12-14 03:15:48.753     0     0 E QG_WS   : effective vote is now 1 voted by FIFO_DONE_VOTER,1
12-14 03:15:48.753     0     0 E QG-K    : qg_awake_cb: client: FIFO_DONE_VOTER awake: 1
12-14 03:15:48.754     0     0 E QG_WS   : GOOD_OCV_VOTER,0 same vote off of val=0
12-14 03:15:48.754     0     0 E QG_WS   : GOOD_OCV_VOTER,0 Ignoring similar vote off of val=0
12-14 03:15:48.754     0     0 E QG_WS   : FIFO_DONE_VOTER,1 voting off of val=0
12-14 03:15:48.754     0     0 E QG_WS   : effective vote is now 0 voted by FIFO_DONE_VOTER,1
12-14 03:15:48.754     0     0 E QG-K    : qg_awake_cb: client: FIFO_DONE_VOTER awake: 0
12-14 03:15:48.754     0     0 E QG_WS   : FIFO_RT_DONE_VOTER,2 same vote off of val=0
12-14 03:15:48.754     0     0 E QG_WS   : FIFO_RT_DONE_VOTER,2 Ignoring similar vote off of val=0
12-14 03:15:48.754     0     0 E QG_WS   : SUSPEND_DATA_VOTER,3 same vote off of val=0
12-14 03:15:48.754     0     0 E QG_WS   : SUSPEND_DATA_VOTER,3 Ignoring similar vote off of val=0
12-14 03:15:48.754     0     0 E QG_WS   : SLEEP_EXIT_DATA_VOTER,4 same vote off of val=0
12-14 03:15:48.754     0     0 E QG_WS   : SLEEP_EXIT_DATA_VOTER,4 Ignoring similar vote off of val=0
12-14 03:15:48.754     0     0 I QG-K    : qg_device_read: QG device read complete Seq_no=256 Size=412
12-14 03:15:48.755     0     0 I addr=4842 mask: 01 val: 01
12-14 03:15:48.755     0     0 I         : length 2 addr=48c6
12-14 03:15:48.755     0     0 I val[0]  : 95
12-14 03:15:48.755     0     0 I val[1]  : f4
12-14 03:15:48.755     0     0 I addr=4842 mask: 01 val: 00
12-14 03:15:48.755     0     0 I         : length 2 addr=48c0
12-14 03:15:48.755     0     0 I val[0]  : a6
12-14 03:15:48.755     0     0 I val[1]  : 4f
12-14 03:15:48.757     0     0 E QG_WS   : UDATA_READY_VOTER,5 voting on of val=1
12-14 03:15:48.757     0     0 E QG_WS   : effective vote is now 1 voted by UDATA_READY_VOTER,5
12-14 03:15:48.757     0     0 E QG-K    : qg_awake_cb: client: UDATA_READY_VOTER awake: 1
12-14 03:15:48.757     0     0 I QG-K    : qg_device_write: QG write complete size=144
12-14 03:15:48.757     0     0 I QG-K    : process_udata_work: udata update: QG_SOC=51 QG_SYS_SOC=5082 last_catchup_soc=51
12-14 03:15:48.757     0     0 I QG-K    : qg_process_tcss_soc: TCSS: Quit - enabled=0 sys_soc=5082 tcss_entry_count=0 fifo_i_ua=-421295
12-14 03:15:48.757     0     0 I QG-K    : qg_process_bass_soc: BASS Quit: enabled=0 fifo_i_ua=-421295 sys_soc=51 msoc=51 batt_soc=5066
12-14 03:15:48.757     0     0 I QG-K    : qg_adjust_sys_soc: sys_soc=5082 adjusted sys_soc=51
12-14 03:15:48.757     0     0 I QG-K    : qg_scale_soc: SOC scale: Start msoc=51 catch_up_soc=51 delta_soc=1
12-14 03:15:48.757     0     0 I QG-K    : scale_soc_stop: SOC scale stopped: msoc=51 catch_up_soc=51
12-14 03:15:48.758     0     0 I QG-K    : qg_store_soc_params: SDAM write param 0 value=1
12-14 03:15:48.758     0     0 I QG-K    : qg_store_soc_params: SDAM write param 1 value=51
12-14 03:15:48.758     0     0 I QG-K    : qg_store_soc_params: SDAM write param 2 value=318
12-14 03:15:48.759     0     0 I QG-K    : qg_store_soc_params: SDAM write param 3 value=151
12-14 03:15:48.759     0     0 I QG-K    : qg_store_soc_params: SDAM write param 4 value=3873000
12-14 03:15:48.759     0     0 I QG-K    : qg_store_soc_params: SDAM write param 5 value=0
12-14 03:15:48.759     0     0 I QG-K    : qg_store_soc_params: SDAM write param 6 value=181267920
12-14 03:15:48.759     0     0 I QG-K    : qg_store_esr_params: SDAM store ESR_CHARGE_DELTA=28
12-14 03:15:48.759     0     0 I QG-K    : qg_store_esr_params: SDAM store ESR_DISCHARGE_DELTA=28
12-14 03:15:48.759     0     0 I QG-K    : qg_store_esr_params: SDAM store ESR_CHARGE_SF=13500
12-14 03:15:48.759     0     0 I QG-K    : qg_store_esr_params: SDAM store ESR_DISCHARGE_SF=13500
12-14 03:15:48.759     0     0 I QG-K    : process_udata_work: udata update: batt_soc=5066 cc_soc=3855 full_soc=9607 qg_esr=79
12-14 03:15:48.759     0     0 E QG_WS   : UDATA_READY_VOTER,5 voting off of val=0
12-14 03:15:48.759     0     0 E QG_WS   : effective vote is now 0 voted by UDATA_READY_VOTER,5
12-14 03:15:48.759     0     0 E QG-K    : qg_awake_cb: client: UDATA_READY_VOTER awake: 0
12-14 03:15:48.789  4365  4403 I com.miui.daemo: oneway function results will be dropped but finished with status OK and parcel size 4
12-14 03:15:48.807  3696  3696 D BoundBrokerSvc: onUnbind: Intent { act=com.google.android.gms.potokens.service.START dat=chimera-action: cmp=com.google.android.gms/.chimera.GmsApiService }
12-14 03:15:48.810  4365  4403 I com.miui.daemo: oneway function results will be dropped but finished with status OK and parcel size 4
12-14 03:15:48.811  4365  4403 I com.miui.daemo: oneway function results will be dropped but finished with status OK and parcel size 4
12-14 03:15:48.956  2811  6862 I SarService: Receiver polling >>>> Change receiver mode: off
12-14 03:15:49.561  2811  6862 I chatty  : uid=1001(radio) Thread-15 identical 3 lines
12-14 03:15:49.763  2811  6862 I SarService: Receiver polling >>>> Change receiver mode: off
12-14 03:15:49.784  3297  3297 W ThreadPoolForeg: type=1400 audit(0.0:73801): avc: denied { write } for name="traced_producer" dev="tmpfs" ino=18180 scontext=u:r:gmscore_app:s0:c512,c768 tcontext=u:object_r:traced_producer_socket:s0 tclass=sock_file permissive=0 app=com.google.android.gms
12-14 03:15:49.965  2811  6862 I SarService: Receiver polling >>>> Change receiver mode: off
12-14 03:15:50.938     0     0 I init    : starting service 'qccsyshalservice'...
12-14 03:15:50.772  2811  6862 I chatty  : uid=1001(radio) Thread-15 identical 4 lines
12-14 03:15:50.973  2811  6862 I SarService: Receiver polling >>>> Change receiver mode: off
12-14 03:15:51.014 20213 20213 I qccsyshalservice: Start with system binder
12-14 03:15:51.015 20213 20213 I qccsyshalservice: Registering qccsyshal service...
12-14 03:15:51.016   509   509 I hwservicemanager: getTransport: Cannot find entry vendor.qti.hardware.qccsyshal@1.0::IQccsyshal/qccsyshal in either framework or device manifest.
12-14 03:15:51.016 20213 20213 E HidlServiceManagement: Service vendor.qti.hardware.qccsyshal@1.0::IQccsyshal/qccsyshal must be in VINTF manifest in order to register/get.
12-14 03:15:51.016 20213 20213 E qccsyshalservice: [ERROR] registerAsService() failed with status: -2147483648
12-14 03:15:50.995     0     0 I init    : Service 'qccsyshalservice' (pid 20213) exited with status 1
12-14 03:15:50.995     0     0 I init    : Sending signal 9 to service 'qccsyshalservice' (pid 20213) process group...
12-14 03:15:50.995     0     0 I libprocessgroup: Successfully killed process cgroup uid 1000 pid 20213 in 0ms
12-14 03:15:51.174  2811  6862 I SarService: Receiver polling >>>> Change receiver mode: off
12-14 03:15:53.492     0     0 I pmi632_charger: wdog_snarl_irq_handler: IRQ: wdog-snarl
12-14 03:15:53.492     0     0 I pmi632_charger: smblib_get_prop_usb_online: POWER_PATH_STATUS = 0x95
12-14 03:15:53.492     0     0 I pmi632_charger: smblib_get_prop_batt_health: BATTERY_CHARGER_STATUS_2 = 0x08
12-14 03:15:53.492     0     0 I pmi632_charger: smblib_get_prop_usb_online: POWER_PATH_STATUS = 0x95
12-14 03:15:53.492     0     0 I pmi632_charger: smblib_get_prop_batt_health: BATTERY_CHARGER_STATUS_2 = 0x08
12-14 03:15:53.492     0     0 I pmi632_charger: smblib_get_prop_batt_health: BATTERY_CHARGER_STATUS_2 = 0x08
12-14 03:15:53.493     0     0 I pmi632_charger: smblib_get_prop_usb_online: POWER_PATH_STATUS = 0x95
12-14 03:15:53.493     0     0 I pmi632_charger: smblib_get_prop_batt_health: BATTERY_CHARGER_STATUS_2 = 0x08
12-14 03:15:53.493     0     0 I QG-K    : qg_status_change_work: charge_status=1 charge_done=0
12-14 03:15:53.493     0     0 E PL_DISABLE: TAPER_END_VOTER,1 same vote off of val=0
12-14 03:15:53.493     0     0 E PL_DISABLE: TAPER_END_VOTER,1 Ignoring similar vote off of val=0
12-14 03:15:53.493     0     0 I QCOM-BATT: handle_main_charge_type: chg_state enabling parallel
12-14 03:15:53.493     0     0 E PL_DISABLE: CHG_STATE_VOTER,0 same vote off of val=0
12-14 03:15:53.493     0     0 E PL_DISABLE: CHG_STATE_VOTER,0 Ignoring similar vote off of val=0
12-14 03:15:53.493     0     0 I pmi632_charger: smblib_get_charge_param: input current limit status = 500000 (0x0a)
12-14 03:15:53.493     0     0 E PL_ENABLE_INDIRECT: USBIN_I_VOTER,0 same vote off of val=0
12-14 03:15:53.493     0     0 E PL_ENABLE_INDIRECT: USBIN_I_VOTER,0 Ignoring similar vote off of val=0
12-14 03:15:53.493     0     0 I QCOM-BATT: pl_fcc_vote_callback: cp_fcc_ua=3000000 total_fcc_ua=3000000 forced_main_fcc=0
12-14 03:15:53.493     0     0 E QCOM-BATT: pl_disable_vote_callback: FCC Stepper disabled
12-14 03:15:53.493     0     0 E FCC_MAIN: MAIN_FCC_VOTER,0 same vote on of val=3000000
12-14 03:15:53.493     0     0 E FCC_MAIN: MAIN_FCC_VOTER,0 Ignoring similar vote on of val=3000000
12-14 03:15:53.493     0     0 I pmi632_charger: smblib_set_charge_param: float voltage = 4370000 (0x4d)
12-14 03:15:53.493     0     0 I QCOM-BATT: pl_disable_vote_callback: parallel charging disabled
12-14 03:15:53.493     0     0 I         : length 2 addr=48c0
12-14 03:15:53.493     0     0 I val[0]  : 7d
12-14 03:15:53.493     0     0 I val[1]  : 4f
12-14 03:15:53.494     0     0 I addr=4842 mask: 01 val: 01
12-14 03:15:53.494     0     0 I         : length 2 addr=48c6
12-14 03:15:53.494     0     0 I val[0]  : af
12-14 03:15:53.494     0     0 I val[1]  : f5
12-14 03:15:53.494     0     0 I addr=4842 mask: 01 val: 00
12-14 03:15:53.499     0     0 I addr=4842 mask: 01 val: 01
12-14 03:15:53.499     0     0 I         : length 2 addr=48c6
12-14 03:15:53.500     0     0 I val[0]  : af
12-14 03:15:53.500     0     0 I val[1]  : f5
12-14 03:15:53.500     0     0 I addr=4842 mask: 01 val: 00
12-14 03:15:53.500     0     0 I         : length 2 addr=48c0
12-14 03:15:53.500     0     0 I val[0]  : 64
12-14 03:15:53.500     0     0 I val[1]  : 4f
12-14 03:15:53.508     0     0 I pmi632_charger: smblib_get_prop_batt_health: BATTERY_CHARGER_STATUS_2 = 0x08
12-14 03:15:53.508     0     0 I QG-K    : qg_charge_full_update: msoc=51 health=1 charge_full=0 charge_done=0
12-14 03:15:53.510     0     0 E FCC     : JEITA_VOTER,3 same vote on of val=3000000
12-14 03:15:53.510     0     0 E FCC     : JEITA_VOTER,3 Ignoring similar vote on of val=3000000
12-14 03:15:53.510     0     0 E USB_ICL : JEITA_VOTER,11 same vote off of val=0
12-14 03:15:53.510     0     0 E USB_ICL : JEITA_VOTER,11 Ignoring similar vote off of val=0
12-14 03:15:53.510     0     0 I QCOM-STEPCHG: handle_jeita:  jeita vote fv_uv:4400000 last_vol:4400000
12-14 03:15:53.510     0     0 E FV      : JEITA_VOTER,3 same vote on of val=4400000
12-14 03:15:53.510     0     0 E FV      : JEITA_VOTER,3 Ignoring similar vote on of val=4400000
12-14 03:15:53.510     0     0 E FCC     : STEP_CHG_VOTER,4 same vote off of val=0
12-14 03:15:53.510     0     0 E FCC     : STEP_CHG_VOTER,4 Ignoring similar vote off of val=0
12-14 03:15:53.510     0     0 I         : length 2 addr=48c0
12-14 03:15:53.510     0     0 I val[0]  : 68
12-14 03:15:53.510     0     0 I val[1]  : 4f
12-14 03:15:53.511     0     0 I addr=4842 mask: 01 val: 01
12-14 03:15:53.511     0     0 I         : length 2 addr=48c6
12-14 03:15:53.511     0     0 I val[0]  : af
12-14 03:15:53.511     0     0 I val[1]  : f5
12-14 03:15:53.511     0     0 I addr=4842 mask: 01 val: 00
12-14 03:15:53.543     0     0 I pmi632_charger: smblib_get_charge_param: input current limit status = 500000 (0x0a)
12-14 03:15:53.545     0     0 I pmi632_charger: smblib_get_charge_param: input current limit status = 500000 (0x0a)
12-14 03:15:53.545     0     0 I pmi632_charger: smblib_get_prop_usb_online: POWER_PATH_STATUS = 0x95
12-14 03:15:53.545     0     0 I pmi632_charger: smblib_get_prop_batt_health: BATTERY_CHARGER_STATUS_2 = 0x08
12-14 03:15:53.545     0     0 I pmi632_charger: smblib_get_prop_batt_health: BATTERY_CHARGER_STATUS_2 = 0x08
12-14 03:15:53.545     0     0 I pmi632_charger: smblib_get_prop_usb_online: POWER_PATH_STATUS = 0x95
12-14 03:15:53.545     0     0 I pmi632_charger: smblib_get_charge_param: input current limit status = 500000 (0x0a)
12-14 03:15:53.546     0     0 I pmi632_charger: smblib_get_charge_param: input current limit status = 500000 (0x0a)
12-14 03:15:53.546     0     0 I pmi632_charger: smblib_get_prop_usb_online: POWER_PATH_STATUS = 0x95
12-14 03:15:53.546     0     0 W healthd : battery l=51 v=3956 t=31.8 h=2 st=2 c=-402984 fc=3984000 cc=1405 tl=0 ct=USB pluged=1 chg=u
12-14 03:15:53.546     0     0 I pmi632_charger: smblib_get_prop_batt_health: BATTERY_CHARGER_STATUS_2 = 0x08
12-14 03:15:53.546     0     0 I         : length 2 addr=48c0
12-14 03:15:53.546     0     0 I val[0]  : 6b
12-14 03:15:53.546     0     0 I val[1]  : 4f
12-14 03:15:53.546     0     0 I addr=4842 mask: 01 val: 01
12-14 03:15:53.546     0     0 I         : length 2 addr=48c6
12-14 03:15:53.546     0     0 I val[0]  : 7f
12-14 03:15:53.546     0     0 I val[1]  : f7
12-14 03:15:53.546     0     0 I addr=4842 mask: 01 val: 00
12-14 03:15:53.548     0     0 I pmi632_charger: smblib_get_prop_usb_online: POWER_PATH_STATUS = 0x95
12-14 03:15:53.548     0     0 I pmi632_charger: smblib_get_prop_batt_health: BATTERY_CHARGER_STATUS_2 = 0x08
12-14 03:15:53.548     0     0 I pmi632_charger: smblib_get_prop_batt_health: BATTERY_CHARGER_STATUS_2 = 0x08
12-14 03:15:53.549     0     0 I pmi632_charger: smblib_get_prop_usb_online: POWER_PATH_STATUS = 0x95
12-14 03:15:53.549     0     0 I pmi632_charger: smblib_get_charge_param: input current limit status = 500000 (0x0a)
12-14 03:15:53.549     0     0 I pmi632_charger: smblib_get_prop_usb_online: POWER_PATH_STATUS = 0x95
12-14 03:15:53.192  2811  6862 I chatty  : uid=1001(radio) Thread-15 identical 10 lines
12-14 03:15:53.394  2811  6862 I SarService: Receiver polling >>>> Change receiver mode: off
12-14 03:15:53.578  4822  4822 I PowerSaveService: onReceive: android.intent.action.BATTERY_CHANGED
12-14 03:15:53.578  4822  4822 I PowerNoticeUI: handleBatteryChanged oldPlugType 2 mPlugType 2 oldBatteryLevel 51 mBatteryLevel 51 temperature 318
12-14 03:15:53.579  4822  4822 I ChargerBatteryIntelligenceReceiver: onBatteryChanged temperature：31,plugType:2
12-14 03:15:53.579  4822  4822 I PowerFeatureUtils: getVendorName:qcom
12-14 03:15:53.579 10114 10287 D PowerCheckerService: onBatteryChanged, mBatteryLevel = 51, status = 2, level = 51, plug = 2, scale = 100
12-14 03:15:53.581  2550  2550 D KeyguardUpdateMonitor: received broadcast android.intent.action.BATTERY_CHANGED
12-14 03:15:53.581  2550  2550 D BatteryController: onReceive: Intent = Intent { act=android.intent.action.BATTERY_CHANGED flg=0x60000010 (has extras) } action = android.intent.action.BATTERY_CHANGED
12-14 03:15:53.586  2774  2774 D DeviceStatisticsService: chargerType=2 batteryLevel=51 totalBatteryCapacity=1523200
12-14 03:15:53.594  2811  6862 I SarService: Receiver polling >>>> Change receiver mode: off
12-14 03:15:53.573     0     0 I pmi632_charger: smblib_get_prop_usb_online: POWER_PATH_STATUS = 0x95
12-14 03:15:53.573     0     0 I pmi632_charger: smblib_get_prop_batt_health: BATTERY_CHARGER_STATUS_2 = 0x08
12-14 03:15:53.574     0     0 E batteryd: /sys/class/power_supply/usb/real_type = USB
12-14 03:15:53.681 19106 19106 D SecurityCenter: ImageLoader clear memory info
12-14 03:15:53.796  2811  6862 I SarService: Receiver polling >>>> Change receiver mode: off
12-14 03:15:55.962  1863  2176 W ProcessStats: Tracking association SourceState{c028ea5 com.android.settings/1000 Top #89918} whose proc state 1 is better than process ProcessState{43c7d8f com.miui.securitycenter.remote/1000 pkg=com.miui.securitycenter} proc state 2 (13 skipped)
12-14 03:15:55.959     0     0 I init    : starting service 'qccsyshalservice'...
12-14 03:15:55.611  2811  6862 I chatty  : uid=1001(radio) Thread-15 identical 9 lines
12-14 03:15:55.812  2811  6862 I SarService: Receiver polling >>>> Change receiver mode: off
12-14 03:15:56.011  4365  4403 I com.miui.daemo: oneway function results will be dropped but finished with status OK and parcel size 4
12-14 03:15:56.013  2811  6862 I SarService: Receiver polling >>>> Change receiver mode: off
12-14 03:15:56.013  4365  4403 I com.miui.daemo: oneway function results will be dropped but finished with status OK and parcel size 4
12-14 03:15:56.020 20216 20216 I qccsyshalservice: Start with system binder
12-14 03:15:56.020 20216 20216 I qccsyshalservice: Registering qccsyshal service...
12-14 03:15:56.022   509   509 I hwservicemanager: getTransport: Cannot find entry vendor.qti.hardware.qccsyshal@1.0::IQccsyshal/qccsyshal in either framework or device manifest.
12-14 03:15:56.022 20216 20216 E HidlServiceManagement: Service vendor.qti.hardware.qccsyshal@1.0::IQccsyshal/qccsyshal must be in VINTF manifest in order to register/get.
12-14 03:15:56.022 20216 20216 E qccsyshalservice: [ERROR] registerAsService() failed with status: -2147483648
12-14 03:15:56.002     0     0 I init    : Service 'qccsyshalservice' (pid 20216) exited with status 1
12-14 03:15:56.002     0     0 I init    : Sending signal 9 to service 'qccsyshalservice' (pid 20216) process group...
12-14 03:15:56.003     0     0 I libprocessgroup: Successfully killed process cgroup uid 1000 pid 20216 in 0ms
12-14 03:15:56.214  2811  6862 I SarService: Receiver polling >>>> Change receiver mode: off
12-14 03:15:56.242     0     0 I addr=4842 mask: 01 val: 01
12-14 03:15:56.242     0     0 I         : length 2 addr=48c6
12-14 03:15:56.242     0     0 I val[0]  : 13
12-14 03:15:56.242     0     0 I val[1]  : f4
12-14 03:15:56.242     0     0 I addr=4842 mask: 01 val: 00
12-14 03:15:56.242     0     0 I         : length 2 addr=48c0
12-14 03:15:56.242     0     0 I val[0]  : c5
12-14 03:15:56.242     0     0 I val[1]  : 4f
12-14 03:15:56.242     0     0 I         : length 2 addr=48c0
12-14 03:15:56.242     0     0 I val[0]  : c5
12-14 03:15:56.242     0     0 I val[1]  : 4f
12-14 03:15:56.242     0     0 E QG_WS   : TTF_AWAKE_VOTER,6 same vote off of val=0
12-14 03:15:56.242     0     0 E QG_WS   : TTF_AWAKE_VOTER,6 Ignoring similar vote off of val=0
12-14 03:15:57.222  2811  6862 I chatty  : uid=1001(radio) Thread-15 identical 5 lines
12-14 03:15:57.424  2811  6862 I SarService: Receiver polling >>>> Change receiver mode: off
12-14 03:15:57.435 12586 12586 I abb     : StartCommandInProcess(73657474696e67730067657400676c6f settings.get.glo [truncated])
12-14 03:15:57.451 12586 12603 I abb     : oneway function results will be dropped but finished with status OK and parcel size 4
12-14 03:15:57.434  1863  1863 W Binder:1863_4: type=1400 audit(0.0:73802): avc: denied { getopt } for scontext=u:r:system_server:s0 tcontext=u:r:shell:s0 tclass=unix_stream_socket permissive=0
12-14 03:15:57.459 12586 12586 I abb     : StartCommandInProcess(7061636b61676500696e7374616c6c00 package.install. [truncated])
12-14 03:15:57.478  1863  2176 I InstallationStatistic: beginInstallSession: 1931471850
12-14 03:15:57.625  2811  6862 I SarService: Receiver polling >>>> Change receiver mode: off
12-14 03:15:57.825  2811  6862 I chatty  : uid=1001(radio) Thread-15 identical 1 line
12-14 03:15:58.026  2811  6862 I SarService: Receiver polling >>>> Change receiver mode: off
12-14 03:15:58.134   507   507 D lowmemorykiller: medium pressure event triggered
12-14 03:15:58.135   507   507 D lowmemorykiller: thrashing: 1% thrashing_limit: 10%
12-14 03:15:58.135   507   507 D lowmemorykiller: MI_LOG_FILTER_KILL| skill_desc=device is in direct reclaim and low on memory events=2 level=1 event_to_mms=0(no event to pm) swap_is_low=0 reclaim_type=2 wmarklow=1 kreclaimable=220140kB mi_polling_check=0 cont_reclaim_count=kswapd:0,direct:1,direct_throttle:0 reclaim_ratio=kswapd:75,direct:82 thrashing=1 thrashing_limit=10 in_compaction=1 count_upgraded_event=0
12-14 03:15:58.135   507   507 D lowmemorykiller: Not killing for medium pressure event trigger
12-14 03:15:58.227  2811  6862 I SarService: Receiver polling >>>> Change receiver mode: off
12-14 03:15:58.235   507   507 D lowmemorykiller: medium pressure event polling check
12-14 03:15:58.236   507   507 D lowmemorykiller: thrashing: 1% thrashing_limit: 10%
12-14 03:15:58.236   507   507 D lowmemorykiller: MI_LOG_FILTER_KILL| skill_desc=device is in direct reclaim and low on memory events=0 level=1 event_to_mms=0(no event to pm) swap_is_low=0 reclaim_type=2 wmarklow=1 kreclaimable=219940kB mi_polling_check=0 cont_reclaim_count=kswapd:0,direct:1,direct_throttle:0 reclaim_ratio=kswapd:75,direct:83 thrashing=1 thrashing_limit=10 in_compaction=1 count_upgraded_event=0
12-14 03:15:58.236   507   507 D lowmemorykiller: Not killing for medium pressure event polling check
12-14 03:15:58.336   507   507 D lowmemorykiller: medium pressure event polling check
12-14 03:15:58.338   507   507 D lowmemorykiller: thrashing: 1% thrashing_limit: 10%
12-14 03:15:58.339   507   507 D lowmemorykiller: Not killing for medium pressure event polling check
12-14 03:15:58.382     0     0 I pmi632_charger: default_irq_handler: IRQ: aicl-done
12-14 03:15:58.427  2811  6862 I SarService: Receiver polling >>>> Change receiver mode: off
12-14 03:15:58.439   507   507 D lowmemorykiller: medium pressure event polling check
12-14 03:15:58.440   507   507 D lowmemorykiller: thrashing: 1% thrashing_limit: 10%
12-14 03:15:58.440   507   507 D lowmemorykiller: Not killing for medium pressure event polling check
12-14 03:15:58.540   507   507 D lowmemorykiller: medium pressure event polling check
12-14 03:15:58.541   507   507 D lowmemorykiller: thrashing: 1% thrashing_limit: 10%
12-14 03:15:58.541   507   507 D lowmemorykiller: MI_LOG_FILTER_KILL| skill_desc=device is in direct reclaim and low on memory events=0 level=1 event_to_mms=0(no event to pm) swap_is_low=0 reclaim_type=2 wmarklow=1 kreclaimable=217168kB mi_polling_check=0 cont_reclaim_count=kswapd:0,direct:1,direct_throttle:0 reclaim_ratio=kswapd:90,direct:85 thrashing=1 thrashing_limit=10 in_compaction=1 count_upgraded_event=0
12-14 03:15:58.541   507   507 D lowmemorykiller: Not killing for medium pressure event polling check
12-14 03:15:58.628  2811  6862 I SarService: Receiver polling >>>> Change receiver mode: off
12-14 03:15:58.641   507   507 D lowmemorykiller: medium pressure event polling check
12-14 03:15:58.642   507   507 D lowmemorykiller: thrashing: 1% thrashing_limit: 10%
12-14 03:15:58.643   507   507 D lowmemorykiller: Not killing for medium pressure event polling check
12-14 03:15:58.743   507   507 D lowmemorykiller: medium pressure event polling check
12-14 03:15:58.744   507   507 D lowmemorykiller: thrashing: 1% thrashing_limit: 10%
12-14 03:15:58.744   507   507 D lowmemorykiller: MI_LOG_FILTER_KILL| skill_desc=device is in direct reclaim and low on memory events=0 level=1 event_to_mms=0(no event to pm) swap_is_low=0 reclaim_type=2 wmarklow=1 kreclaimable=216776kB mi_polling_check=0 cont_reclaim_count=kswapd:0,direct:1,direct_throttle:0 reclaim_ratio=kswapd:81,direct:81 thrashing=1 thrashing_limit=10 in_compaction=1 count_upgraded_event=0
12-14 03:15:58.744   507   507 D lowmemorykiller: Not killing for medium pressure event polling check
12-14 03:15:58.829  2811  6862 I SarService: Receiver polling >>>> Change receiver mode: off
12-14 03:15:58.844   507   507 D lowmemorykiller: medium pressure event polling check
12-14 03:15:58.845   507   507 D lowmemorykiller: thrashing: 1% thrashing_limit: 10%
12-14 03:15:58.845   507   507 D lowmemorykiller: MI_LOG_FILTER_KILL| skill_desc=device is in direct reclaim and low on memory events=0 level=1 event_to_mms=0(no event to pm) swap_is_low=0 reclaim_type=2 wmarklow=1 kreclaimable=215736kB mi_polling_check=0 cont_reclaim_count=kswapd:0,direct:1,direct_throttle:0 reclaim_ratio=kswapd:87,direct:85 thrashing=1 thrashing_limit=10 in_compaction=1 count_upgraded_event=0
12-14 03:15:58.845   507   507 D lowmemorykiller: Not killing for medium pressure event polling check
12-14 03:15:58.946   507   507 D lowmemorykiller: medium pressure event polling check
12-14 03:15:58.946   507   507 D lowmemorykiller: thrashing: 1% thrashing_limit: 10%
12-14 03:15:58.946   507   507 D lowmemorykiller: MI_LOG_FILTER_KILL| skill_desc=device is in direct reclaim and low on memory events=0 level=1 event_to_mms=0(no event to pm) swap_is_low=0 reclaim_type=2 wmarklow=1 kreclaimable=215104kB mi_polling_check=0 cont_reclaim_count=kswapd:0,direct:1,direct_throttle:0 reclaim_ratio=kswapd:73,direct:100 thrashing=1 thrashing_limit=10 in_compaction=1 count_upgraded_event=0
12-14 03:15:58.946   507   507 D lowmemorykiller: Not killing for medium pressure event polling check
12-14 03:15:58.974     0     0 I         : fpc schedule_work enter
12-14 03:15:58.974     0     0 I dsi-drm : [dsi_bridge_interface_enable] dsi_bridge_interface_enable start
12-14 03:15:58.997  1326  1421 D fpc_tac : fpc_irq_wait: poll status: 1, revents [0]: 10, [1]: 0
12-14 03:15:58.975     0     0 I dsi-ctrl: [_dsi_ctrl_setup_isr] [DSI_0] IRQ 229 registered
12-14 03:15:58.998  1326  1421 E fpc_tac : finger irq
12-14 03:15:58.998  1326  1421 D fpc_tac : Waited more than 500 ms, reset qualification counter
12-14 03:15:59.002  1326  1421 D fpc_tac : fpc_perf_lock_acquire: Success to acquire perf lock 5997
12-14 03:15:59.029  2811  6862 I SarService: Receiver polling >>>> Change receiver mode: off
12-14 03:15:59.047   507   507 D lowmemorykiller: medium pressure event polling check
12-14 03:15:59.047   507   507 D lowmemorykiller: thrashing: 1% thrashing_limit: 10%
12-14 03:15:59.047   507   507 D lowmemorykiller: MI_LOG_FILTER_KILL| skill_desc=device is in direct reclaim and low on memory events=0 level=1 event_to_mms=0(no event to pm) swap_is_low=0 reclaim_type=2 wmarklow=1 kreclaimable=214292kB mi_polling_check=0 cont_reclaim_count=kswapd:0,direct:1,direct_throttle:0 reclaim_ratio=kswapd:67,direct:81 thrashing=1 thrashing_limit=10 in_compaction=1 count_upgraded_event=0
12-14 03:15:59.048   507   507 D lowmemorykiller: Not killing for medium pressure event polling check
12-14 03:15:59.033     0     0 W [FTS_TS/I]lct_fts_tp_reset_enable: tp_reset gpio pull high
12-14 03:15:59.043     0     0 W [FTS_TS/I]lct_fts_tp_reset_enable: tp_reset gpio pull down
12-14 03:15:59.053     0     0 W [FTS_TS/I]lct_fts_tp_reset_enable: tp_reset gpio pull high
12-14 03:15:59.111  1326  1421 D fpc_tac : fpc_tee_identify
12-14 03:15:59.131  1326  1421 D fpc_tac : fpc_tee_identify: coverage: 100, quality: 26, result: 1, score: 472
12-14 03:15:59.131  1326  1421 D fpc_tac : fpc_tee_get_identify_statistics
12-14 03:15:59.133  1326  1421 D fpc_fingerprint_hal: handle_image_subscription_auth No image subscription callback registered
12-14 03:15:59.134  1326  1421 D fpc_fingerprint_hal: do_authenticate capture_status: 0, identify_status: 0, id: 1988069802
12-14 03:15:59.134  1326  1421 D fpc_tac : fpc_tee_get_auth_result
12-14 03:15:59.139  1326  1421 D android.hardware.biometrics.fingerprint@2.1-service: onAcquired(0)
12-14 03:15:59.140  1326  1421 D android.hardware.biometrics.fingerprint@2.1-service: onAuthenticated(fid=1988069802, gid=0)
12-14 03:15:59.140  1326  1421 D fpc_tac : fpc_tee_update_template
12-14 03:15:59.146  1120  1120 D keystore: AddAuthenticationToken: timestamp = 14523912, time_received = 12890
12-14 03:15:59.147  1863  1863 W BiometricStats: found a negative latency : -1
12-14 03:15:59.148   507   507 D lowmemorykiller: medium pressure event polling check
12-14 03:15:59.148   507   507 D lowmemorykiller: thrashing: 1% thrashing_limit: 10%
12-14 03:15:59.149   507   507 D lowmemorykiller: Not killing for medium pressure event polling check
12-14 03:15:59.157  2550  2550 I BiometricUnlockCtrl: biometric acquired, grabbing biometric wakelock
12-14 03:15:59.161  1120  1120 D keystore: AddAuthenticationToken: timestamp = 14523912, time_received = 12890
12-14 03:15:59.154  1863  1863 W Binder:1863_4: type=1400 audit(0.0:73805): avc: denied { getopt } for scontext=u:r:system_server:s0 tcontext=u:r:shell:s0 tclass=unix_stream_socket permissive=0
12-14 03:15:59.175  2550  2550 W miui_keyguard: unlock keyguard by fp
12-14 03:15:59.176  2502 26301 D MiuiKeyguardWallpaperRemoteService: onKeyguardGoingAway goingAway = true  isFastUnlock  = true
12-14 03:15:59.180  2550  2550 V BiometricUnlockCtrl: startWakeAndUnlock(7)
12-14 03:15:59.180  2550  2550 I BiometricUnlockCtrl: bio wakelock: Authenticated, waking up...
12-14 03:15:59.182  1863  5769 I PowerManagerService: Waking up from Asleep (uid=1000, reason=WAKE_REASON_GESTURE, details=android.policy:BIOMETRIC)...
12-14 03:15:59.182  2550  7324 I ndroid.systemu: oneway function results will be dropped but finished with status OK and parcel size 4
12-14 03:15:59.186  1863  1863 I WindowManager: Started waking up... (why=ON_BECAUSE_OF_USER)
12-14 03:15:59.186  2502  2502 D MiuiKeyguardPictorialWallpaper:  onSurfaceRedrawNeede 
12-14 03:15:59.186  2550  7324 D KeyguardViewMediator: onStartedWakingUp, seq = 29
12-14 03:15:59.186  2550  7324 D KeyguardViewMediator: notifyStartedWakingUp
12-14 03:15:59.189  2550  2550 I BiometricUnlockCtrl: releasing biometric wakelock
12-14 03:15:59.190  2550  2550 D KeyguardViewMediator: keyguardDone
