12-14 03:15:59.881  3706  3741 D RilInfoMonitor: onServiceStateChanged () called, serviceState: {mVoiceRegState=0(IN_SERVICE), mDataRegState=0(IN_SERVICE), mChannelNumber=6200, duplexMode()=1, mCellBandwidths=[2147483647], mOperatorAlphaLong=EUSKALTEL, mOperatorAlphaShort=EUSKALTEL, isManualNetworkSelection=false(automatic), getRilVoiceRadioTechnology=14(LTE), getRilDataRadioTechnology=14(LTE), mCssIndicator=unsupported, mNetworkId=-1, mSystemId=-1, mCdmaRoamingIndicator=-1, mCdmaDefaultRoamingIndicator=-1, mIsEmergencyOnly=false, isUsingCarrierAggregation=false, mLteEarfcnRsrpBoost=0, mNetworkRegistrationInfos=[NetworkRegistrationInfo{ domain=CS transportType=WWAN registrationState=HOME roamingType=NOT_ROAMING accessNetworkTechnology=LTE rejectCause=0 emergencyEnabled=false availableServices=[VOICE,SMS,VIDEO] cellIdentity=CellIdentityLte:{ mBandwidth=2147483647 mMcc=214 mMnc=03 mAlphaLong=EUSKALTEL mAlphaShort=EUSKALTEL mAdditionalPlmns={} mCsgInfo=null} voiceSpecificInfo=VoiceSpecificRegistrationInfo { mCssSupported=false mRoamingIndicator=1 mSystemIsInPrl=-1 mDefaultRoamingIndicator=-1} dataSpecificInfo=null nrState=NONE rRplmn=21403}, NetworkRegistrationInfo{ domain=PS transportType=WWAN registrationState=HOME roamingType=NOT_ROAMING accessNetworkTechnology=LTE rejectCause=0 emergencyEnabled=false availableServices=[DATA] cellIdentity=CellIdentityLte:{ mBandwidth=2147483647 mMcc=214 mMnc=03 mAlphaLong=EUSKALTEL mAlphaShort=EUSKALTEL mAdditionalPlmns={} mCsgInfo=null} voiceSpecificInfo=null dataSpecificInfo=android.telephony.DataSpecificRegistrationInfo :{ maxDataCalls = 20 isDcNrRestricted = false isNrAvailable = false isEnDcAvailable = false LteVopsSupportInfo :  mVopsSupport = 2 mEmcBearerSupport = 2 mIsUsingCarrierAggregation = false } nrState=NONE rRplmn=21403}], mNrFrequencyRange=0, mOperatorAlphaLongRaw=EUSKALTEL, mOperatorAlphaShortRaw=EUSKALTEL, mIsDataRoamingFromRegistration=false, mIsIwlanPreferred=false}
12-14 03:15:59.886 10114 10287 D PowerCheckerService: foreground, uid = 1000, app = com.android.settings
12-14 03:15:59.887  4555  4555 E SUI_svcsock: svc_sock_send_message(suisvc): invalid remote socket suilst
12-14 03:15:59.879  1863  4351 I chatty  : uid=1000(system) Binder:1863_12 identical 1 line
12-14 03:15:59.881  1863  4351 W AppOps  : Noting op not finished: uid 10029 pkg com.google.android.gms code 79 startTime of in progress event=1765678255637
12-14 03:15:59.888  1863  2424 W AppOps  : Noting op not finished: uid 10029 pkg com.google.android.gms code 79 startTime of in progress event=1765678255637
12-14 03:15:59.890  1863  2424 W AppOps  : Noting op not finished: uid 10029 pkg com.google.android.gms code 79 startTime of in progress event=1765678255637
12-14 03:15:59.891  1863  5782 W AppOps  : Noting op not finished: uid 10029 pkg com.google.android.gms code 79 startTime of in progress event=1765678255637
12-14 03:15:59.892  1863  4351 W AppOps  : Noting op not finished: uid 10029 pkg com.google.android.gms code 79 startTime of in progress event=1765678255637
12-14 03:15:59.892  2685  3756 D QCNEJ/WwanInfoRelay: onServiceStateChanged: dataState: 2 DDS:8 Notify service state update
12-14 03:15:59.894  2811  2811 D ServiceStateProvider: subId=8
12-14 03:15:59.894  1863  5774 W AppOps  : Noting op not finished: uid 10029 pkg com.google.android.gms code 79 startTime of in progress event=1765678255637
12-14 03:15:59.895  2550  2550 D KeyguardUpdateMonitor: received broadcast android.intent.action.SERVICE_STATE
12-14 03:15:59.895  2754  2754 I ##XLogger##: #&^U5sW59SQ1MDakiqEi7Jx70tecXeAlaAB6b5PpeojXYXSVFRCC59pk7PPrBqvtcxEH3acBl3eFqmGNwhwYegI/Tf6uhoA8MAmLcYxxzUOcS+XlHnco2WbWoyiUyW5GtUTadlSlfHidGOKtXq99K1POrWQhK1oTN8J5vRzMOlkL3o=!!oUw/LxPaRtppyLvAsBwBfcF6tNzRoPQR9U+jfmJOZ2nuzvFheEAKBTq2E+1nkCNT5nPFPHCofcsbJdeAzkjC002/Ke37nMjddWvNM3Z3Kb8An2kuPJ1ZP5J0NfdK/WMIOKpek2eoISnd31ofaLS4O3aYDqou7jyLhsVM70+X0oRrlX339Dyk2hyKt/Sof0qtpvdMf/bqZxwwjvIoWBLZKQ==^&#
12-14 03:15:59.897  2550  2550 V KeyguardUpdateMonitor: action android.intent.action.SERVICE_STATE serviceState={mVoiceRegState=0(IN_SERVICE), mDataRegState=0(IN_SERVICE), mChannelNumber=6200, duplexMode()=1, mCellBandwidths=[2147483647], mOperatorAlphaLong=EUSKALTEL, mOperatorAlphaShort=EUSKALTEL, isManualNetworkSelection=false(automatic), getRilVoiceRadioTechnology=14(LTE), getRilDataRadioTechnology=14(LTE), mCssIndicator=unsupported, mNetworkId=-1, mSystemId=-1, mCdmaRoamingIndicator=-1, mCdmaDefaultRoamingIndicator=-1, mIsEmergencyOnly=false, isUsingCarrierAggregation=false, mLteEarfcnRsrpBoost=0, mNetworkRegistrationInfos=[NetworkRegistrationInfo{ domain=CS transportType=WWAN registrationState=HOME roamingType=NOT_ROAMING accessNetworkTechnology=LTE rejectCause=0 emergencyEnabled=false availableServices=[VOICE,SMS,VIDEO] cellIdentity=CellIdentityLte:{ mBandwidth=2147483647 mMcc=214 mMnc=03 mAlphaLong=EUSKALTEL mAlphaShort=EUSKALTEL mAdditionalPlmns={} mCsgInfo=null} voiceSpecificInfo=VoiceSpecificRegistrationInfo { mCssSupported=false mRoamingIndicator=1 mSystemIsInPrl=-1 mDefaultRoamingIndicator=-1} dataSpecificInfo=null nrState=NONE rRplmn=21403}, NetworkRegistrationInfo{ domain=PS transportType=WWAN registrationState=HOME roamingType=NOT_ROAMING accessNetworkTechnology=LTE rejectCause=0 emergencyEnabled=false availableServices=[DATA] cellIdentity=CellIdentityLte:{ mBandwidth=2147483647 mMcc=214 mMnc=03 mAlphaLong=EUSKALTEL mAlphaShort=EUSKALTEL mAdditionalPlmns={} mCsgInfo=null} voiceSpecificInfo=null dataSpecificInfo=android.telephony.DataSpecificRegistrationInfo :{ maxDataCalls = 20 isDcNrRestricted = false isNrAvailable = false isEnDcAvailable = false LteVopsSupportInfo :  mVopsSupport = 2 mEmcBearerSupport = 2 mIsUsingCarrierAggregation = false } nrState=NONE rRplmn=21403}], mNrFrequencyRange=0, mOperatorAlphaLongRaw=EUSKALTEL, mOperatorAlphaShortRaw=EUSKALTEL, mIsDataRoamingFromRegistration=false, mIsIwlanPreferred=false} subId=8
12-14 03:15:59.897  1863  5774 W AppOps  : Noting op not finished: uid 10029 pkg com.google.android.gms code 79 startTime of in progress event=1765678255637
12-14 03:15:59.899  1863  5782 W AppOps  : Noting op not finished: uid 10029 pkg com.google.android.gms code 79 startTime of in progress event=1765678255637
12-14 03:15:59.899  2550  2550 D KeyguardUpdateMonitor: handleServiceStateChange(subId=8, serviceState={mVoiceRegState=0(IN_SERVICE), mDataRegState=0(IN_SERVICE), mChannelNumber=6200, duplexMode()=1, mCellBandwidths=[2147483647], mOperatorAlphaLong=EUSKALTEL, mOperatorAlphaShort=EUSKALTEL, isManualNetworkSelection=false(automatic), getRilVoiceRadioTechnology=14(LTE), getRilDataRadioTechnology=14(LTE), mCssIndicator=unsupported, mNetworkId=-1, mSystemId=-1, mCdmaRoamingIndicator=-1, mCdmaDefaultRoamingIndicator=-1, mIsEmergencyOnly=false, isUsingCarrierAggregation=false, mLteEarfcnRsrpBoost=0, mNetworkRegistrationInfos=[NetworkRegistrationInfo{ domain=CS transportType=WWAN registrationState=HOME roamingType=NOT_ROAMING accessNetworkTechnology=LTE rejectCause=0 emergencyEnabled=false availableServices=[VOICE,SMS,VIDEO] cellIdentity=CellIdentityLte:{ mBandwidth=2147483647 mMcc=214 mMnc=03 mAlphaLong=EUSKALTEL mAlphaShort=EUSKALTEL mAdditionalPlmns={} mCsgInfo=null} voiceSpecificInfo=VoiceSpecificRegistrationInfo { mCssSupported=false mRoamingIndicator=1 mSystemIsInPrl=-1 mDefaultRoamingIndicator=-1} dataSpecificInfo=null nrState=NONE rRplmn=21403}, NetworkRegistrationInfo{ domain=PS transportType=WWAN registrationState=HOME roamingType=NOT_ROAMING accessNetworkTechnology=LTE rejectCause=0 emergencyEnabled=false availableServices=[DATA] cellIdentity=CellIdentityLte:{ mBandwidth=2147483647 mMcc=214 mMnc=03 mAlphaLong=EUSKALTEL mAlphaShort=EUSKALTEL mAdditionalPlmns={} mCsgInfo=null} voiceSpecificInfo=null dataSpecificInfo=android.telephony.DataSpecificRegistrationInfo :{ maxDataCalls = 20 isDcNrRestricted = false isNrAvailable = false isEnDcAvailable = false LteVopsSupportInfo :  mVopsSupport = 2 mEmcBearerSupport = 2 mIsUsingCarrierAggregation = false } nrState=NONE rRplmn=21403}], mNrFrequencyRange=0, mOperatorAlphaLongRaw=EUSKALTEL, mOperatorAlphaShortRaw=EUSKALTEL, mIsDataRoamingFromRegistration=false, mIsIwlanPreferred=false}
12-14 03:15:59.900  1863  4385 W AppOps  : Noting op not finished: uid 10029 pkg com.google.android.gms code 79 startTime of in progress event=1765678255637
12-14 03:15:59.901  2663  2663 W DPMJ    : |SERVICE| DPM received unexpected action: android.intent.action.ANY_DATA_STATE
12-14 03:15:59.904  2550  2550 D MiuiCarrierTextController: updateCarrierText: EUSKALTEL
12-14 03:15:59.907  2550  2661 D NetworkController: onReceive: intent=Intent { act=android.intent.action.SERVICE_STATE flg=0x1000010 (has extras) }
12-14 03:15:59.907  2811  2811 I Telephony: isRttCurrentlySupported -- regular acct, hasVoiceAvailability: false
12-14 03:15:59.907  2811  2811 I Telephony:  isRttSupported: false
12-14 03:15:59.907  2811  2811 I Telephony:  isRoaming: false
12-14 03:15:59.907  2811  2811 I Telephony:  isOnWfc: false
12-14 03:15:59.907  2550  2661 D NetworkController: onReceive: intent=Intent { act=android.intent.action.ANY_DATA_STATE flg=0x10 (has extras) }
12-14 03:15:59.908  4391  4391 D PASRDozeReceiver: Received Intent Intent { act=android.intent.action.SCREEN_ON flg=0x50200010 }
12-14 03:15:59.909  2811  2811 D Telephony: Ss changed, mIsEmergencyOnly=false,slotId=0
12-14 03:15:59.910  4391  4391 D PASRDozeReceiver: Sent intent Successfully
12-14 03:15:59.911  4391  4391 D PASRService: PASRService started
12-14 03:15:59.911  4391  4391 D PASRService: OnStart, Intent: android.intent.action.SCREEN_ON
12-14 03:15:59.911  4391  4391 D PASRService: State is now: -1
12-14 03:15:59.912  2774  2774 D DeviceStatisticsService: Send device is interactive
12-14 03:15:59.916  1863  4385 I system_server: oneway function results will be dropped but finished with status OK and parcel size 4
12-14 03:15:59.918 30468 30468 D BroadcastExecutor: BroadcastExecutor : 2
12-14 03:15:59.920 18855 18855 D TouchAssistant: updateAll and mViewAdded = true
12-14 03:15:59.923 30468 30468 D BroadcastExecutor: BroadcastExecutor : 2
12-14 03:15:59.925 30468 30468 W AD-PLUGIN-PushAdManager: pushRealTimeRequest mode mismatching
12-14 03:15:59.938   507   507 D lowmemorykiller: medium pressure event polling check
12-14 03:15:59.938   507   507 D lowmemorykiller: thrashing: 1% thrashing_limit: 10%
12-14 03:15:59.939   507   507 D lowmemorykiller: Not killing for medium pressure event polling check
12-14 03:15:59.948 20254 20254 I Perf    : Connecting to perf service.
12-14 03:15:59.901  1863  4385 I chatty  : uid=1000(system) Binder:1863_16 identical 1 line
12-14 03:15:59.963  1863  4385 W AppOps  : Noting op not finished: uid 10029 pkg com.google.android.gms code 79 startTime of in progress event=1765678255637
12-14 03:15:59.968  1863  4351 W AppOps  : Noting op not finished: uid 10029 pkg com.google.android.gms code 79 startTime of in progress event=1765678255637
12-14 03:15:59.971 18563 19038 W NsdServiceInfo: Key lengths > 9 are discouraged: commonData
12-14 03:15:59.972  1863  4385 W AppOps  : Noting op not finished: uid 10029 pkg com.google.android.gms code 79 startTime of in progress event=1765678255637
12-14 03:15:59.975  1863  4351 W AppOps  : Noting op not finished: uid 10029 pkg com.google.android.gms code 79 startTime of in progress event=1765678255637
12-14 03:15:59.980 18855 18855 D TouchAssistant: onReceive action: android.intent.action.SCREEN_ON
12-14 03:15:59.980 18855 18855 D TouchAssistant: onReceive action: android.intent.action.SCREEN_ON handle completed.
12-14 03:15:59.980  3297  5283 I ActivityScheduler: nextTriggerTime: 14581027, in 60000ms, detectorType: 39, FULL_TYPE alarmWindowMillis: 7500
12-14 03:15:59.982 18855 18855 D TouchAssistant: watcher start
12-14 03:16:00.009 20254 20254 D NetworkSecurityConfig: No Network Security Config specified, using platform default
12-14 03:16:00.009 20254 20254 D NetworkSecurityConfig: No Network Security Config specified, using platform default
12-14 03:16:00.010  2550  2550 D KeyguardUpdateMonitor: received broadcast android.intent.action.TIME_TICK
12-14 03:16:00.024  2550  2550 D KeyguardUpdateMonitor: handleTimeUpdate
12-14 03:16:00.030  4365  4403 I com.miui.daemo: oneway function results will be dropped but finished with status OK and parcel size 4
12-14 03:16:00.031  2811  6862 I SarService: Receiver polling >>>> Change receiver mode: off
12-14 03:16:00.034 30468  6882 W miui.msa.globa: Long monitor contention with owner ad-plugin-urgent-15 (20269) at void com.xiaomi.ad.internal.common.f.j()(SecuritySharedPreferencesWrapper.java:10) waiters=0 in void com.xiaomi.ad.internal.common.f.j() for 187ms
12-14 03:16:00.038 30468  6646 W AD-PLUGIN-SplashAdEventTracker: Events filtered action: SPLASH_INTERRUPT
12-14 03:16:00.039 20254 20254 D CellBroadcastReceiver: onReceive Intent { act=android.intent.action.SERVICE_STATE flg=0x1000010 cmp=com.android.cellbroadcastreceiver/.CellBroadcastReceiver (has extras) }
12-14 03:16:00.040   507   507 D lowmemorykiller: medium pressure event polling check
12-14 03:16:00.040   507   507 D lowmemorykiller: thrashing: 1% thrashing_limit: 10%
12-14 03:16:00.040  1863 20250 W BpBinder: PerfMonitor binderTransact :  time=323ms interface=com.miui.server.ISplashScreenService code=1
12-14 03:16:00.040   507   507 D lowmemorykiller: Not killing for medium pressure event polling check
12-14 03:16:00.040  1863  2175 I ActivityTaskManager: START u0 {act=android.intent.action.VIEW dat=file:///data/app/vmdl1931471850.tmp typ=application/vnd.android.package-archive flg=0x18000000 cmp=com.miui.securitycenter/com.miui.permcenter.install.AdbInstallActivity (has extras)} from uid 1000
12-14 03:16:00.041  1863  2175 D MiuiMultiWindowAdapter: MiuiMultiWindowAdapter::getFreeformBlackList::sSmallWindowBlackList = [com.miui.securitycenter, com.miui.mishare.connectivity, com.android.settings, com.android.printspooler, com.miui.backup, com.miui.huanji, com.android.thememanager, com.mfashiongallery.emag, com.miui.virtualsim, com.miui.smarttravel, com.mi.health, com.android.camera, com.lbe.security.miui, com.miui.cleanmaster, com.miui.newhome, com.miui.voiceassist, com.android.phone, com.miui.yellowpage, com.android.updater, com.miui.tsmclient, com.miui.securitycore, com.xiaomi.account, com.xiaomi.hm.health, com.xiaomi.mibrain.speech, com.xiaomi.mimoji, com.xiaomi.scanner, com.duokan.phone.remotecontroller, com.miui.hybrid, com.miui.videoplayer, com.miui.packageinstaller, com.mi.android.globallauncher, com.mi.android.globallauncher-poco, com.google.android.dialer, com.miui.compass, com.miui.greenguard, com.kiteguard, com.google.ar.lens, com.xiangkan.android, com.android.bankabc, com.sohu.inputmethod.sogou, com.shyz.toutiao, com.netease.mc.mi, com.outfit7.talkingtomgoldrun.mi, com.doudz.mi, com.wepie.snake.new.mi, cn.jj, com.standddz002.mi, com.miHoYo.bh3.mi, com.qqgame.hlddz, com.happyelements.AndroidAnimal, com.minitech.miniworld.TMobile.mi, com.mfp.jelly.xiaomi, com.lilithgames.afk.mi, com.tencent.peng, com.teenpatti.hd.gold, blockpuzzle.jewelgames.jewelslegend, com.playgendary.tanks, com.chillingo.robberybobfree.android.row, com.episodeinteractive.android.catalog, com.playrix.township, com.ansangha.drdriving, com.google.android.youtube, com.gbits.atm.mi, com.tencent.tetris, com.sukhavati.gotoplaying.bubble.BubbleShooter.mint, com.block.puzzle.game.hippo.mi, com.youzu.bs.mi, com.appsomniacs.da2, com.android.stk, com.feiyu.carrot3.mi, com.popcap.pvz2cthdxm, com.mxtech.videoplayer.ad, cn.cisc, com.kiloo.subwaysurf, com.cncyj.mostbrain, pdf.tap.scanner, com.og.ttddz.mi, com.ximalaya.ting.lite, com.google.android.apps.googleassistant, com.netease.mrzh.mi, com.netease.mrzh.bili, com.netease.pes.huawei, com.netease.pes.mi, com.netease.pes.bili, com.flyfish.supermario, com.picsart.studio, com.netease.dwrg.mi, com.netease.dwrg.bili, com.netease.dwrg.nearme.gamecenter, com.netease.dwrg, com.netease.dwrg.huawei, com.tencent.tmgp.dwrg, com.netease.dwrg.m4399, com.netease.dwrg.mz, com.netease.dwrg.aligames, com.netease.dwrg.baidu, com.netease.dwrg.qihoo, com.moji.mjweather, com.tencent.tmgp.kof98, com.taobao.idlefish, com.ledou.mhhy.mi, com.hzfy.ddzbs.mi, com.qsmy.walkmonkey, com.fy.bzzbc.mi, com.dw.xprqj.mi, com.miui.accessibility, com.ymt.nbaftx.mi, com.amazon.kindlefc, com.sinyee.babybus.recommendapp, com.mcdonalds.gma.cn, com.midea.ai.appliances, com.eco.global.app, com.inspur.icity.tianjin, com.zy.game.thief.mi, com.alimama.moon, com.xinhu.steward, com.rytong.ceair, com.nxy.mobilebank.gx, com.xplaygame.mfbwz.mi, cn.gov.lottery, com.zy.game.bubbletea.mi, com.zy.game.psdc.mi, com.microsoft.office.powerpoint, com.duoduo.child.story, com.lemon.lv]
12-14 03:16:00.052  1863  2175 D CompatibilityInfo: mCompatibilityFlags - 0
12-14 03:16:00.052  1863  2175 D CompatibilityInfo: applicationDensity - 440
12-14 03:16:00.052  1863  2175 D CompatibilityInfo: applicationScale - 1.0
12-14 03:16:00.055  1863  2175 D ActivityTrigger: ActivityTrigger activityPauseTrigger 
12-14 03:16:00.064 15960 15960 D FiveGViceSAPreferenceController: onPause
12-14 03:16:00.065  1863  4385 D CompatibilityInfo: mCompatibilityFlags - 0
12-14 03:16:00.065  1863  4385 D CompatibilityInfo: applicationDensity - 440
12-14 03:16:00.065  1863  4385 D CompatibilityInfo: applicationScale - 1.0
12-14 03:16:00.073  1863  2348 I MiuiNetworkPolicy: updateUidState uid = 10077, uidState = 19
12-14 03:16:00.073  1863  2348 I MiuiNetworkPolicy: updateUidState uid = 10051, uidState = 11
12-14 03:16:00.075  1863  2424 I ActivityTaskManager: The Process com.miui.securitycenter Already Exists in BG. So sending its PID: 19106
12-14 03:16:00.076  1863  2424 W ActivityTaskManager: Tried to set launchTime (0) < mLastActivityLaunchTime (12809075)
12-14 03:16:00.078  1863  2424 D CompatibilityInfo: mCompatibilityFlags - 0
12-14 03:16:00.078  1863  2424 D CompatibilityInfo: applicationDensity - 440
12-14 03:16:00.078  1863  2424 D CompatibilityInfo: applicationScale - 1.0
12-14 03:16:00.079 10114 11562 D PerfEngineController: ForegroundInfo{mForegroundPackageName='com.miui.securitycenter', mForegroundUid=1000, mForegroundPid=19106, mLastForegroundPackageName='com.android.settings', mLastForegroundUid=1000, mLastForegroundPid=15960, mMultiWindowForegroundPackageName='null', mMultiWindowForegroundUid=-1, mFlags=0}
12-14 03:16:00.079  4822 22622 I ProcessMonitor: onForegroundInfoChanged: ForegroundInfo{mForegroundPackageName='com.miui.securitycenter', mForegroundUid=1000, mForegroundPid=19106, mLastForegroundPackageName='com.android.settings', mLastForegroundUid=1000, mLastForegroundPid=15960, mMultiWindowForegroundPackageName='null', mMultiWindowForegroundUid=-1, mFlags=0}
12-14 03:16:00.080 10114 10345 I ThermalInfoCollector: collectForgroundAppsInfo
12-14 03:16:00.080 14161 14179 D AutoInstallService: onForegroundInfoChanged: com.miui.securitycenter
12-14 03:16:00.080  4822 22622 I GameBoosterService: onForegroundInfoChanged: Cur=com.miui.securitycenter	 last=com.android.settings
12-14 03:16:00.084  1863  2424 W DisplayManagerService: Arvind :configureDisplayLocked info state  2
12-14 03:16:00.085  1863  2424 I Timeline: Timeline: App_transition_ready time:12891341
12-14 03:16:00.088  4822 22622 D GameBoosterService: onGameStatusChange foreground:ForegroundInfo{mForegroundPackageName='com.miui.securitycenter', mForegroundUid=1000, mForegroundPid=19106, mLastForegroundPackageName='com.android.settings', mLastForegroundUid=1000, mLastForegroundPid=15960, mMultiWindowForegroundPackageName='null', mMultiWindowForegroundUid=-1, mFlags=0}
12-14 03:16:00.088  4822 22622 I VideoBoxUtils: isSupportVideoBox: false
12-14 03:16:00.094  4822 22622 E GameBoosterReflectUtils: java.lang.NoSuchMethodException: android.app.ActivityManager$StackInfo.getWindowingMode []
12-14 03:16:00.099  5871  6227 I BtGatt.ScanManager: msg.what = 8
12-14 03:16:00.100  1863  2114 I Timeline: Timeline: App_transition_ready time:12891357
12-14 03:16:00.101  2838  2838 W Launcher: onDisplayChanged: newRotation=0, mCurrentRotation=0
12-14 03:16:00.101  4234 11602 D PMonitor:  onForegroundActivitiesChanged:pid = 19106,activity-uid=1000,foregroundActivities=true
12-14 03:16:00.104  1863  2535 D MIUIInput: [FoucsChange]: Display  0 FocusedWindow From Window{62c5f7b mode=0 rootTaskId=2648 u0 com.android.settings/com.android.settings.Settings$DevelopmentSettingsDashboardActivity}(1,0)  to null(0,0)
12-14 03:16:00.105  2550  3059 D ScreenDecorations: updateOrientation: false
12-14 03:16:00.105  4822 22622 I VideoToolBoxService: splitMode: onfalse
12-14 03:16:00.105  5871  6227 I BtGatt.ScanManager: msg.what = 5
12-14 03:16:00.107  4822 22622 I VideoToolBoxService: not support vtb. skipExit : false
12-14 03:16:00.108 18855 18855 D TouchAssistant: getPackageNameFromPid packageName:com.miui.securitycenter
12-14 03:16:00.108 18855 18855 D TouchAssistant: onTopAppChanged packageName:com.miui.securitycenter
12-14 03:16:00.108 18855 18855 D TouchAssistant: onTopAppChanged show
12-14 03:16:00.111 18855 18855 D TouchAssistant: AssistantWindowHelper isWeltHidden
12-14 03:16:00.111 18855 18855 D TouchAssistant: AssistantWindowHelper forceSlideAway()
12-14 03:16:00.111 18855 18855 D TouchAssistant: AssistantWindowHelper onAutoSlideAway() mIsAutoSliding: false, mIsAutoSliding: false
12-14 03:16:00.112 18855 18855 D TouchAssistant: updateAll and mViewAdded = true
12-14 03:16:00.115  1863  2114 I Timeline: Timeline: App_transition_ready time:12891371
12-14 03:16:00.121  1863  4385 I Timeline: Timeline: App_transition_ready time:12891378
12-14 03:16:00.132 19106 19106 D DecorView[]: getWindowModeFromSystem  windowmode is 1
12-14 03:16:00.132 19106 19106 D DecorView: createDecorCaptionView windowingMode:1 mWindowMode 1 isFullscreen: true
12-14 03:16:00.134   507   507 D lowmemorykiller: medium pressure event polling check
12-14 03:16:00.135   507   507 D lowmemorykiller: thrashing: 1% thrashing_limit: 10%
12-14 03:16:00.135   507   507 D lowmemorykiller: Not killing for medium pressure event polling check
12-14 03:16:00.138  1863  5774 I Timeline: Timeline: App_transition_ready time:12891394
12-14 03:16:00.142 19106 19106 E DeviceInfo: isAboveOS2Version fail: java.lang.NumberFormatException: For input string: ""
12-14 03:16:00.145  1863  4351 I Timeline: Timeline: App_transition_ready time:12891401
12-14 03:16:00.163 24287 24303 D  GuardProvider: start parse apk : /data/app/vmdl1931471850.tmp
12-14 03:16:00.174 24287 24303 E i.guardprovide: Invalid ID 0x00000000.
12-14 03:16:00.174  1863  4351 D CompatibilityInfo: mCompatibilityFlags - 0
12-14 03:16:00.174  1863  4351 D CompatibilityInfo: applicationDensity - 440
12-14 03:16:00.174  1863  4351 D CompatibilityInfo: applicationScale - 1.0
12-14 03:16:00.176 20254 20254 D CellBroadcastReceiver: onReceive Intent { act=android.intent.action.SERVICE_STATE flg=0x1000010 cmp=com.android.cellbroadcastreceiver/.CellBroadcastReceiver (has extras) }
12-14 03:16:00.182  4822  4857 I SCTaskStackListener: onTaskStackChanged! inSplit = false
12-14 03:16:00.182  4822 22622 I SCTaskStackListener: onTaskStackChanged! inSplit = false
12-14 03:16:00.184  1863  2348 I MiuiNetworkPolicy: updateUidState uid = 10077, uidState = 19
12-14 03:16:00.184  1863  2348 I MiuiNetworkPolicy: updateUidState uid = 10051, uidState = 19
12-14 03:16:00.186 24287 24303 E i.guardprovide: Invalid ID 0x00000000.
12-14 03:16:00.186 24287 24303 E ziparchive: Zip: failed to read at offset 0
12-14 03:16:00.186 24287 24303 E ziparchive: Zip: read 3488 from offset 0 failed
12-14 03:16:00.186 24287 24303 E i.guardprovide: Failed to open APK '/data/app/vmdl1931471850.tmp' I/O error
12-14 03:16:00.188 24287 24303 E i.guardprovide: No package ID 7f found for ID 0x7f10001d.
12-14 03:16:00.192 24287 24303 E ziparchive: Zip: failed to read at offset 0
12-14 03:16:00.192 24287 24303 E ziparchive: Zip: read 3488 from offset 0 failed
12-14 03:16:00.192 24287 24303 E i.guardprovide: Failed to open APK '/data/app/vmdl1931471850.tmp' I/O error
12-14 03:16:00.192 24287 24303 E ResourcesManager: failed to add asset path /data/app/vmdl1931471850.tmp
12-14 03:16:00.193 24287 24303 W PackageManager: Failure retrieving resources for com.awakeningprotocol
12-14 03:16:00.193 24287 24303 E ziparchive: Zip: failed to read at offset 0
12-14 03:16:00.193 24287 24303 E ziparchive: Zip: read 3488 from offset 0 failed
12-14 03:16:00.193 24287 24303 E i.guardprovide: Failed to open APK '/data/app/vmdl1931471850.tmp' I/O error
12-14 03:16:00.193 24287 24303 E ResourcesManager: failed to add asset path /data/app/vmdl1931471850.tmp
12-14 03:16:00.194 24287 24303 W PackageManager: Failure retrieving resources for com.awakeningprotocol
12-14 03:16:00.210  1863  4351 D ActivityTrigger: ActivityTrigger activityPauseTrigger 
12-14 03:16:00.228 19106 19106 D AlertController: Alert dialog ime debugEnable = 
12-14 03:16:00.230 19106 19106 D DecorView: createDecorCaptionView windowingMode:1 mWindowMode 1 isFullscreen: true
12-14 03:16:00.231  2811  6862 I SarService: Receiver polling >>>> Change receiver mode: off
12-14 03:16:00.233   507   507 D lowmemorykiller: medium pressure event polling check
12-14 03:16:00.234   507   507 D lowmemorykiller: thrashing: 1% thrashing_limit: 10%
12-14 03:16:00.234   507   507 D lowmemorykiller: Not killing for medium pressure event polling check
12-14 03:16:00.234   507   507 D lowmemorykiller: medium pressure event triggered
12-14 03:16:00.234  1863  4349 D MIUIInput: [FoucsChange]: Display  0 FocusedWindow From null(0,0)  to Window{62c5f7b mode=0 rootTaskId=2648 u0 com.android.settings/com.android.settings.Settings$DevelopmentSettingsDashboardActivity}(1,1)
12-14 03:16:00.235   507   507 D lowmemorykiller: Not killing for medium pressure event trigger
12-14 03:16:00.238  4019  4019 I GoogleInputMethodService: GoogleInputMethodService.onFinishInput():2097 
12-14 03:16:00.239  4019  4019 I Module  : DeviceLockedStatusModuleProvider$Module.updateDeviceLockedStatus():103 repeatCheckTimes = 0, locked = false
12-14 03:16:00.239  4019  4019 I GoogleInputMethodService: GoogleInputMethodService.onStartInput():1347 onStartInput(EditorInfo{EditorInfo{packageName=com.android.settings, inputType=0, inputTypeString=NULL, enableLearning=false, autoCorrection=false, autoComplete=false, imeOptions=0, privateImeOptions=null, actionName=UNSPECIFIED, actionLabel=null, initialSelStart=-1, initialSelEnd=-1, initialCapsMode=0, label=null, fieldId=2131363511, fieldName=null, extras=null, hintText=null, hintLocales=[]}}, false)
12-14 03:16:00.241  4019  4019 I Module  : DeviceLockedStatusModuleProvider$Module.updateDeviceLockedStatus():103 repeatCheckTimes = 1, locked = false
12-14 03:16:00.267  2838  2838 D RecentsImpl: mActivityStateObserver com.miui.permcenter.install.AdbInstallActivity
12-14 03:16:00.268  2838  2838 W RecentsImpl: onResumed className=com.miui.permcenter.install.AdbInstallActivity   mIsInAnotherPro=false
12-14 03:16:00.276 14161 14179 D AutoInstallService: onForegroundInfoChanged: com.android.settings
12-14 03:16:00.277 10114 11562 D PerfEngineController: ForegroundInfo{mForegroundPackageName='com.android.settings', mForegroundUid=1000, mForegroundPid=15960, mLastForegroundPackageName='com.miui.securitycenter', mLastForegroundUid=1000, mLastForegroundPid=19106, mMultiWindowForegroundPackageName='null', mMultiWindowForegroundUid=-1, mFlags=0}
12-14 03:16:00.277  4822  4857 I ProcessMonitor: onForegroundInfoChanged: ForegroundInfo{mForegroundPackageName='com.android.settings', mForegroundUid=1000, mForegroundPid=15960, mLastForegroundPackageName='com.miui.securitycenter', mLastForegroundUid=1000, mLastForegroundPid=19106, mMultiWindowForegroundPackageName='null', mMultiWindowForegroundUid=-1, mFlags=0}
12-14 03:16:00.277 30468 30487 I miui.msa.globa: oneway function results will be dropped but finished with status OK and parcel size 4
12-14 03:16:00.278  4822  4857 I GameBoosterService: onForegroundInfoChanged: Cur=com.android.settings	 last=com.miui.securitycenter
12-14 03:16:00.279  4822  4857 D GameBoosterService: onGameStatusChange foreground:ForegroundInfo{mForegroundPackageName='com.android.settings', mForegroundUid=1000, mForegroundPid=15960, mLastForegroundPackageName='com.miui.securitycenter', mLastForegroundUid=1000, mLastForegroundPid=19106, mMultiWindowForegroundPackageName='null', mMultiWindowForegroundUid=-1, mFlags=0}
12-14 03:16:00.279  4822  4857 I VideoBoxUtils: isSupportVideoBox: false
12-14 03:16:00.279 10114 10345 I ThermalInfoCollector: collectForgroundAppsInfo
12-14 03:16:00.284  1863  4351 I Timeline: Timeline: App_transition_ready time:12891540
12-14 03:16:00.284  1863  4351 I Timeline: Timeline: App_transition_stopped time:12891541
12-14 03:16:00.288 15960 20233 W TileUtils: Found com.android.settings.Settings$WifiDisplaySettingsActivity for intent Intent { act=com.android.settings.action.SETTINGS pkg=com.android.settings } missing metadata com.android.settings.category
12-14 03:16:00.290 15960 15960 D FiveGViceSAPreferenceController: onResume
12-14 03:16:00.291 15960 17184 D ControllerTask: Cannot find preference with key wifi_unsaved_network_linking in Controller WifiUnsavedNetworkLinkingPreferenceController
12-14 03:16:00.292 15960 17181 D ControllerTask: Cannot find preference with key wifi_whitelist_roaming in Controller WifiWhitelistRoamingPreferenceController
12-14 03:16:00.293 15960 17177 D ControllerTask: Cannot find preference with key button_vice_sim_5g_sa_network in Controller FiveGViceSAPreferenceController
12-14 03:16:00.294 15960 17181 I BluetoothAbsoluteVolumePreferenceController: persist.vendor.bt.a2dp.absvolfeature is true
12-14 03:16:00.294 15960 17181 D BluetoothAbsoluteVolumePreferenceController:  persist.vendor.bt.a2dp.absvolfeature is true
12-14 03:16:00.299  2550  2896 D MiuiPhoneStatusBarPolicy: updateManagedProfile: secondSpace = false
12-14 03:16:00.302  2838  2838 D RecentsImpl: mActivityStateObserver com.android.settings.Settings$DevelopmentSettingsDashboardActivity
12-14 03:16:00.302  2838  2838 W RecentsImpl: onResumed className=com.android.settings.Settings$DevelopmentSettingsDashboardActivity   mIsInAnotherPro=false
12-14 03:16:00.303  4822  4857 I VideoToolBoxService: splitMode: onfalse
12-14 03:16:00.303  4822  4857 I VideoToolBoxService: not support vtb. skipExit : false
12-14 03:16:00.306  4234 11602 D PMonitor:  onForegroundActivitiesChanged:pid = 19106,activity-uid=1000,foregroundActivities=false
12-14 03:16:00.309 18855 18855 D TouchAssistant: topActivity.getPackageName(),packageName:com.android.settings
12-14 03:16:00.309 18855 18855 D TouchAssistant: onTopAppChanged packageName:com.android.settings
12-14 03:16:00.309 18855 18855 D TouchAssistant: onTopAppChanged show
12-14 03:16:00.311 18855 18855 D TouchAssistant: AssistantWindowHelper isWeltHidden
12-14 03:16:00.311 18855 18855 D TouchAssistant: AssistantWindowHelper forceSlideAway()
12-14 03:16:00.311 18855 18855 D TouchAssistant: AssistantWindowHelper onAutoSlideAway() mIsAutoSliding: true, mIsAutoSliding: true
12-14 03:16:00.312 18855 18855 D TouchAssistant: updateAll and mViewAdded = true
12-14 03:16:00.322 15960 19250 D SettingsActivity: No enabled state changed, skipping updateCategory call
12-14 03:16:00.336   507   507 D lowmemorykiller: medium pressure event polling check
12-14 03:16:00.337   507   507 D lowmemorykiller: Not killing for medium pressure event polling check
12-14 03:16:00.337  2811  2811 E PhoneInterfaceManager: [PhoneIntfMgr] getAllowedCarriers: CommandException: com.android.internal.telephony.CommandException: REQUEST_NOT_SUPPORTED
12-14 03:16:00.345  2811  2811 E PhoneInterfaceManager: [PhoneIntfMgr] getAllowedCarriers: CommandException: com.android.internal.telephony.CommandException: REQUEST_NOT_SUPPORTED
12-14 03:16:00.359  1863  2175 E Pm      : install msg : Failure [INSTALL_CANCELED_BY_USER]
12-14 03:16:00.359  1863  2175 I com.android.server.pm.PackageManagerServiceInjector: MIUILOG- INSTALL_FAILED_USER_RESTRICTED  uid: 2000 pkg : null
12-14 03:16:00.359  1863  2175 E PackageInstallerSession: Commit of session 1931471850 failed: Install canceled by user
12-14 03:16:00.360 19106 19106 E WindowManager: android.view.WindowLeaked: Activity com.miui.permcenter.install.AdbInstallActivity has leaked window DecorView@26ae01e[AdbInstallActivity] that was originally added here
12-14 03:16:00.360 19106 19106 E WindowManager: 	at android.view.ViewRootImpl.<init>(ViewRootImpl.java:776)
12-14 03:16:00.360 19106 19106 E WindowManager: 	at android.view.ViewRootImpl.<init>(ViewRootImpl.java:760)
12-14 03:16:00.360 19106 19106 E WindowManager: 	at android.view.WindowManagerGlobal.addView(WindowManagerGlobal.java:399)
12-14 03:16:00.360 19106 19106 E WindowManager: 	at android.view.WindowManagerImpl.addView(WindowManagerImpl.java:111)
12-14 03:16:00.360 19106 19106 E WindowManager: 	at android.app.Dialog.show(Dialog.java:342)
12-14 03:16:00.360 19106 19106 E WindowManager: 	at miuix.appcompat.app.AlertDialog.show(Unknown Source:8)
12-14 03:16:00.360 19106 19106 E WindowManager: 	at com.miui.common.base.AlertActivity.i0(Unknown Source:4)
12-14 03:16:00.360 19106 19106 E WindowManager: 	at com.miui.permcenter.install.AdbInstallActivity.h0(Unknown Source:3)
12-14 03:16:00.360 19106 19106 E WindowManager: 	at com.miui.common.base.AlertActivity.onCreate(Unknown Source:40)
12-14 03:16:00.360 19106 19106 E WindowManager: 	at android.app.Activity.performCreate(Activity.java:8157)
12-14 03:16:00.360 19106 19106 E WindowManager: 	at android.app.Activity.performCreate(Activity.java:8129)
12-14 03:16:00.360 19106 19106 E WindowManager: 	at android.app.Instrumentation.callActivityOnCreate(Instrumentation.java:1310)
12-14 03:16:00.360 19106 19106 E WindowManager: 	at android.app.ActivityThread.performLaunchActivity(ActivityThread.java:3512)
12-14 03:16:00.360 19106 19106 E WindowManager: 	at android.app.ActivityThread.handleLaunchActivity(ActivityThread.java:3699)
12-14 03:16:00.360 19106 19106 E WindowManager: 	at android.app.servertransaction.LaunchActivityItem.execute(LaunchActivityItem.java:85)
12-14 03:16:00.360 19106 19106 E WindowManager: 	at android.app.servertransaction.TransactionExecutor.executeCallbacks(TransactionExecutor.java:135)
12-14 03:16:00.360 19106 19106 E WindowManager: 	at android.app.servertransaction.TransactionExecutor.execute(TransactionExecutor.java:95)
12-14 03:16:00.360 19106 19106 E WindowManager: 	at android.app.ActivityThread$H.handleMessage(ActivityThread.java:2135)
12-14 03:16:00.360 19106 19106 E WindowManager: 	at android.os.Handler.dispatchMessage(Handler.java:106)
12-14 03:16:00.360 19106 19106 E WindowManager: 	at android.os.Looper.loop(Looper.java:236)
12-14 03:16:00.360 19106 19106 E WindowManager: 	at android.app.ActivityThread.main(ActivityThread.java:8037)
12-14 03:16:00.360 19106 19106 E WindowManager: 	at java.lang.reflect.Method.invoke(Native Method)
12-14 03:16:00.360 19106 19106 E WindowManager: 	at com.android.internal.os.RuntimeInit$MethodAndArgsCaller.run(RuntimeInit.java:656)
12-14 03:16:00.360 19106 19106 E WindowManager: 	at com.android.internal.os.ZygoteInit.main(ZygoteInit.java:967)
12-14 03:16:00.360  1863  5769 W system_server: Long monitor contention with owner PackageInstaller (2175) at void com.android.server.pm.PackageInstallerSession.handleInstall()(PackageInstallerSession.java:1758) waiters=0 in int com.android.server.pm.PackageInstallerSession.getInstallerUid() for 1.017s
12-14 03:16:00.360  2838  2942 W BpBinder: PerfMonitor binderTransact :  time=1018ms interface=android.content.pm.IPackageInstaller code=6
12-14 03:16:00.363  2502  2502 D KeyguradWallpaperSourceController: set_lock_wallpaper_result:false
12-14 03:16:00.386 12586 12603 I abb     : oneway function results will be dropped but finished with status OK and parcel size 4
12-14 03:16:00.374  1863  1863 W Binder:1863_4: type=1400 audit(0.0:73836): avc: denied { getopt } for scontext=u:r:system_server:s0 tcontext=u:r:shell:s0 tclass=unix_stream_socket permissive=0
12-14 03:16:00.387 12586 20219 W BpBinder: PerfMonitor binderTransact :  time=2924ms interface=android.content.pm.IPackageManager code=1598246212
12-14 03:16:00.388  1863  5782 W WindowManager: Failed looking up window session=Session{29e2c7a 19106:1000} callers=com.android.server.wm.WindowManagerService.windowForClientLocked:6016 com.android.server.wm.WindowManagerService.removeWindow:2187 com.android.server.wm.Session.remove:195 
12-14 03:16:00.374  1863  1863 I chatty  : uid=1000(system) Binder:1863_3 identical 1 line
12-14 03:16:00.374  1863  1863 W Binder:1863_4: type=1400 audit(0.0:73838): avc: denied { getopt } for scontext=u:r:system_server:s0 tcontext=u:r:shell:s0 tclass=unix_stream_socket permissive=0
12-14 03:16:00.392  4822  4857 I SCTaskStackListener: onTaskStackChanged! inSplit = false
12-14 03:16:00.392  4822 22622 I SCTaskStackListener: onTaskStackChanged! inSplit = false
12-14 03:16:00.403 18855 18855 D TouchAssistant: updateAll and mViewAdded = true
12-14 03:16:00.428  3297  3297 D BoundBrokerSvc: onRebind: Intent { act=com.google.android.gms.libs.gmscorelogger.service.START dat=chimera-action: cmp=com.google.android.gms/.chimera.PersistentDirectBootAwareApiService }
12-14 03:16:00.432  2811  6862 I SarService: Receiver polling >>>> Change receiver mode: off
12-14 03:16:00.437   507   507 D lowmemorykiller: medium pressure event polling check
12-14 03:16:00.437   507   507 D lowmemorykiller: thrashing: 0% thrashing_limit: 10%
12-14 03:16:00.438   507   507 D lowmemorykiller: Not killing for medium pressure event polling check
12-14 03:16:00.538   507   507 D lowmemorykiller: medium pressure event polling check
12-14 03:16:00.539   507   507 D lowmemorykiller: Not killing for medium pressure event polling check
12-14 03:16:00.593   756  6551 I vendor.qti.bluetooth@1.0-ibs_handler: DeviceSleep: TX Awake, Sending SLEEP_IND
12-14 03:16:00.594   756  6551 D vendor.qti.bluetooth@1.0-ibs_handler: SerialClockVote: vote for UART CLK OFF
12-14 03:16:00.632  2811  6862 I SarService: Receiver polling >>>> Change receiver mode: off
12-14 03:16:00.639   507   507 D lowmemorykiller: medium pressure event polling check
12-14 03:16:00.639   507   507 D lowmemorykiller: Not killing for medium pressure event polling check
12-14 03:16:00.707 18563 19038 W Settings: Setting device_provisioned has moved from android.provider.Settings.Secure to android.provider.Settings.Global.
12-14 03:16:00.739   507   507 D lowmemorykiller: medium pressure event polling check
12-14 03:16:00.740   507   507 D lowmemorykiller: Not killing for medium pressure event polling check
12-14 03:16:00.744   756  6352 D vendor.qti.bluetooth@1.0-wake_lock: Release wakelock is released 
12-14 03:16:00.764  2550  2661 D NetworkController.MobileSignalController(8): onDataActivity: direction=0
12-14 03:16:00.764  2550  2661 D NetworkController.MobileSignalController(8): notifyListeners mConfig.alwaysShowNetworkTypeIcon=false  getNetworkType:13/LTE voiceNetType=13/LTE showDataIcon=true mConfig.alwaysShowDataRatIcon=false icons.mDataType=2131232019 mConfig.showVolteIcon=false isVolteSwitchOn=false volteIcon=0 mConfig.showVowifiIcon=false
12-14 03:16:00.832  2811  6862 I SarService: Receiver polling >>>> Change receiver mode: off
12-14 03:16:00.840   507   507 D lowmemorykiller: medium pressure event polling check
12-14 03:16:00.841   507   507 D lowmemorykiller: Not killing for medium pressure event polling check
12-14 03:16:00.941   507   507 D lowmemorykiller: medium pressure event polling check
12-14 03:16:00.942   507   507 D lowmemorykiller: Not killing for medium pressure event polling check
12-14 03:16:00.968     0     0 I init    : starting service 'qccsyshalservice'...
12-14 03:16:01.006 20302 20302 I qccsyshalservice: Start with system binder
12-14 03:16:01.007 20302 20302 I qccsyshalservice: Registering qccsyshal service...
12-14 03:16:01.007   509   509 I hwservicemanager: getTransport: Cannot find entry vendor.qti.hardware.qccsyshal@1.0::IQccsyshal/qccsyshal in either framework or device manifest.
12-14 03:16:01.007 20302 20302 E HidlServiceManagement: Service vendor.qti.hardware.qccsyshal@1.0::IQccsyshal/qccsyshal must be in VINTF manifest in order to register/get.
12-14 03:16:01.007 20302 20302 E qccsyshalservice: [ERROR] registerAsService() failed with status: -2147483648
12-14 03:16:00.985     0     0 I init    : Service 'qccsyshalservice' (pid 20302) exited with status 1
12-14 03:16:00.985     0     0 I init    : Sending signal 9 to service 'qccsyshalservice' (pid 20302) process group...
12-14 03:16:00.986     0     0 I libprocessgroup: Successfully killed process cgroup uid 1000 pid 20302 in 0ms
12-14 03:16:01.033  2811  6862 I SarService: Receiver polling >>>> Change receiver mode: off
12-14 03:16:01.042   507   507 D lowmemorykiller: medium pressure event polling check
12-14 03:16:01.043   507   507 D lowmemorykiller: Not killing for medium pressure event polling check
12-14 03:16:01.143   507   507 D lowmemorykiller: medium pressure event polling check
12-14 03:16:01.144   507   507 D lowmemorykiller: Not killing for medium pressure event polling check
12-14 03:16:01.234  2811  6862 I SarService: Receiver polling >>>> Change receiver mode: off
12-14 03:16:01.245   507   507 D lowmemorykiller: medium pressure event polling check
12-14 03:16:01.245   507   507 D lowmemorykiller: Not killing for medium pressure event polling check
12-14 03:16:01.319  2550  2550 V KeyguardStatusView: Enable transport text marquee
12-14 03:16:01.435  2811  6862 I SarService: Receiver polling >>>> Change receiver mode: off
12-14 03:16:01.508  4365  4403 I com.miui.daemo: oneway function results will be dropped but finished with status OK and parcel size 4
12-14 03:16:01.635  2811  6862 I SarService: Receiver polling >>>> Change receiver mode: off
12-14 03:16:01.644     0     0 I pmi632_charger: wdog_snarl_irq_handler: IRQ: wdog-snarl
12-14 03:16:01.644     0     0 I pmi632_charger: smblib_get_prop_usb_online: POWER_PATH_STATUS = 0x95
12-14 03:16:01.644     0     0 I pmi632_charger: smblib_get_prop_batt_health: BATTERY_CHARGER_STATUS_2 = 0x08
12-14 03:16:01.644     0     0 I pmi632_charger: smblib_get_prop_usb_online: POWER_PATH_STATUS = 0x95
12-14 03:16:01.644     0     0 I pmi632_charger: smblib_get_prop_batt_health: BATTERY_CHARGER_STATUS_2 = 0x08
12-14 03:16:01.644     0     0 I pmi632_charger: smblib_get_prop_batt_health: BATTERY_CHARGER_STATUS_2 = 0x08
12-14 03:16:01.645     0     0 I pmi632_charger: smblib_get_prop_usb_online: POWER_PATH_STATUS = 0x95
12-14 03:16:01.645     0     0 I pmi632_charger: smblib_get_prop_batt_health: BATTERY_CHARGER_STATUS_2 = 0x08
12-14 03:16:01.645     0     0 I QG-K    : qg_status_change_work: charge_status=1 charge_done=0
12-14 03:16:01.645     0     0 E PL_DISABLE: TAPER_END_VOTER,1 same vote off of val=0
12-14 03:16:01.645     0     0 E PL_DISABLE: TAPER_END_VOTER,1 Ignoring similar vote off of val=0
12-14 03:16:01.645     0     0 I QCOM-BATT: handle_main_charge_type: chg_state enabling parallel
12-14 03:16:01.645     0     0 E PL_DISABLE: CHG_STATE_VOTER,0 same vote off of val=0
12-14 03:16:01.645     0     0 E PL_DISABLE: CHG_STATE_VOTER,0 Ignoring similar vote off of val=0
12-14 03:16:01.645     0     0 I pmi632_charger: smblib_get_charge_param: input current limit status = 500000 (0x0a)
12-14 03:16:01.645     0     0 E PL_ENABLE_INDIRECT: USBIN_I_VOTER,0 same vote off of val=0
12-14 03:16:01.645     0     0 E PL_ENABLE_INDIRECT: USBIN_I_VOTER,0 Ignoring similar vote off of val=0
12-14 03:16:01.645     0     0 I QCOM-BATT: pl_fcc_vote_callback: cp_fcc_ua=3000000 total_fcc_ua=3000000 forced_main_fcc=0
12-14 03:16:01.645     0     0 E QCOM-BATT: pl_disable_vote_callback: FCC Stepper disabled
12-14 03:16:01.645     0     0 E FCC_MAIN: MAIN_FCC_VOTER,0 same vote on of val=3000000
12-14 03:16:01.645     0     0 E FCC_MAIN: MAIN_FCC_VOTER,0 Ignoring similar vote on of val=3000000
12-14 03:16:01.645     0     0 I pmi632_charger: smblib_set_charge_param: float voltage = 4370000 (0x4d)
12-14 03:16:01.645     0     0 I QCOM-BATT: pl_disable_vote_callback: parallel charging disabled
12-14 03:16:01.646     0     0 I         : length 2 addr=48c0
12-14 03:16:01.646     0     0 I val[0]  : 1b
12-14 03:16:01.646     0     0 I val[1]  : 4e
12-14 03:16:01.646     0     0 I addr=4842 mask: 01 val: 01
12-14 03:16:01.646     0     0 I         : length 2 addr=48c6
12-14 03:16:01.646     0     0 I val[1]  : 00
12-14 03:16:01.646     0     0 I addr=4842 mask: 01 val: 00
12-14 03:16:01.648     0     0 I addr=4842 mask: 01 val: 01
12-14 03:16:01.648     0     0 I         : length 2 addr=48c6
12-14 03:16:01.648     0     0 I val[0]  : 79
12-14 03:16:01.648     0     0 I val[1]  : 00
12-14 03:16:01.648     0     0 I addr=4842 mask: 01 val: 00
12-14 03:16:01.648     0     0 I         : length 2 addr=48c0
12-14 03:16:01.648     0     0 I val[0]  : 1b
12-14 03:16:01.648     0     0 I val[1]  : 4e
12-14 03:16:01.648     0     0 I pmi632_charger: smblib_get_charge_param: input current limit status = 500000 (0x0a)
12-14 03:16:01.648     0     0 I         : length 2 addr=48c0
12-14 03:16:01.648     0     0 I val[0]  : 1b
12-14 03:16:01.648     0     0 I val[1]  : 4e
12-14 03:16:01.648     0     0 I pmi632_charger: smblib_get_prop_batt_health: BATTERY_CHARGER_STATUS_2 = 0x08
12-14 03:16:01.648     0     0 I addr=4842 mask: 01 val: 01
12-14 03:16:01.648     0     0 I         : length 2 addr=48c6
12-14 03:16:01.648     0     0 I val[0]  : 79
12-14 03:16:01.648     0     0 I val[1]  : 00
12-14 03:16:01.648     0     0 I addr=4842 mask: 01 val: 00
12-14 03:16:01.650     0     0 I pmi632_charger: smblib_get_prop_batt_health: BATTERY_CHARGER_STATUS_2 = 0x08
12-14 03:16:01.650     0     0 I QG-K    : qg_charge_full_update: msoc=51 health=1 charge_full=0 charge_done=0
12-14 03:16:01.651     0     0 E FCC     : JEITA_VOTER,3 same vote on of val=3000000
12-14 03:16:01.651     0     0 E FCC     : JEITA_VOTER,3 Ignoring similar vote on of val=3000000
12-14 03:16:01.651     0     0 E USB_ICL : JEITA_VOTER,11 same vote off of val=0
12-14 03:16:01.651     0     0 E USB_ICL : JEITA_VOTER,11 Ignoring similar vote off of val=0
12-14 03:16:01.651     0     0 I QCOM-STEPCHG: handle_jeita:  jeita vote fv_uv:4400000 last_vol:4400000
12-14 03:16:01.651     0     0 E FV      : JEITA_VOTER,3 same vote on of val=4400000
12-14 03:16:01.651     0     0 E FV      : JEITA_VOTER,3 Ignoring similar vote on of val=4400000
12-14 03:16:01.651     0     0 E FCC     : STEP_CHG_VOTER,4 same vote off of val=0
12-14 03:16:01.651     0     0 E FCC     : STEP_CHG_VOTER,4 Ignoring similar vote off of val=0
12-14 03:16:01.653     0     0 I pmi632_charger: smblib_get_prop_usb_online: POWER_PATH_STATUS = 0x95
12-14 03:16:01.653     0     0 I pmi632_charger: smblib_get_prop_batt_health: BATTERY_CHARGER_STATUS_2 = 0x08
12-14 03:16:01.654     0     0 I pmi632_charger: smblib_get_prop_batt_health: BATTERY_CHARGER_STATUS_2 = 0x08
12-14 03:16:01.654     0     0 I pmi632_charger: smblib_get_prop_usb_online: POWER_PATH_STATUS = 0x95
12-14 03:16:01.654     0     0 I pmi632_charger: smblib_get_charge_param: input current limit status = 500000 (0x0a)
12-14 03:16:01.654     0     0 I pmi632_charger: smblib_get_prop_usb_online: POWER_PATH_STATUS = 0x95
12-14 03:16:01.654     0     0 W healthd : battery l=51 v=3891 t=32.0 h=2 st=2 c=18463 fc=3984000 cc=1405 tl=0 ct=USB pluged=1 chg=u
12-14 03:16:01.654     0     0 I         : length 2 addr=48c0
12-14 03:16:01.654     0     0 I val[0]  : 1b
12-14 03:16:01.654     0     0 I val[1]  : 4e
12-14 03:16:01.654     0     0 I addr=4842 mask: 01 val: 01
12-14 03:16:01.654     0     0 I         : length 2 addr=48c6
12-14 03:16:01.654     0     0 I val[0]  : 79
12-14 03:16:01.654     0     0 I addr=4842 mask: 01 val: 00
12-14 03:16:01.695     0     0 I pmi632_charger: smblib_get_charge_param: input current limit status = 500000 (0x0a)
12-14 03:16:01.695     0     0 I pmi632_charger: smblib_get_charge_param: input current limit status = 500000 (0x0a)
12-14 03:16:01.696     0     0 I pmi632_charger: smblib_get_prop_usb_online: POWER_PATH_STATUS = 0x95
12-14 03:16:01.696     0     0 I pmi632_charger: smblib_get_prop_batt_health: BATTERY_CHARGER_STATUS_2 = 0x08
12-14 03:16:01.696     0     0 I pmi632_charger: smblib_get_prop_batt_health: BATTERY_CHARGER_STATUS_2 = 0x08
12-14 03:16:01.696     0     0 I pmi632_charger: smblib_get_prop_usb_online: POWER_PATH_STATUS = 0x95
12-14 03:16:01.696     0     0 I pmi632_charger: smblib_get_charge_param: input current limit status = 500000 (0x0a)
12-14 03:16:01.696     0     0 I pmi632_charger: smblib_get_prop_usb_online: POWER_PATH_STATUS = 0x95
12-14 03:16:01.723  4822  4822 I PowerSaveService: onReceive: android.intent.action.BATTERY_CHANGED
12-14 03:16:01.724 10114 10287 D PowerCheckerService: onBatteryChanged, mBatteryLevel = 51, status = 2, level = 51, plug = 2, scale = 100
12-14 03:16:01.725  2550  2550 D KeyguardUpdateMonitor: received broadcast android.intent.action.BATTERY_CHANGED
12-14 03:16:01.725  2550  2550 D BatteryController: onReceive: Intent = Intent { act=android.intent.action.BATTERY_CHANGED flg=0x60000010 (has extras) } action = android.intent.action.BATTERY_CHANGED
12-14 03:16:01.725  4822  4822 I PowerNoticeUI: handleBatteryChanged oldPlugType 2 mPlugType 2 oldBatteryLevel 51 mBatteryLevel 51 temperature 319
12-14 03:16:01.725  2774  2774 D DeviceStatisticsService: chargerType=2 batteryLevel=51 totalBatteryCapacity=1523200
12-14 03:16:01.725  2774  2774 D DeviceInfoHidlClient: isPowerInfoNeverSent()=true
12-14 03:16:01.725  4822  4822 I ChargerBatteryIntelligenceReceiver: onBatteryChanged temperature：31,plugType:2
12-14 03:16:01.725  4822  4822 I PowerFeatureUtils: getVendorName:qcom
12-14 03:16:01.724     0     0 I pmi632_charger: smblib_get_prop_usb_online: POWER_PATH_STATUS = 0x95
12-14 03:16:01.724     0     0 I pmi632_charger: smblib_get_prop_batt_health: BATTERY_CHARGER_STATUS_2 = 0x08
